Component: Arm Compiler for Embedded 6.19 Tool: armlink [5e73cb00]

==============================================================================

Section Cross References

    system_gd32f30x.o(.text.SystemInit) refers to system_gd32f30x.o(.text.system_clock_config) for system_clock_config
    system_gd32f30x.o(.ARM.exidx.text.SystemInit) refers to system_gd32f30x.o(.text.SystemInit) for [Anonymous Symbol]
    system_gd32f30x.o(.text.system_clock_config) refers to system_gd32f30x.o(.text.system_clock_120m_hxtal) for system_clock_120m_hxtal
    system_gd32f30x.o(.ARM.exidx.text.system_clock_config) refers to system_gd32f30x.o(.text.system_clock_config) for [Anonymous Symbol]
    system_gd32f30x.o(.text.SystemCoreClockUpdate) refers to system_gd32f30x.o(.data.SystemCoreClock) for SystemCoreClock
    system_gd32f30x.o(.ARM.exidx.text.SystemCoreClockUpdate) refers to system_gd32f30x.o(.text.SystemCoreClockUpdate) for [Anonymous Symbol]
    system_gd32f30x.o(.ARM.exidx.text.system_clock_120m_hxtal) refers to system_gd32f30x.o(.text.system_clock_120m_hxtal) for [Anonymous Symbol]
    startup_gd32f30x_hd.o(STACK) refers (Special) to heapauxi.o(.text) for __use_two_region_memory
    startup_gd32f30x_hd.o(HEAP) refers (Special) to heapauxi.o(.text) for __use_two_region_memory
    startup_gd32f30x_hd.o(RESET) refers (Special) to heapauxi.o(.text) for __use_two_region_memory
    startup_gd32f30x_hd.o(RESET) refers to startup_gd32f30x_hd.o(STACK) for __initial_sp
    startup_gd32f30x_hd.o(RESET) refers to startup_gd32f30x_hd.o(.text) for Reset_Handler
    startup_gd32f30x_hd.o(RESET) refers to gd32f30x_it.o(.text.NMI_Handler) for NMI_Handler
    startup_gd32f30x_hd.o(RESET) refers to gd32f30x_it.o(.text.HardFault_Handler) for HardFault_Handler
    startup_gd32f30x_hd.o(RESET) refers to gd32f30x_it.o(.text.MemManage_Handler) for MemManage_Handler
    startup_gd32f30x_hd.o(RESET) refers to gd32f30x_it.o(.text.BusFault_Handler) for BusFault_Handler
    startup_gd32f30x_hd.o(RESET) refers to gd32f30x_it.o(.text.UsageFault_Handler) for UsageFault_Handler
    startup_gd32f30x_hd.o(RESET) refers to gd32f30x_it.o(.text.SVC_Handler) for SVC_Handler
    startup_gd32f30x_hd.o(RESET) refers to gd32f30x_it.o(.text.DebugMon_Handler) for DebugMon_Handler
    startup_gd32f30x_hd.o(RESET) refers to gd32f30x_it.o(.text.PendSV_Handler) for PendSV_Handler
    startup_gd32f30x_hd.o(RESET) refers to gd32f30x_it.o(.text.SysTick_Handler) for SysTick_Handler
    startup_gd32f30x_hd.o(RESET) refers to main.o(.text.CAN0_RX1_IRQHandler) for CAN0_RX1_IRQHandler
    startup_gd32f30x_hd.o(RESET) refers to main.o(.text.TIMER2_IRQHandler) for TIMER2_IRQHandler
    startup_gd32f30x_hd.o(.text) refers (Special) to heapauxi.o(.text) for __use_two_region_memory
    startup_gd32f30x_hd.o(.text) refers to system_gd32f30x.o(.text.SystemInit) for SystemInit
    startup_gd32f30x_hd.o(.text) refers to __main.o(!!!main) for __main
    startup_gd32f30x_hd.o(.text) refers to startup_gd32f30x_hd.o(HEAP) for Heap_Mem
    startup_gd32f30x_hd.o(.text) refers to startup_gd32f30x_hd.o(STACK) for Stack_Mem
    gd32f30x_adc.o(.text.adc_deinit) refers to gd32f30x_rcu.o(.text.rcu_periph_reset_enable) for rcu_periph_reset_enable
    gd32f30x_adc.o(.text.adc_deinit) refers to gd32f30x_rcu.o(.text.rcu_periph_reset_disable) for rcu_periph_reset_disable
    gd32f30x_adc.o(.ARM.exidx.text.adc_deinit) refers to gd32f30x_adc.o(.text.adc_deinit) for [Anonymous Symbol]
    gd32f30x_adc.o(.ARM.exidx.text.adc_enable) refers to gd32f30x_adc.o(.text.adc_enable) for [Anonymous Symbol]
    gd32f30x_adc.o(.ARM.exidx.text.adc_disable) refers to gd32f30x_adc.o(.text.adc_disable) for [Anonymous Symbol]
    gd32f30x_adc.o(.ARM.exidx.text.adc_calibration_enable) refers to gd32f30x_adc.o(.text.adc_calibration_enable) for [Anonymous Symbol]
    gd32f30x_adc.o(.ARM.exidx.text.adc_dma_mode_enable) refers to gd32f30x_adc.o(.text.adc_dma_mode_enable) for [Anonymous Symbol]
    gd32f30x_adc.o(.ARM.exidx.text.adc_dma_mode_disable) refers to gd32f30x_adc.o(.text.adc_dma_mode_disable) for [Anonymous Symbol]
    gd32f30x_adc.o(.ARM.exidx.text.adc_tempsensor_vrefint_enable) refers to gd32f30x_adc.o(.text.adc_tempsensor_vrefint_enable) for [Anonymous Symbol]
    gd32f30x_adc.o(.ARM.exidx.text.adc_tempsensor_vrefint_disable) refers to gd32f30x_adc.o(.text.adc_tempsensor_vrefint_disable) for [Anonymous Symbol]
    gd32f30x_adc.o(.ARM.exidx.text.adc_resolution_config) refers to gd32f30x_adc.o(.text.adc_resolution_config) for [Anonymous Symbol]
    gd32f30x_adc.o(.ARM.exidx.text.adc_discontinuous_mode_config) refers to gd32f30x_adc.o(.text.adc_discontinuous_mode_config) for [Anonymous Symbol]
    gd32f30x_adc.o(.ARM.exidx.text.adc_mode_config) refers to gd32f30x_adc.o(.text.adc_mode_config) for [Anonymous Symbol]
    gd32f30x_adc.o(.ARM.exidx.text.adc_special_function_config) refers to gd32f30x_adc.o(.text.adc_special_function_config) for [Anonymous Symbol]
[...]
    Removing transformfunctions.o(.ARM.exidx.text.arm_split_rifft_q31), (8 bytes).
    Removing transformfunctions.o(.text.arm_split_rfft_q31), (418 bytes).
    Removing transformfunctions.o(.ARM.exidx.text.arm_split_rfft_q31), (8 bytes).
    Removing transformfunctions.o(.text.arm_cfft_radix4_init_f32), (304 bytes).
    Removing transformfunctions.o(.ARM.exidx.text.arm_cfft_radix4_init_f32), (8 bytes).
    Removing transformfunctions.o(.text.arm_cfft_radix4_init_q15), (264 bytes).
    Removing transformfunctions.o(.ARM.exidx.text.arm_cfft_radix4_init_q15), (8 bytes).
    Removing transformfunctions.o(.text.arm_cfft_radix4_init_q31), (264 bytes).
    Removing transformfunctions.o(.ARM.exidx.text.arm_cfft_radix4_init_q31), (8 bytes).
    Removing transformfunctions.o(.text.arm_cfft_radix2_init_f32), (484 bytes).
    Removing transformfunctions.o(.ARM.exidx.text.arm_cfft_radix2_init_f32), (8 bytes).
    Removing transformfunctions.o(.text.arm_cfft_radix2_init_q15), (406 bytes).
    Removing transformfunctions.o(.ARM.exidx.text.arm_cfft_radix2_init_q15), (8 bytes).
    Removing transformfunctions.o(.text.arm_cfft_radix2_init_q31), (406 bytes).
    Removing transformfunctions.o(.ARM.exidx.text.arm_cfft_radix2_init_q31), (8 bytes).
    Removing transformfunctionsf16.o(.text), (0 bytes).
    Removing transformfunctionsf16.o(.text.arm_cfft_f16), (412 bytes).
    Removing transformfunctionsf16.o(.ARM.exidx.text.arm_cfft_f16), (8 bytes).
    Removing transformfunctionsf16.o(.text.arm_radix4_butterfly_f16), (4348 bytes).
    Removing transformfunctionsf16.o(.ARM.exidx.text.arm_radix4_butterfly_f16), (8 bytes).
    Removing transformfunctionsf16.o(.text.arm_cfft_radix4by2_f16), (594 bytes).
    Removing transformfunctionsf16.o(.ARM.exidx.text.arm_cfft_radix4by2_f16), (8 bytes).
    Removing transformfunctionsf16.o(.text.arm_cfft_init_f16), (386 bytes).
    Removing transformfunctionsf16.o(.ARM.exidx.text.arm_cfft_init_f16), (8 bytes).
    Removing transformfunctionsf16.o(.text.arm_cfft_radix2_f16), (96 bytes).
    Removing transformfunctionsf16.o(.ARM.exidx.text.arm_cfft_radix2_f16), (8 bytes).
    Removing transformfunctionsf16.o(.text.arm_radix2_butterfly_inverse_f16), (1634 bytes).
    Removing transformfunctionsf16.o(.ARM.exidx.text.arm_radix2_butterfly_inverse_f16), (8 bytes).
    Removing transformfunctionsf16.o(.text.arm_radix2_butterfly_f16), (1456 bytes).
    Removing transformfunctionsf16.o(.ARM.exidx.text.arm_radix2_butterfly_f16), (8 bytes).
    Removing transformfunctionsf16.o(.text.arm_bitreversal_f16), (490 bytes).
    Removing transformfunctionsf16.o(.ARM.exidx.text.arm_bitreversal_f16), (8 bytes).
    Removing transformfunctionsf16.o(.text.arm_cfft_radix4_f16), (96 bytes).
    Removing transformfunctionsf16.o(.ARM.exidx.text.arm_cfft_radix4_f16), (8 bytes).
    Removing transformfunctionsf16.o(.text.arm_radix4_butterfly_inverse_f16), (4690 bytes).
    Removing transformfunctionsf16.o(.ARM.exidx.text.arm_radix4_butterfly_inverse_f16), (8 bytes).
    Removing transformfunctionsf16.o(.text.arm_rfft_fast_init_f16), (226 bytes).
    Removing transformfunctionsf16.o(.ARM.exidx.text.arm_rfft_fast_init_f16), (8 bytes).
    Removing transformfunctionsf16.o(.text.arm_rfft_4096_fast_init_f16), (88 bytes).
    Removing transformfunctionsf16.o(.ARM.exidx.text.arm_rfft_4096_fast_init_f16), (8 bytes).
    Removing transformfunctionsf16.o(.text.arm_rfft_2048_fast_init_f16), (88 bytes).
    Removing transformfunctionsf16.o(.ARM.exidx.text.arm_rfft_2048_fast_init_f16), (8 bytes).
    Removing transformfunctionsf16.o(.text.arm_rfft_1024_fast_init_f16), (88 bytes).
    Removing transformfunctionsf16.o(.ARM.exidx.text.arm_rfft_1024_fast_init_f16), (8 bytes).
    Removing transformfunctionsf16.o(.text.arm_rfft_512_fast_init_f16), (88 bytes).
    Removing transformfunctionsf16.o(.ARM.exidx.text.arm_rfft_512_fast_init_f16), (8 bytes).
    Removing transformfunctionsf16.o(.text.arm_rfft_256_fast_init_f16), (86 bytes).
    Removing transformfunctionsf16.o(.ARM.exidx.text.arm_rfft_256_fast_init_f16), (8 bytes).
    Removing transformfunctionsf16.o(.text.arm_rfft_128_fast_init_f16), (84 bytes).
    Removing transformfunctionsf16.o(.ARM.exidx.text.arm_rfft_128_fast_init_f16), (8 bytes).
    Removing transformfunctionsf16.o(.text.arm_rfft_64_fast_init_f16), (84 bytes).
    Removing transformfunctionsf16.o(.ARM.exidx.text.arm_rfft_64_fast_init_f16), (8 bytes).
    Removing transformfunctionsf16.o(.text.arm_rfft_32_fast_init_f16), (84 bytes).
    Removing transformfunctionsf16.o(.ARM.exidx.text.arm_rfft_32_fast_init_f16), (8 bytes).
    Removing transformfunctionsf16.o(.text.stage_rfft_f16), (778 bytes).
    Removing transformfunctionsf16.o(.ARM.exidx.text.stage_rfft_f16), (8 bytes).
    Removing transformfunctionsf16.o(.text.merge_rfft_f16), (664 bytes).
    Removing transformfunctionsf16.o(.ARM.exidx.text.merge_rfft_f16), (8 bytes).
    Removing transformfunctionsf16.o(.text.arm_rfft_fast_f16), (82 bytes).
    Removing transformfunctionsf16.o(.ARM.exidx.text.arm_rfft_fast_f16), (8 bytes).
    Removing transformfunctionsf16.o(.text.arm_radix8_butterfly_f16), (6834 bytes).
    Removing transformfunctionsf16.o(.ARM.exidx.text.arm_radix8_butterfly_f16), (8 bytes).
    Removing transformfunctionsf16.o(.text.arm_mfcc_init_f16), (104 bytes).
    Removing transformfunctionsf16.o(.ARM.exidx.text.arm_mfcc_init_f16), (8 bytes).
    Removing transformfunctionsf16.o(.text.arm_mfcc_f16), (308 bytes).
    Removing transformfunctionsf16.o(.ARM.exidx.text.arm_mfcc_f16), (8 bytes).
    Removing transformfunctionsf16.o(.text.arm_cfft_radix2_init_f16), (484 bytes).
    Removing transformfunctionsf16.o(.ARM.exidx.text.arm_cfft_radix2_init_f16), (8 bytes).
    Removing transformfunctionsf16.o(.text.arm_cfft_radix4_init_f16), (304 bytes).
    Removing transformfunctionsf16.o(.ARM.exidx.text.arm_cfft_radix4_init_f16), (8 bytes).
    Removing main.o(.text), (0 bytes).
    Removing main.o(.ARM.exidx.text.main), (8 bytes).
    Removing main.o(.ARM.exidx.text._Z15can_gpio_configv), (8 bytes).
    Removing main.o(.ARM.exidx.text._Z10can_config20can_parameter_struct27can_filter_parameter_struct), (8 bytes).
    Removing main.o(.ARM.exidx.text._Z10Timer_Initv), (8 bytes).
    Removing main.o(.ARM.exidx.text._Z12CAN_TransmitjPh), (8 bytes).
    Removing main.o(.ARM.exidx.text.TIMER2_IRQHandler), (8 bytes).
    Removing main.o(.ARM.exidx.text.CAN0_RX1_IRQHandler), (8 bytes).
    Removing main.o(.ARM.use_no_argv), (4 bytes).
    Removing gd32f30x_it.o(.text), (0 bytes).
    Removing gd32f30x_it.o(.ARM.exidx.text.NMI_Handler), (8 bytes).
    Removing gd32f30x_it.o(.ARM.exidx.text.HardFault_Handler), (8 bytes).
    Removing gd32f30x_it.o(.ARM.exidx.text.MemManage_Handler), (8 bytes).
    Removing gd32f30x_it.o(.ARM.exidx.text.BusFault_Handler), (8 bytes).
    Removing gd32f30x_it.o(.ARM.exidx.text.UsageFault_Handler), (8 bytes).
    Removing gd32f30x_it.o(.ARM.exidx.text.SVC_Handler), (8 bytes).
    Removing gd32f30x_it.o(.ARM.exidx.text.DebugMon_Handler), (8 bytes).
    Removing gd32f30x_it.o(.ARM.exidx.text.PendSV_Handler), (8 bytes).
    Removing gd32f30x_it.o(.ARM.exidx.text.SysTick_Handler), (8 bytes).
    Removing systick.o(.text), (0 bytes).
    Removing systick.o(.text.systick_config), (50 bytes).
    Removing systick.o(.ARM.exidx.text.systick_config), (8 bytes).
    Removing systick.o(.text.SysTick_Config), (82 bytes).
    Removing systick.o(.ARM.exidx.text.SysTick_Config), (8 bytes).
    Removing systick.o(.text.__NVIC_SetPriority), (66 bytes).
    Removing systick.o(.ARM.exidx.text.__NVIC_SetPriority), (8 bytes).
    Removing systick.o(.text.delay_1ms), (38 bytes).
    Removing systick.o(.ARM.exidx.text.delay_1ms), (8 bytes).
    Removing systick.o(.ARM.exidx.text.delay_decrement), (8 bytes).
    Removing delay.o(.text), (0 bytes).
    Removing delay.o(.ARM.exidx.text.qDelay_init), (8 bytes).
    Removing delay.o(.ARM.exidx.text.qDelay_us), (8 bytes).
    Removing delay.o(.ARM.exidx.text.qDelay_ms), (8 bytes).
    Removing iic_software_gd.o(.text), (0 bytes).
    Removing iic_software_gd.o(.text._ZN4cIIC8IIC_InitEjjjj), (50 bytes).
    Removing iic_software_gd.o(.ARM.exidx.text._ZN4cIIC8IIC_InitEjjjj), (8 bytes).
    Removing iic_software_gd.o(.text._ZN4cIIC9IIC_StartEv), (76 bytes).
    Removing iic_software_gd.o(.ARM.exidx.text._ZN4cIIC9IIC_StartEv), (8 bytes).
    Removing iic_software_gd.o(.text._ZN4cIIC8IIC_StopEv), (70 bytes).
    Removing iic_software_gd.o(.ARM.exidx.text._ZN4cIIC8IIC_StopEv), (8 bytes).
    Removing iic_software_gd.o(.text._ZN4cIIC7IIC_ACKEv), (66 bytes).
    Removing iic_software_gd.o(.ARM.exidx.text._ZN4cIIC7IIC_ACKEv), (8 bytes).
    Removing iic_software_gd.o(.text._ZN4cIIC8IIC_NACKEv), (66 bytes).
    Removing iic_software_gd.o(.ARM.exidx.text._ZN4cIIC8IIC_NACKEv), (8 bytes).
    Removing iic_software_gd.o(.text._ZN4cIIC12IIC_Wait_ACKEv), (106 bytes).
    Removing iic_software_gd.o(.ARM.exidx.text._ZN4cIIC12IIC_Wait_ACKEv), (8 bytes).
    Removing iic_software_gd.o(.text._ZN4cIIC15IIC_SendOneByteEh), (130 bytes).
    Removing iic_software_gd.o(.ARM.exidx.text._ZN4cIIC15IIC_SendOneByteEh), (8 bytes).
    Removing iic_software_gd.o(.text._ZN4cIIC15IIC_ReadOneByteEv), (138 bytes).
    Removing iic_software_gd.o(.ARM.exidx.text._ZN4cIIC15IIC_ReadOneByteEv), (8 bytes).
    Removing spi_gd.o(.text), (0 bytes).
    Removing spi_gd.o(.text._ZN4cSPI19SPI_ExchangeOneByteEh), (158 bytes).
    Removing spi_gd.o(.ARM.exidx.text._ZN4cSPI19SPI_ExchangeOneByteEh), (8 bytes).
    Removing spi_gd.o(.text._ZN4cSPI12Transmit_DMAEPht), (100 bytes).
    Removing spi_gd.o(.ARM.exidx.text._ZN4cSPI12Transmit_DMAEPht), (8 bytes).
    Removing spi_gd.o(.text._ZN4cSPI6IRQ_TxEv), (70 bytes).
    Removing spi_gd.o(.ARM.exidx.text._ZN4cSPI6IRQ_TxEv), (8 bytes).
    Removing spi_gd.o(.text._ZN4cSPI11Receive_DMAEPht), (100 bytes).
    Removing spi_gd.o(.ARM.exidx.text._ZN4cSPI11Receive_DMAEPht), (8 bytes).
    Removing spi_gd.o(.text._ZN4cSPI6IRQ_RxEv), (70 bytes).
    Removing spi_gd.o(.ARM.exidx.text._ZN4cSPI6IRQ_RxEv), (8 bytes).
    Removing uart_gd.o(.text), (0 bytes).
    Removing uart_gd.o(.text._ZN5cUART8TransmitEPhtj), (208 bytes).
    Removing uart_gd.o(.ARM.exidx.text._ZN5cUART8TransmitEPhtj), (8 bytes).
    Removing uart_gd.o(.text._ZN5cUART7RecieveEPhtj), (164 bytes).
    Removing uart_gd.o(.ARM.exidx.text._ZN5cUART7RecieveEPhtj), (8 bytes).
    Removing uart_gd.o(.text._ZN5cUART12Transmit_DMAEPht), (102 bytes).
    Removing uart_gd.o(.ARM.exidx.text._ZN5cUART12Transmit_DMAEPht), (8 bytes).
    Removing uart_gd.o(.text._ZN5cUART11Recieve_DMAEPht), (210 bytes).
    Removing uart_gd.o(.ARM.exidx.text._ZN5cUART11Recieve_DMAEPht), (8 bytes).
    Removing data_exchange.o(.text), (0 bytes).
    Removing data_exchange.o(.ARM.exidx.text.Float_To_U8), (8 bytes).
    Removing data_exchange.o(.ARM.exidx.text.U8_To_Float), (8 bytes).
    Removing data_exchange.o(.ARM.exidx.text.Float_To_U16), (8 bytes).
    Removing data_exchange.o(.ARM.exidx.text.U16_To_Float), (8 bytes).
    Removing data_exchange.o(.ARM.exidx.text.Float_To_U32), (8 bytes).
    Removing data_exchange.o(.ARM.exidx.text.U32_To_Float), (8 bytes).
    Removing qcs_lite.o(.text), (0 bytes).
    Removing qcs_lite.o(.text.QCS_Rotate), (154 bytes).
    Removing qcs_lite.o(.ARM.exidx.text.QCS_Rotate), (8 bytes).
    Removing qcs_lite.o(.text.QCS_Rotate_Pure), (174 bytes).
    Removing qcs_lite.o(.ARM.exidx.text.QCS_Rotate_Pure), (8 bytes).
    Removing qcs_lite.o(.ARM.exidx.text.QCS_GetRollAngel), (8 bytes).
    Removing qcs_lite.o(.ARM.exidx.text.QCS_GetYawAngel), (8 bytes).
    Removing qcs_lite.o(.ARM.exidx.text.QCS_GetPitchAngel), (8 bytes).
    Removing qcs_lite.o(.text.QCS_GetErrorQ), (40 bytes).
    Removing qcs_lite.o(.ARM.exidx.text.QCS_GetErrorQ), (8 bytes).
    Removing qcs_lite.o(.text.QCS_CorrectAHRSq), (60 bytes).
    Removing qcs_lite.o(.ARM.exidx.text.QCS_CorrectAHRSq), (8 bytes).
    Removing qcs_lite.o(.text.QCS_init_data), (24 bytes).
    Removing qcs_lite.o(.ARM.exidx.text.QCS_init_data), (8 bytes).
    Removing qcs_lite.o(.ARM.exidx.text.QCS_Show_Degree), (8 bytes).
    Removing qcs_lite.o(.data.QCS_IMU_Q), (16 bytes).
    Removing qcs_lite.o(.rodata.cst16), (16 bytes).
    Removing iic_software_gd.o(.text._ZN4cIIC5SCL_1Ev), (16 bytes).
    Removing iic_software_gd.o(.ARM.exidx.text._ZN4cIIC5SCL_1Ev), (8 bytes).
    Removing iic_software_gd.o(.text._ZN4cIIC5SDA_1Ev), (16 bytes).
    Removing iic_software_gd.o(.ARM.exidx.text._ZN4cIIC5SDA_1Ev), (8 bytes).
    Removing iic_software_gd.o(.text._ZN4cIIC5SCL_0Ev), (16 bytes).
    Removing iic_software_gd.o(.ARM.exidx.text._ZN4cIIC5SCL_0Ev), (8 bytes).
    Removing iic_software_gd.o(.text._ZN4cIIC5DelayEt), (22 bytes).
    Removing iic_software_gd.o(.ARM.exidx.text._ZN4cIIC5DelayEt), (8 bytes).
    Removing iic_software_gd.o(.text._ZN4cIIC5SDA_0Ev), (16 bytes).
    Removing iic_software_gd.o(.ARM.exidx.text._ZN4cIIC5SDA_0Ev), (8 bytes).
    Removing iic_software_gd.o(.text._ZN4cIIC8SDA_ReadEv), (24 bytes).
    Removing iic_software_gd.o(.ARM.exidx.text._ZN4cIIC8SDA_ReadEv), (8 bytes).

2884 unused section(s) (total 1237544 bytes) removed from the image.

==============================================================================

Image Symbol Table

    Local Symbols

    Symbol Name                              Value     Ov Type        Size  Object(Section)

    ../CMSIS/startup_gd32f30x_hd.s           0x00000000   Number         0  startup_gd32f30x_hd.o ABSOLUTE
    ../clib/angel/boardlib.s                 0x00000000   Number         0  boardinit1.o ABSOLUTE
    ../clib/angel/boardlib.s                 0x00000000   Number         0  boardinit2.o ABSOLUTE
    ../clib/angel/boardlib.s                 0x00000000   Number         0  boardinit3.o ABSOLUTE
    ../clib/angel/boardlib.s                 0x00000000   Number         0  boardshut.o ABSOLUTE
    ../clib/angel/handlers.s                 0x00000000   Number         0  __scatter_copy.o ABSOLUTE
    ../clib/angel/handlers.s                 0x00000000   Number         0  __scatter_zi.o ABSOLUTE
    ../clib/angel/kernel.s                   0x00000000   Number         0  __rtentry.o ABSOLUTE
    ../clib/angel/kernel.s                   0x00000000   Number         0  __rtentry2.o ABSOLUTE
    ../clib/angel/kernel.s                   0x00000000   Number         0  __rtentry4.o ABSOLUTE
    ../clib/angel/kernel.s                   0x00000000   Number         0  rtexit.o ABSOLUTE
    ../clib/angel/kernel.s                   0x00000000   Number         0  rtexit2.o ABSOLUTE
    ../clib/angel/rt.s                       0x00000000   Number         0  aeabi_ldiv0.o ABSOLUTE
    ../clib/angel/rt.s                       0x00000000   Number         0  aeabi_ldiv0_sigfpe.o ABSOLUTE
    ../clib/angel/rt.s                       0x00000000   Number         0  rt_div0.o ABSOLUTE
    ../clib/angel/rt.s                       0x00000000   Number         0  rt_errno_addr.o ABSOLUTE
    ../clib/angel/rt.s                       0x00000000   Number         0  rt_errno_addr_intlibspace.o ABSOLUTE
    ../clib/angel/rt.s                       0x00000000   Number         0  rt_raise.o ABSOLUTE
    ../clib/angel/scatter.s                  0x00000000   Number         0  __scatter.o ABSOLUTE
    ../clib/angel/startup.s                  0x00000000   Number         0  __main.o ABSOLUTE
    ../clib/angel/sys.s                      0x00000000   Number         0  libspace.o ABSOLUTE
    ../clib/angel/sys.s                      0x00000000   Number         0  sys_stackheap_outer.o ABSOLUTE
    ../clib/angel/sys.s                      0x00000000   Number         0  use_no_semi.o ABSOLUTE
    ../clib/angel/sys.s                      0x00000000   Number         0  indicate_semi.o ABSOLUTE
    ../clib/angel/sysapp.c                   0x00000000   Number         0  sys_exit.o ABSOLUTE
    ../clib/angel/sysapp.c                   0x00000000   Number         0  sys_exit_hlt.o ABSOLUTE
    ../clib/angel/sysapp.c                   0x00000000   Number         0  sys_wrch.o ABSOLUTE
    ../clib/angel/sysapp.c                   0x00000000   Number         0  sys_wrch_hlt.o ABSOLUTE
    ../clib/angel/sysapp.c                   0x00000000   Number         0  sys_command.o ABSOLUTE
    ../clib/angel/sysapp.c                   0x00000000   Number         0  sys_command_hlt.o ABSOLUTE
    ../clib/armsys.c                         0x00000000   Number         0  argv_veneer.o ABSOLUTE
    ../clib/armsys.c                         0x00000000   Number         0  argv_veneer.o ABSOLUTE
    ../clib/armsys.c                         0x00000000   Number         0  _get_argv_nomalloc.o ABSOLUTE
    ../clib/armsys.c                         0x00000000   Number         0  no_argv.o ABSOLUTE
    ../clib/fenv.c                           0x00000000   Number         0  _rserrno.o ABSOLUTE
    ../clib/heapalloc.c                      0x00000000   Number         0  hrguard.o ABSOLUTE
    ../clib/heapaux.c                        0x00000000   Number         0  heapauxi.o ABSOLUTE
    ../clib/libinit.s                        0x00000000   Number         0  libinit.o ABSOLUTE
    ../clib/libinit.s                        0x00000000   Number         0  libinit2.o ABSOLUTE
    ../clib/libinit.s                        0x00000000   Number         0  libshutdown.o ABSOLUTE
    ../clib/libinit.s                        0x00000000   Number         0  libshutdown2.o ABSOLUTE
    ../clib/longlong.s                       0x00000000   Number         0  lludivv7m.o ABSOLUTE
    ../clib/longlong.s                       0x00000000   Number         0  llsdiv.o ABSOLUTE
    ../clib/memcpset.s                       0x00000000   Number         0  rt_memcpy_v6.o ABSOLUTE
    ../clib/memcpset.s                       0x00000000   Number         0  rt_memcpy_w.o ABSOLUTE
    ../clib/memcpset.s                       0x00000000   Number         0  rt_memclr.o ABSOLUTE
    ../clib/memcpset.s                       0x00000000   Number         0  rt_memclr_w.o ABSOLUTE
    ../clib/signal.c                         0x00000000   Number         0  defsig_fpe_outer.o ABSOLUTE
    ../clib/signal.c                         0x00000000   Number         0  defsig_fpe_formal.o ABSOLUTE
    ../clib/signal.c                         0x00000000   Number         0  defsig_exit.o ABSOLUTE
    ../clib/signal.c                         0x00000000   Number         0  defsig_fpe_inner.o ABSOLUTE
    ../clib/signal.c                         0x00000000   Number         0  __raise.o ABSOLUTE
    ../clib/signal.c                         0x00000000   Number         0  defsig_general.o ABSOLUTE
    ../clib/signal.c                         0x00000000   Number         0  defsig_abrt_inner.o ABSOLUTE
    ../clib/signal.c                         0x00000000   Number         0  defsig_rtred_inner.o ABSOLUTE
    ../clib/signal.c                         0x00000000   Number         0  defsig_rtmem_inner.o ABSOLUTE
    ../clib/signal.c                         0x00000000   Number         0  defsig_rtmem_outer.o ABSOLUTE
    ../clib/signal.c                         0x00000000   Number         0  defsig_rtmem_formal.o ABSOLUTE
    ../clib/signal.c                         0x00000000   Number         0  defsig_stak_inner.o ABSOLUTE
    ../clib/signal.c                         0x00000000   Number         0  defsig_pvfn_inner.o ABSOLUTE
    ../clib/signal.c                         0x00000000   Number         0  defsig_cppl_inner.o ABSOLUTE
    ../clib/signal.c                         0x00000000   Number         0  defsig_segv_inner.o ABSOLUTE
    ../clib/signal.c                         0x00000000   Number         0  defsig_other.o ABSOLUTE
    ../clib/signal.s                         0x00000000   Number         0  defsig.o ABSOLUTE
    ../clib/stdlib.c                         0x00000000   Number         0  exit.o ABSOLUTE
    ../fplib/basic.s                         0x00000000   Number         0  basic.o ABSOLUTE
    ../fplib/cfplib/d2h.c                    0x00000000   Number         0  d2h.o ABSOLUTE
    ../fplib/d2f.s                           0x00000000   Number         0  d2f.o ABSOLUTE
    ../fplib/daddsub.s                       0x00000000   Number         0  daddsub_clz.o ABSOLUTE
    ../fplib/dcmp.s                          0x00000000   Number         0  dcmp.o ABSOLUTE
    ../fplib/dcmpi.s                         0x00000000   Number         0  dcmpi.o ABSOLUTE
    ../fplib/ddiv.s                          0x00000000   Number         0  ddiv.o ABSOLUTE
    ../fplib/deqf.s                          0x00000000   Number         0  deqf.o ABSOLUTE
    ../fplib/dfix.s                          0x00000000   Number         0  dfix.o ABSOLUTE
    ../fplib/dfixll.s                        0x00000000   Number         0  dfixll.o ABSOLUTE
    ../fplib/dflt.s                          0x00000000   Number         0  dflt_clz.o ABSOLUTE
    ../fplib/dgeqf.s                         0x00000000   Number         0  dgeqf.o ABSOLUTE
    ../fplib/dleqf.s                         0x00000000   Number         0  dleqf.o ABSOLUTE
    ../fplib/dmul.s                          0x00000000   Number         0  dmul.o ABSOLUTE
    ../fplib/dnaninf.s                       0x00000000   Number         0  dnaninf.o ABSOLUTE
    ../fplib/dretinf.s                       0x00000000   Number         0  dretinf.o ABSOLUTE
    ../fplib/drleqf.s                        0x00000000   Number         0  drleqf.o ABSOLUTE
    ../fplib/dsqrt.s                         0x00000000   Number         0  dsqrt_umaal.o ABSOLUTE
    ../fplib/f2d.s                           0x00000000   Number         0  f2d.o ABSOLUTE
    ../fplib/ffixll.s                        0x00000000   Number         0  ffixll.o ABSOLUTE
    ../fplib/fnaninf.s                       0x00000000   Number         0  fnaninf.o ABSOLUTE
    ../fplib/fpinit.s                        0x00000000   Number         0  fpinit.o ABSOLUTE
    ../fplib/fretinf.s                       0x00000000   Number         0  fretinf.o ABSOLUTE
    ../fplib/istatus.s                       0x00000000   Number         0  istatus.o ABSOLUTE
    ../fplib/usenofp.s                       0x00000000   Number         0  usenofp.o ABSOLUTE
    ../mathlib/asinf.c                       0x00000000   Number         0  asinf.o ABSOLUTE
    ../mathlib/atan2f.c                      0x00000000   Number         0  atan2f.o ABSOLUTE
    ../mathlib/dunder.c                      0x00000000   Number         0  dunder.o ABSOLUTE
    ../mathlib/exp.c                         0x00000000   Number         0  exp.o ABSOLUTE
    ../mathlib/expf.c                        0x00000000   Number         0  expf.o ABSOLUTE
    ../mathlib/floor.c                       0x00000000   Number         0  floor.o ABSOLUTE
    ../mathlib/fpclassify.c                  0x00000000   Number         0  fpclassify.o ABSOLUTE
    ../mathlib/fpclassifyf.c                 0x00000000   Number         0  fpclassifyf.o ABSOLUTE
    ../mathlib/funder.c                      0x00000000   Number         0  funder.o ABSOLUTE
    ../mathlib/log.c                         0x00000000   Number         0  log.o ABSOLUTE
    ../mathlib/logf.c                        0x00000000   Number         0  logf.o ABSOLUTE
    ../mathlib/poly.c                        0x00000000   Number         0  poly.o ABSOLUTE
    ../mathlib/powf.c                        0x00000000   Number         0  powf.o ABSOLUTE
    ../mathlib/qnan.c                        0x00000000   Number         0  qnan.o ABSOLUTE
    ../mathlib/sqrt.c                        0x00000000   Number         0  sqrt.o ABSOLUTE
    ../mathlib/sqrtf.c                       0x00000000   Number         0  sqrtf.o ABSOLUTE
    ../mathlib/tanhf.c                       0x00000000   Number         0  tanhf.o ABSOLUTE
    BasicMathFunctions.c                     0x00000000   Number         0  basicmathfunctions.o ABSOLUTE
    BasicMathFunctionsF16.c                  0x00000000   Number         0  basicmathfunctionsf16.o ABSOLUTE
    BayesFunctions.c                         0x00000000   Number         0  bayesfunctions.o ABSOLUTE
    BayesFunctionsF16.c                      0x00000000   Number         0  bayesfunctionsf16.o ABSOLUTE
    CommonTables.c                           0x00000000   Number         0  commontables.o ABSOLUTE
    CommonTablesF16.c                        0x00000000   Number         0  commontablesf16.o ABSOLUTE
    ComplexMathFunctions.c                   0x00000000   Number         0  complexmathfunctions.o ABSOLUTE
    ComplexMathFunctionsF16.c                0x00000000   Number         0  complexmathfunctionsf16.o ABSOLUTE
    ControllerFunctions.c                    0x00000000   Number         0  controllerfunctions.o ABSOLUTE
    Data_Exchange.c                          0x00000000   Number         0  data_exchange.o ABSOLUTE
    Delay.c                                  0x00000000   Number         0  delay.o ABSOLUTE
    DistanceFunctions.c                      0x00000000   Number         0  distancefunctions.o ABSOLUTE
    DistanceFunctionsF16.c                   0x00000000   Number         0  distancefunctionsf16.o ABSOLUTE
    FastMathFunctions.c                      0x00000000   Number         0  fastmathfunctions.o ABSOLUTE
    FastMathFunctionsF16.c                   0x00000000   Number         0  fastmathfunctionsf16.o ABSOLUTE
    FilteringFunctions.c                     0x00000000   Number         0  filteringfunctions.o ABSOLUTE
    FilteringFunctionsF16.c                  0x00000000   Number         0  filteringfunctionsf16.o ABSOLUTE
    IIC_Software_GD.cpp                      0x00000000   Number         0  iic_software_gd.o ABSOLUTE
    InterpolationFunctions.c                 0x00000000   Number         0  interpolationfunctions.o ABSOLUTE
    InterpolationFunctionsF16.c              0x00000000   Number         0  interpolationfunctionsf16.o ABSOLUTE
    MatrixFunctions.c                        0x00000000   Number         0  matrixfunctions.o ABSOLUTE
    MatrixFunctionsF16.c                     0x00000000   Number         0  matrixfunctionsf16.o ABSOLUTE
    QCS_Lite.c                               0x00000000   Number         0  qcs_lite.o ABSOLUTE
    QuaternionMathFunctions.c                0x00000000   Number         0  quaternionmathfunctions.o ABSOLUTE
    SPI_GD.cpp                               0x00000000   Number         0  spi_gd.o ABSOLUTE
    SVMFunctions.c                           0x00000000   Number         0  svmfunctions.o ABSOLUTE
    SVMFunctionsF16.c                        0x00000000   Number         0  svmfunctionsf16.o ABSOLUTE
    StatisticsFunctions.c                    0x00000000   Number         0  statisticsfunctions.o ABSOLUTE
    StatisticsFunctionsF16.c                 0x00000000   Number         0  statisticsfunctionsf16.o ABSOLUTE
    SupportFunctions.c                       0x00000000   Number         0  supportfunctions.o ABSOLUTE
    SupportFunctionsF16.c                    0x00000000   Number         0  supportfunctionsf16.o ABSOLUTE
    TransformFunctions.c                     0x00000000   Number         0  transformfunctions.o ABSOLUTE
    TransformFunctionsF16.c                  0x00000000   Number         0  transformfunctionsf16.o ABSOLUTE
    UART_GD.cpp                              0x00000000   Number         0  uart_gd.o ABSOLUTE
    dc.s                                     0x00000000   Number         0  dc.o ABSOLUTE
    gd32f30x_adc.c                           0x00000000   Number         0  gd32f30x_adc.o ABSOLUTE
    gd32f30x_bkp.c                           0x00000000   Number         0  gd32f30x_bkp.o ABSOLUTE
    gd32f30x_can.c                           0x00000000   Number         0  gd32f30x_can.o ABSOLUTE
    gd32f30x_crc.c                           0x00000000   Number         0  gd32f30x_crc.o ABSOLUTE
    gd32f30x_ctc.c                           0x00000000   Number         0  gd32f30x_ctc.o ABSOLUTE
    gd32f30x_dac.c                           0x00000000   Number         0  gd32f30x_dac.o ABSOLUTE
    gd32f30x_dbg.c                           0x00000000   Number         0  gd32f30x_dbg.o ABSOLUTE
    gd32f30x_dma.c                           0x00000000   Number         0  gd32f30x_dma.o ABSOLUTE
    gd32f30x_enet.c                          0x00000000   Number         0  gd32f30x_enet.o ABSOLUTE
    gd32f30x_exmc.c                          0x00000000   Number         0  gd32f30x_exmc.o ABSOLUTE
    gd32f30x_exti.c                          0x00000000   Number         0  gd32f30x_exti.o ABSOLUTE
    gd32f30x_fmc.c                           0x00000000   Number         0  gd32f30x_fmc.o ABSOLUTE
    gd32f30x_fwdgt.c                         0x00000000   Number         0  gd32f30x_fwdgt.o ABSOLUTE
    gd32f30x_gpio.c                          0x00000000   Number         0  gd32f30x_gpio.o ABSOLUTE
    gd32f30x_i2c.c                           0x00000000   Number         0  gd32f30x_i2c.o ABSOLUTE
    gd32f30x_it.c                            0x00000000   Number         0  gd32f30x_it.o ABSOLUTE
    gd32f30x_misc.c                          0x00000000   Number         0  gd32f30x_misc.o ABSOLUTE
    gd32f30x_pmu.c                           0x00000000   Number         0  gd32f30x_pmu.o ABSOLUTE
    gd32f30x_rcu.c                           0x00000000   Number         0  gd32f30x_rcu.o ABSOLUTE
    gd32f30x_rtc.c                           0x00000000   Number         0  gd32f30x_rtc.o ABSOLUTE
    gd32f30x_sdio.c                          0x00000000   Number         0  gd32f30x_sdio.o ABSOLUTE
    gd32f30x_spi.c                           0x00000000   Number         0  gd32f30x_spi.o ABSOLUTE
    gd32f30x_timer.c                         0x00000000   Number         0  gd32f30x_timer.o ABSOLUTE
    gd32f30x_usart.c                         0x00000000   Number         0  gd32f30x_usart.o ABSOLUTE
    gd32f30x_wwdgt.c                         0x00000000   Number         0  gd32f30x_wwdgt.o ABSOLUTE
    main.cpp                                 0x00000000   Number         0  main.o ABSOLUTE
    system_gd32f30x.c                        0x00000000   Number         0  system_gd32f30x.o ABSOLUTE
    systick.c                                0x00000000   Number         0  systick.o ABSOLUTE
    RESET                                    0x08000000   Section      304  startup_gd32f30x_hd.o(RESET)
    !!!main                                  0x08000130   Section        8  __main.o(!!!main)
    !!!scatter                               0x08000138   Section       52  __scatter.o(!!!scatter)
    !!handler_copy                           0x0800016c   Section       26  __scatter_copy.o(!!handler_copy)
    !!handler_zi                             0x08000188   Section       28  __scatter_zi.o(!!handler_zi)
    .ARM.Collect$$libinit$$00000000          0x080001a4   Section        2  libinit.o(.ARM.Collect$$libinit$$00000000)
    .ARM.Collect$$libinit$$00000001          0x080001a6   Section        4  libinit2.o(.ARM.Collect$$libinit$$00000001)
    .ARM.Collect$$libinit$$00000004          0x080001aa   Section        0  libinit2.o(.ARM.Collect$$libinit$$00000004)
    .ARM.Collect$$libinit$$00000006          0x080001aa   Section        0  libinit2.o(.ARM.Collect$$libinit$$00000006)
    .ARM.Collect$$libinit$$0000000C          0x080001aa   Section        0  libinit2.o(.ARM.Collect$$libinit$$0000000C)
    .ARM.Collect$$libinit$$0000000E          0x080001aa   Section        0  libinit2.o(.ARM.Collect$$libinit$$0000000E)
    .ARM.Collect$$libinit$$00000010          0x080001aa   Section        0  libinit2.o(.ARM.Collect$$libinit$$00000010)
    .ARM.Collect$$libinit$$00000013          0x080001aa   Section        0  libinit2.o(.ARM.Collect$$libinit$$00000013)
    .ARM.Collect$$libinit$$00000015          0x080001aa   Section        0  libinit2.o(.ARM.Collect$$libinit$$00000015)
    .ARM.Collect$$libinit$$00000017          0x080001aa   Section        0  libinit2.o(.ARM.Collect$$libinit$$00000017)
    .ARM.Collect$$libinit$$00000019          0x080001aa   Section        0  libinit2.o(.ARM.Collect$$libinit$$00000019)
    .ARM.Collect$$libinit$$0000001B          0x080001aa   Section        0  libinit2.o(.ARM.Collect$$libinit$$0000001B)
    .ARM.Collect$$libinit$$0000001D          0x080001aa   Section        0  libinit2.o(.ARM.Collect$$libinit$$0000001D)
    .ARM.Collect$$libinit$$0000001F          0x080001aa   Section        0  libinit2.o(.ARM.Collect$$libinit$$0000001F)
    .ARM.Collect$$libinit$$00000021          0x080001aa   Section        0  libinit2.o(.ARM.Collect$$libinit$$00000021)
    .ARM.Collect$$libinit$$00000023          0x080001aa   Section        0  libinit2.o(.ARM.Collect$$libinit$$00000023)
    .ARM.Collect$$libinit$$00000025          0x080001aa   Section        0  libinit2.o(.ARM.Collect$$libinit$$00000025)
    .ARM.Collect$$libinit$$00000027          0x080001aa   Section        0  libinit2.o(.ARM.Collect$$libinit$$00000027)
    .ARM.Collect$$libinit$$0000002E          0x080001aa   Section        0  libinit2.o(.ARM.Collect$$libinit$$0000002E)
    .ARM.Collect$$libinit$$00000030          0x080001aa   Section        0  libinit2.o(.ARM.Collect$$libinit$$00000030)
    .ARM.Collect$$libinit$$00000032          0x080001aa   Section        0  libinit2.o(.ARM.Collect$$libinit$$00000032)
    .ARM.Collect$$libinit$$00000034          0x080001aa   Section        0  libinit2.o(.ARM.Collect$$libinit$$00000034)
    .ARM.Collect$$libinit$$00000035          0x080001aa   Section        2  libinit2.o(.ARM.Collect$$libinit$$00000035)
    .ARM.Collect$$libshutdown$$00000000      0x080001ac   Section        2  libshutdown.o(.ARM.Collect$$libshutdown$$00000000)
    .ARM.Collect$$libshutdown$$00000002      0x080001ae   Section        0  libshutdown2.o(.ARM.Collect$$libshutdown$$00000002)
    .ARM.Collect$$libshutdown$$00000004      0x080001ae   Section        0  libshutdown2.o(.ARM.Collect$$libshutdown$$00000004)
    .ARM.Collect$$libshutdown$$00000007      0x080001ae   Section        0  libshutdown2.o(.ARM.Collect$$libshutdown$$00000007)
    .ARM.Collect$$libshutdown$$0000000A      0x080001ae   Section        0  libshutdown2.o(.ARM.Collect$$libshutdown$$0000000A)
    .ARM.Collect$$libshutdown$$0000000C      0x080001ae   Section        0  libshutdown2.o(.ARM.Collect$$libshutdown$$0000000C)
    .ARM.Collect$$libshutdown$$0000000F      0x080001ae   Section        0  libshutdown2.o(.ARM.Collect$$libshutdown$$0000000F)
    .ARM.Collect$$libshutdown$$00000010      0x080001ae   Section        2  libshutdown2.o(.ARM.Collect$$libshutdown$$00000010)
    .ARM.Collect$$rtentry$$00000000          0x080001b0   Section        0  __rtentry.o(.ARM.Collect$$rtentry$$00000000)
    .ARM.Collect$$rtentry$$00000002          0x080001b0   Section        0  __rtentry2.o(.ARM.Collect$$rtentry$$00000002)
    .ARM.Collect$$rtentry$$00000004          0x080001b0   Section        6  __rtentry4.o(.ARM.Collect$$rtentry$$00000004)
    .ARM.Collect$$rtentry$$00000009          0x080001b6   Section        0  __rtentry2.o(.ARM.Collect$$rtentry$$00000009)
    .ARM.Collect$$rtentry$$0000000A          0x080001b6   Section        4  __rtentry2.o(.ARM.Collect$$rtentry$$0000000A)
    .ARM.Collect$$rtentry$$0000000C          0x080001ba   Section        0  __rtentry2.o(.ARM.Collect$$rtentry$$0000000C)
    .ARM.Collect$$rtentry$$0000000D          0x080001ba   Section        8  __rtentry2.o(.ARM.Collect$$rtentry$$0000000D)
    .ARM.Collect$$rtexit$$00000000           0x080001c2   Section        2  rtexit.o(.ARM.Collect$$rtexit$$00000000)
    .ARM.Collect$$rtexit$$00000002           0x080001c4   Section        0  rtexit2.o(.ARM.Collect$$rtexit$$00000002)
    .ARM.Collect$$rtexit$$00000003           0x080001c4   Section        4  rtexit2.o(.ARM.Collect$$rtexit$$00000003)
    .ARM.Collect$$rtexit$$00000004           0x080001c8   Section        6  rtexit2.o(.ARM.Collect$$rtexit$$00000004)
    $v0                                      0x080001d0   Number         0  startup_gd32f30x_hd.o(.text)
    .text                                    0x080001d0   Section       64  startup_gd32f30x_hd.o(.text)
    .text                                    0x08000210   Section      138  rt_memcpy_v6.o(.text)
    .text                                    0x0800029a   Section      100  rt_memcpy_w.o(.text)
    .text                                    0x080002fe   Section        0  heapauxi.o(.text)
    .text                                    0x08000304   Section        0  _rserrno.o(.text)
    .text                                    0x0800031c   Section        8  rt_errno_addr_intlibspace.o(.text)
    .text                                    0x08000324   Section        8  libspace.o(.text)
    .text                                    0x0800032c   Section       74  sys_stackheap_outer.o(.text)
    .text                                    0x08000376   Section        0  exit.o(.text)
    .text                                    0x08000388   Section        0  sys_exit.o(.text)
    .text                                    0x08000394   Section        2  use_no_semi.o(.text)
    .text                                    0x08000396   Section        0  indicate_semi.o(.text)
    [Anonymous Symbol]                       0x08000398   Section        0  gd32f30x_it.o(.text.BusFault_Handler)
    [Anonymous Symbol]                       0x0800039c   Section        0  main.o(.text.CAN0_RX1_IRQHandler)
    [Anonymous Symbol]                       0x08000434   Section        0  gd32f30x_it.o(.text.DebugMon_Handler)
    [Anonymous Symbol]                       0x08000438   Section        0  data_exchange.o(.text.Float_To_U16)
    [Anonymous Symbol]                       0x080004dc   Section        0  data_exchange.o(.text.Float_To_U32)
    [Anonymous Symbol]                       0x08000524   Section        0  data_exchange.o(.text.Float_To_U8)
    [Anonymous Symbol]                       0x080005a8   Section        0  gd32f30x_it.o(.text.HardFault_Handler)
    [Anonymous Symbol]                       0x080005ac   Section        0  gd32f30x_it.o(.text.MemManage_Handler)
    [Anonymous Symbol]                       0x080005b0   Section        0  gd32f30x_it.o(.text.NMI_Handler)
    [Anonymous Symbol]                       0x080005b4   Section        0  gd32f30x_it.o(.text.PendSV_Handler)
    [Anonymous Symbol]                       0x080005b8   Section        0  qcs_lite.o(.text.QCS_GetPitchAngel)
    [Anonymous Symbol]                       0x08000614   Section        0  qcs_lite.o(.text.QCS_GetRollAngel)
    [Anonymous Symbol]                       0x080006bc   Section        0  qcs_lite.o(.text.QCS_GetYawAngel)
    [Anonymous Symbol]                       0x08000764   Section        0  qcs_lite.o(.text.QCS_Show_Degree)
    [Anonymous Symbol]                       0x080007c0   Section        0  gd32f30x_it.o(.text.SVC_Handler)
    [Anonymous Symbol]                       0x080007c4   Section        0  gd32f30x_it.o(.text.SysTick_Handler)
    [Anonymous Symbol]                       0x080007cc   Section        0  system_gd32f30x.o(.text.SystemInit)
    [Anonymous Symbol]                       0x080008ac   Section        0  main.o(.text.TIMER2_IRQHandler)
    [Anonymous Symbol]                       0x08000984   Section        0  data_exchange.o(.text.U16_To_Float)
    [Anonymous Symbol]                       0x08000a20   Section        0  data_exchange.o(.text.U32_To_Float)
    [Anonymous Symbol]                       0x08000a68   Section        0  data_exchange.o(.text.U8_To_Float)
    [Anonymous Symbol]                       0x08000aec   Section        0  gd32f30x_it.o(.text.UsageFault_Handler)
    [Anonymous Symbol]                       0x08000af0   Section        0  main.o(.text._Z10Timer_Initv)
    [Anonymous Symbol]                       0x08000b50   Section        0  main.o(.text._Z10can_config20can_parameter_struct27can_filter_parameter_struct)
    [Anonymous Symbol]                       0x08000c2c   Section        0  main.o(.text._Z12CAN_TransmitjPh)
    [Anonymous Symbol]                       0x08000c9c   Section        0  main.o(.text._Z15can_gpio_configv)
    [Anonymous Symbol]                       0x08000ce4   Section        0  basicmathfunctions.o(.text.arm_add_f32)
    [Anonymous Symbol]                       0x08000d28   Section        0  basicmathfunctions.o(.text.arm_mult_f32)
    [Anonymous Symbol]                       0x08000d6c   Section        0  basicmathfunctions.o(.text.arm_sub_f32)
    [Anonymous Symbol]                       0x08000db0   Section        0  gd32f30x_can.o(.text.can_deinit)
    [Anonymous Symbol]                       0x08000ddc   Section        0  gd32f30x_can.o(.text.can_filter_init)
    [Anonymous Symbol]                       0x08000f2c   Section        0  gd32f30x_can.o(.text.can_init)
    [Anonymous Symbol]                       0x080010ec   Section        0  gd32f30x_can.o(.text.can_interrupt_enable)
    [Anonymous Symbol]                       0x08001100   Section        0  gd32f30x_can.o(.text.can_message_receive)
    [Anonymous Symbol]                       0x08001254   Section        0  gd32f30x_can.o(.text.can_message_transmit)
    [Anonymous Symbol]                       0x0800139c   Section        0  gd32f30x_can.o(.text.can_struct_para_init)
    [Anonymous Symbol]                       0x080014d4   Section        0  systick.o(.text.delay_decrement)
    [Anonymous Symbol]                       0x080014f4   Section        0  gd32f30x_gpio.o(.text.gpio_init)
    [Anonymous Symbol]                       0x08001678   Section        0  main.o(.text.main)
    [Anonymous Symbol]                       0x08001740   Section        0  gd32f30x_misc.o(.text.nvic_irq_enable)
    [Anonymous Symbol]                       0x0800186c   Section        0  gd32f30x_misc.o(.text.nvic_priority_group_set)
    [Anonymous Symbol]                       0x08001888   Section        0  delay.o(.text.qDelay_init)
    [Anonymous Symbol]                       0x080018d0   Section        0  delay.o(.text.qDelay_ms)
    [Anonymous Symbol]                       0x08001900   Section        0  delay.o(.text.qDelay_us)
    [Anonymous Symbol]                       0x0800198c   Section        0  gd32f30x_rcu.o(.text.rcu_periph_clock_enable)
    [Anonymous Symbol]                       0x080019b4   Section        0  gd32f30x_rcu.o(.text.rcu_periph_reset_disable)
    [Anonymous Symbol]                       0x080019dc   Section        0  gd32f30x_rcu.o(.text.rcu_periph_reset_enable)
    system_clock_120m_hxtal                  0x08001a05   Thumb Code   372  system_gd32f30x.o(.text.system_clock_120m_hxtal)
    [Anonymous Symbol]                       0x08001a04   Section        0  system_gd32f30x.o(.text.system_clock_120m_hxtal)
    system_clock_config                      0x08001b79   Thumb Code     8  system_gd32f30x.o(.text.system_clock_config)
    [Anonymous Symbol]                       0x08001b78   Section        0  system_gd32f30x.o(.text.system_clock_config)
    [Anonymous Symbol]                       0x08001b80   Section        0  gd32f30x_timer.o(.text.timer_deinit)
    [Anonymous Symbol]                       0x08001c98   Section        0  gd32f30x_timer.o(.text.timer_enable)
    [Anonymous Symbol]                       0x08001cac   Section        0  gd32f30x_timer.o(.text.timer_init)
    [Anonymous Symbol]                       0x08001db0   Section        0  gd32f30x_timer.o(.text.timer_interrupt_enable)
    [Anonymous Symbol]                       0x08001dc4   Section        0  gd32f30x_timer.o(.text.timer_interrupt_flag_clear)
    i.__ARM_fpclassifyf                      0x08001dd6   Section        0  fpclassifyf.o(i.__ARM_fpclassifyf)
    i.__hardfp_asinf                         0x08001dfc   Section        0  asinf.o(i.__hardfp_asinf)
    i.__hardfp_atan2f                        0x08001f28   Section        0  atan2f.o(i.__hardfp_atan2f)
    i.__mathlib_flt_infnan                   0x080021d4   Section        0  funder.o(i.__mathlib_flt_infnan)
    i.__mathlib_flt_infnan2                  0x080021da   Section        0  funder.o(i.__mathlib_flt_infnan2)
    i.__mathlib_flt_invalid                  0x080021e0   Section        0  funder.o(i.__mathlib_flt_invalid)
    i.__mathlib_flt_underflow                0x080021f0   Section        0  funder.o(i.__mathlib_flt_underflow)
    i.sqrtf                                  0x08002200   Section        0  sqrtf.o(i.sqrtf)
    $v0                                      0x0800223e   Number         0  fpinit.o(x$fpl$fpinit)
    x$fpl$fpinit                             0x0800223e   Section       26  fpinit.o(x$fpl$fpinit)
    x$fpl$usenofp                            0x08002258   Section        0  usenofp.o(x$fpl$usenofp)
    .bss                                     0x20000020   Section       96  libspace.o(.bss)
    TIMER2_IRQHandler::Beat                  0x2000009e   Data           2  main.o(.bss._ZZ17TIMER2_IRQHandlerE4Beat)
    [Anonymous Symbol]                       0x2000009e   Section        0  main.o(.bss._ZZ17TIMER2_IRQHandlerE4Beat)
    delay                                    0x200000c0   Data           4  systick.o(.bss.delay)
    [Anonymous Symbol]                       0x200000c0   Section        0  systick.o(.bss.delay)
    fac_us                                   0x200000c4   Data           4  delay.o(.bss.fac_us)
    [Anonymous Symbol]                       0x200000c4   Section        0  delay.o(.bss.fac_us)
    Heap_Mem                                 0x200000e0   Data        1024  startup_gd32f30x_hd.o(HEAP)
    HEAP                                     0x200000e0   Section     1024  startup_gd32f30x_hd.o(HEAP)
    Stack_Mem                                0x200004e0   Data        1024  startup_gd32f30x_hd.o(STACK)
    STACK                                    0x200004e0   Section     1024  startup_gd32f30x_hd.o(STACK)
    __initial_sp                             0x200008e0   Data           0  startup_gd32f30x_hd.o(STACK)

    Global Symbols

    Symbol Name                              Value     Ov Type        Size  Object(Section)

    BuildAttributes$$THM_ISAv4$E$P$D$K$B$S$7EM$VFPi3$EXTD16$VFPS$VFMA$PE$A:L22UL41UL21$X:L11$S22US41US21$IEEE1$IW$~IW$USESV6$~STKCKD$USESV7$~SHL$OTIME$ROPI$IEEEX$EBA8$UX$STANDARDLIB$REQ8$PRES8$EABIv2 0x00000000   Number         0  anon$$obj.o ABSOLUTE
    __ARM_exceptions_init                     - Undefined Weak Reference
    __alloca_initialize                       - Undefined Weak Reference
    __arm_preinit_                            - Undefined Weak Reference
    __arm_relocate_pie_                       - Undefined Weak Reference
    __cpp_initialize__aeabi_                  - Undefined Weak Reference
    __cxa_finalize                            - Undefined Weak Reference
    __rt_locale                               - Undefined Weak Reference
    __sigvec_lookup                           - Undefined Weak Reference
    _atexit_init                              - Undefined Weak Reference
    _call_atexit_fns                          - Undefined Weak Reference
    _clock_init                               - Undefined Weak Reference
    _fp_trap_init                             - Undefined Weak Reference
    _fp_trap_shutdown                         - Undefined Weak Reference
    _get_lc_collate                           - Undefined Weak Reference
    _get_lc_ctype                             - Undefined Weak Reference
    _get_lc_monetary                          - Undefined Weak Reference
    _get_lc_numeric                           - Undefined Weak Reference
    _get_lc_time                              - Undefined Weak Reference
    _getenv_init                              - Undefined Weak Reference
    _handle_redirection                       - Undefined Weak Reference
    _init_alloc                               - Undefined Weak Reference
    _init_user_alloc                          - Undefined Weak Reference
    _initio                                   - Undefined Weak Reference
    _rand_init                                - Undefined Weak Reference
    _signal_finish                            - Undefined Weak Reference
    _signal_init                              - Undefined Weak Reference
    _terminate_alloc                          - Undefined Weak Reference
    _terminate_user_alloc                     - Undefined Weak Reference
    _terminateio                              - Undefined Weak Reference
    __Vectors_Size                           0x00000130   Number         0  startup_gd32f30x_hd.o ABSOLUTE
    __Vectors                                0x08000000   Data           4  startup_gd32f30x_hd.o(RESET)
    __Vectors_End                            0x08000130   Data           0  startup_gd32f30x_hd.o(RESET)
    __main                                   0x08000131   Thumb Code     8  __main.o(!!!main)
    __scatterload                            0x08000139   Thumb Code     0  __scatter.o(!!!scatter)
    __scatterload_rt2                        0x08000139   Thumb Code    44  __scatter.o(!!!scatter)
    __scatterload_rt2_thumb_only             0x08000139   Thumb Code     0  __scatter.o(!!!scatter)
    __scatterload_null                       0x08000147   Thumb Code     0  __scatter.o(!!!scatter)
    __scatterload_copy                       0x0800016d   Thumb Code    26  __scatter_copy.o(!!handler_copy)
    __scatterload_zeroinit                   0x08000189   Thumb Code    28  __scatter_zi.o(!!handler_zi)
    __rt_lib_init                            0x080001a5   Thumb Code     0  libinit.o(.ARM.Collect$$libinit$$00000000)
    __rt_lib_init_fp_1                       0x080001a7   Thumb Code     0  libinit2.o(.ARM.Collect$$libinit$$00000001)
    __rt_lib_init_alloca_1                   0x080001ab   Thumb Code     0  libinit2.o(.ARM.Collect$$libinit$$00000030)
    __rt_lib_init_argv_1                     0x080001ab   Thumb Code     0  libinit2.o(.ARM.Collect$$libinit$$0000002E)
    __rt_lib_init_atexit_1                   0x080001ab   Thumb Code     0  libinit2.o(.ARM.Collect$$libinit$$0000001D)
    __rt_lib_init_clock_1                    0x080001ab   Thumb Code     0  libinit2.o(.ARM.Collect$$libinit$$00000023)
    __rt_lib_init_cpp_1                      0x080001ab   Thumb Code     0  libinit2.o(.ARM.Collect$$libinit$$00000034)
    __rt_lib_init_exceptions_1               0x080001ab   Thumb Code     0  libinit2.o(.ARM.Collect$$libinit$$00000032)
    __rt_lib_init_fp_trap_1                  0x080001ab   Thumb Code     0  libinit2.o(.ARM.Collect$$libinit$$00000021)
    __rt_lib_init_getenv_1                   0x080001ab   Thumb Code     0  libinit2.o(.ARM.Collect$$libinit$$00000025)
    __rt_lib_init_heap_1                     0x080001ab   Thumb Code     0  libinit2.o(.ARM.Collect$$libinit$$0000000C)
    __rt_lib_init_lc_collate_1               0x080001ab   Thumb Code     0  libinit2.o(.ARM.Collect$$libinit$$00000013)
    __rt_lib_init_lc_ctype_1                 0x080001ab   Thumb Code     0  libinit2.o(.ARM.Collect$$libinit$$00000015)
    __rt_lib_init_lc_monetary_1              0x080001ab   Thumb Code     0  libinit2.o(.ARM.Collect$$libinit$$00000017)
    __rt_lib_init_lc_numeric_1               0x080001ab   Thumb Code     0  libinit2.o(.ARM.Collect$$libinit$$00000019)
    __rt_lib_init_lc_time_1                  0x080001ab   Thumb Code     0  libinit2.o(.ARM.Collect$$libinit$$0000001B)
    __rt_lib_init_preinit_1                  0x080001ab   Thumb Code     0  libinit2.o(.ARM.Collect$$libinit$$00000006)
    __rt_lib_init_rand_1                     0x080001ab   Thumb Code     0  libinit2.o(.ARM.Collect$$libinit$$00000010)
    __rt_lib_init_relocate_pie_1             0x080001ab   Thumb Code     0  libinit2.o(.ARM.Collect$$libinit$$00000004)
    __rt_lib_init_return                     0x080001ab   Thumb Code     0  libinit2.o(.ARM.Collect$$libinit$$00000035)
    __rt_lib_init_signal_1                   0x080001ab   Thumb Code     0  libinit2.o(.ARM.Collect$$libinit$$0000001F)
    __rt_lib_init_stdio_1                    0x080001ab   Thumb Code     0  libinit2.o(.ARM.Collect$$libinit$$00000027)
    __rt_lib_init_user_alloc_1               0x080001ab   Thumb Code     0  libinit2.o(.ARM.Collect$$libinit$$0000000E)
    __rt_lib_shutdown                        0x080001ad   Thumb Code     0  libshutdown.o(.ARM.Collect$$libshutdown$$00000000)
    __rt_lib_shutdown_cpp_1                  0x080001af   Thumb Code     0  libshutdown2.o(.ARM.Collect$$libshutdown$$00000002)
    __rt_lib_shutdown_fp_trap_1              0x080001af   Thumb Code     0  libshutdown2.o(.ARM.Collect$$libshutdown$$00000007)
    __rt_lib_shutdown_heap_1                 0x080001af   Thumb Code     0  libshutdown2.o(.ARM.Collect$$libshutdown$$0000000F)
    __rt_lib_shutdown_return                 0x080001af   Thumb Code     0  libshutdown2.o(.ARM.Collect$$libshutdown$$00000010)
    __rt_lib_shutdown_signal_1               0x080001af   Thumb Code     0  libshutdown2.o(.ARM.Collect$$libshutdown$$0000000A)
    __rt_lib_shutdown_stdio_1                0x080001af   Thumb Code     0  libshutdown2.o(.ARM.Collect$$libshutdown$$00000004)
    __rt_lib_shutdown_user_alloc_1           0x080001af   Thumb Code     0  libshutdown2.o(.ARM.Collect$$libshutdown$$0000000C)
    __rt_entry                               0x080001b1   Thumb Code     0  __rtentry.o(.ARM.Collect$$rtentry$$00000000)
    __rt_entry_presh_1                       0x080001b1   Thumb Code     0  __rtentry2.o(.ARM.Collect$$rtentry$$00000002)
    __rt_entry_sh                            0x080001b1   Thumb Code     0  __rtentry4.o(.ARM.Collect$$rtentry$$00000004)
    __rt_entry_li                            0x080001b7   Thumb Code     0  __rtentry2.o(.ARM.Collect$$rtentry$$0000000A)
    __rt_entry_postsh_1                      0x080001b7   Thumb Code     0  __rtentry2.o(.ARM.Collect$$rtentry$$00000009)
    __rt_entry_main                          0x080001bb   Thumb Code     0  __rtentry2.o(.ARM.Collect$$rtentry$$0000000D)
    __rt_entry_postli_1                      0x080001bb   Thumb Code     0  __rtentry2.o(.ARM.Collect$$rtentry$$0000000C)
    __rt_exit                                0x080001c3   Thumb Code     0  rtexit.o(.ARM.Collect$$rtexit$$00000000)
    __rt_exit_ls                             0x080001c5   Thumb Code     0  rtexit2.o(.ARM.Collect$$rtexit$$00000003)
    __rt_exit_prels_1                        0x080001c5   Thumb Code     0  rtexit2.o(.ARM.Collect$$rtexit$$00000002)
    __rt_exit_exit                           0x080001c9   Thumb Code     0  rtexit2.o(.ARM.Collect$$rtexit$$00000004)
    Reset_Handler                            0x080001d1   Thumb Code     8  startup_gd32f30x_hd.o(.text)
    ADC0_1_IRQHandler                        0x080001eb   Thumb Code     0  startup_gd32f30x_hd.o(.text)
    ADC2_IRQHandler                          0x080001eb   Thumb Code     0  startup_gd32f30x_hd.o(.text)
    CAN0_EWMC_IRQHandler                     0x080001eb   Thumb Code     0  startup_gd32f30x_hd.o(.text)
    DMA0_Channel0_IRQHandler                 0x080001eb   Thumb Code     0  startup_gd32f30x_hd.o(.text)
    DMA0_Channel1_IRQHandler                 0x080001eb   Thumb Code     0  startup_gd32f30x_hd.o(.text)
    DMA0_Channel2_IRQHandler                 0x080001eb   Thumb Code     0  startup_gd32f30x_hd.o(.text)
    DMA0_Channel3_IRQHandler                 0x080001eb   Thumb Code     0  startup_gd32f30x_hd.o(.text)
    DMA0_Channel4_IRQHandler                 0x080001eb   Thumb Code     0  startup_gd32f30x_hd.o(.text)
    DMA0_Channel5_IRQHandler                 0x080001eb   Thumb Code     0  startup_gd32f30x_hd.o(.text)
    DMA0_Channel6_IRQHandler                 0x080001eb   Thumb Code     0  startup_gd32f30x_hd.o(.text)
    DMA1_Channel0_IRQHandler                 0x080001eb   Thumb Code     0  startup_gd32f30x_hd.o(.text)
    DMA1_Channel1_IRQHandler                 0x080001eb   Thumb Code     0  startup_gd32f30x_hd.o(.text)
    DMA1_Channel2_IRQHandler                 0x080001eb   Thumb Code     0  startup_gd32f30x_hd.o(.text)
    DMA1_Channel3_4_IRQHandler               0x080001eb   Thumb Code     0  startup_gd32f30x_hd.o(.text)
    EXMC_IRQHandler                          0x080001eb   Thumb Code     0  startup_gd32f30x_hd.o(.text)
    EXTI0_IRQHandler                         0x080001eb   Thumb Code     0  startup_gd32f30x_hd.o(.text)
    EXTI10_15_IRQHandler                     0x080001eb   Thumb Code     0  startup_gd32f30x_hd.o(.text)
    EXTI1_IRQHandler                         0x080001eb   Thumb Code     0  startup_gd32f30x_hd.o(.text)
    EXTI2_IRQHandler                         0x080001eb   Thumb Code     0  startup_gd32f30x_hd.o(.text)
    EXTI3_IRQHandler                         0x080001eb   Thumb Code     0  startup_gd32f30x_hd.o(.text)
    EXTI4_IRQHandler                         0x080001eb   Thumb Code     0  startup_gd32f30x_hd.o(.text)
    EXTI5_9_IRQHandler                       0x080001eb   Thumb Code     0  startup_gd32f30x_hd.o(.text)
    FMC_IRQHandler                           0x080001eb   Thumb Code     0  startup_gd32f30x_hd.o(.text)
    I2C0_ER_IRQHandler                       0x080001eb   Thumb Code     0  startup_gd32f30x_hd.o(.text)
    I2C0_EV_IRQHandler                       0x080001eb   Thumb Code     0  startup_gd32f30x_hd.o(.text)
    I2C1_ER_IRQHandler                       0x080001eb   Thumb Code     0  startup_gd32f30x_hd.o(.text)
    I2C1_EV_IRQHandler                       0x080001eb   Thumb Code     0  startup_gd32f30x_hd.o(.text)
    LVD_IRQHandler                           0x080001eb   Thumb Code     0  startup_gd32f30x_hd.o(.text)
    RCU_CTC_IRQHandler                       0x080001eb   Thumb Code     0  startup_gd32f30x_hd.o(.text)
    RTC_Alarm_IRQHandler                     0x080001eb   Thumb Code     0  startup_gd32f30x_hd.o(.text)
    RTC_IRQHandler                           0x080001eb   Thumb Code     0  startup_gd32f30x_hd.o(.text)
    SDIO_IRQHandler                          0x080001eb   Thumb Code     0  startup_gd32f30x_hd.o(.text)
    SPI0_IRQHandler                          0x080001eb   Thumb Code     0  startup_gd32f30x_hd.o(.text)
    SPI1_IRQHandler                          0x080001eb   Thumb Code     0  startup_gd32f30x_hd.o(.text)
    SPI2_IRQHandler                          0x080001eb   Thumb Code     0  startup_gd32f30x_hd.o(.text)
    TAMPER_IRQHandler                        0x080001eb   Thumb Code     0  startup_gd32f30x_hd.o(.text)
    TIMER0_BRK_IRQHandler                    0x080001eb   Thumb Code     0  startup_gd32f30x_hd.o(.text)
    TIMER0_Channel_IRQHandler                0x080001eb   Thumb Code     0  startup_gd32f30x_hd.o(.text)
    TIMER0_TRG_CMT_IRQHandler                0x080001eb   Thumb Code     0  startup_gd32f30x_hd.o(.text)
    TIMER0_UP_IRQHandler                     0x080001eb   Thumb Code     0  startup_gd32f30x_hd.o(.text)
    TIMER1_IRQHandler                        0x080001eb   Thumb Code     0  startup_gd32f30x_hd.o(.text)
    TIMER3_IRQHandler                        0x080001eb   Thumb Code     0  startup_gd32f30x_hd.o(.text)
    TIMER4_IRQHandler                        0x080001eb   Thumb Code     0  startup_gd32f30x_hd.o(.text)
    TIMER5_IRQHandler                        0x080001eb   Thumb Code     0  startup_gd32f30x_hd.o(.text)
    TIMER6_IRQHandler                        0x080001eb   Thumb Code     0  startup_gd32f30x_hd.o(.text)
    TIMER7_BRK_IRQHandler                    0x080001eb   Thumb Code     0  startup_gd32f30x_hd.o(.text)
    TIMER7_Channel_IRQHandler                0x080001eb   Thumb Code     0  startup_gd32f30x_hd.o(.text)
    TIMER7_TRG_CMT_IRQHandler                0x080001eb   Thumb Code     0  startup_gd32f30x_hd.o(.text)
    TIMER7_UP_IRQHandler                     0x080001eb   Thumb Code     0  startup_gd32f30x_hd.o(.text)
    UART3_IRQHandler                         0x080001eb   Thumb Code     0  startup_gd32f30x_hd.o(.text)
    UART4_IRQHandler                         0x080001eb   Thumb Code     0  startup_gd32f30x_hd.o(.text)
    USART0_IRQHandler                        0x080001eb   Thumb Code     0  startup_gd32f30x_hd.o(.text)
    USART1_IRQHandler                        0x080001eb   Thumb Code     0  startup_gd32f30x_hd.o(.text)
    USART2_IRQHandler                        0x080001eb   Thumb Code     0  startup_gd32f30x_hd.o(.text)
    USBD_HP_CAN0_TX_IRQHandler               0x080001eb   Thumb Code     0  startup_gd32f30x_hd.o(.text)
    USBD_LP_CAN0_RX0_IRQHandler              0x080001eb   Thumb Code     0  startup_gd32f30x_hd.o(.text)
    USBD_WKUP_IRQHandler                     0x080001eb   Thumb Code     0  startup_gd32f30x_hd.o(.text)
    WWDGT_IRQHandler                         0x080001eb   Thumb Code     0  startup_gd32f30x_hd.o(.text)
    __user_initial_stackheap                 0x080001ed   Thumb Code    10  startup_gd32f30x_hd.o(.text)
    __aeabi_memcpy                           0x08000211   Thumb Code     0  rt_memcpy_v6.o(.text)
    __rt_memcpy                              0x08000211   Thumb Code   138  rt_memcpy_v6.o(.text)
    _memcpy_lastbytes                        0x08000277   Thumb Code     0  rt_memcpy_v6.o(.text)
    __aeabi_memcpy4                          0x0800029b   Thumb Code     0  rt_memcpy_w.o(.text)
    __aeabi_memcpy8                          0x0800029b   Thumb Code     0  rt_memcpy_w.o(.text)
    __rt_memcpy_w                            0x0800029b   Thumb Code   100  rt_memcpy_w.o(.text)
    _memcpy_lastbytes_aligned                0x080002e3   Thumb Code     0  rt_memcpy_w.o(.text)
    __use_two_region_memory                  0x080002ff   Thumb Code     2  heapauxi.o(.text)
    __rt_heap_escrow$2region                 0x08000301   Thumb Code     2  heapauxi.o(.text)
    __rt_heap_expand$2region                 0x08000303   Thumb Code     2  heapauxi.o(.text)
    __read_errno                             0x08000305   Thumb Code    10  _rserrno.o(.text)
    __set_errno                              0x0800030f   Thumb Code    12  _rserrno.o(.text)
    __aeabi_errno_addr                       0x0800031d   Thumb Code     8  rt_errno_addr_intlibspace.o(.text)
    __errno$intlibspace                      0x0800031d   Thumb Code     0  rt_errno_addr_intlibspace.o(.text)
    __rt_errno_addr$intlibspace              0x0800031d   Thumb Code     0  rt_errno_addr_intlibspace.o(.text)
    __user_libspace                          0x08000325   Thumb Code     8  libspace.o(.text)
    __user_perproc_libspace                  0x08000325   Thumb Code     0  libspace.o(.text)
    __user_perthread_libspace                0x08000325   Thumb Code     0  libspace.o(.text)
    __user_setup_stackheap                   0x0800032d   Thumb Code    74  sys_stackheap_outer.o(.text)
    exit                                     0x08000377   Thumb Code    18  exit.o(.text)
    _sys_exit                                0x08000389   Thumb Code     8  sys_exit.o(.text)
    __I$use$semihosting                      0x08000395   Thumb Code     0  use_no_semi.o(.text)
    __use_no_semihosting_swi                 0x08000395   Thumb Code     2  use_no_semi.o(.text)
    __semihosting_library_function           0x08000397   Thumb Code     0  indicate_semi.o(.text)
    BusFault_Handler                         0x08000399   Thumb Code     4  gd32f30x_it.o(.text.BusFault_Handler)
    CAN0_RX1_IRQHandler                      0x0800039d   Thumb Code   150  main.o(.text.CAN0_RX1_IRQHandler)
    DebugMon_Handler                         0x08000435   Thumb Code     2  gd32f30x_it.o(.text.DebugMon_Handler)
    Float_To_U16                             0x08000439   Thumb Code   162  data_exchange.o(.text.Float_To_U16)
    Float_To_U32                             0x080004dd   Thumb Code    70  data_exchange.o(.text.Float_To_U32)
    Float_To_U8                              0x08000525   Thumb Code   130  data_exchange.o(.text.Float_To_U8)
    HardFault_Handler                        0x080005a9   Thumb Code     4  gd32f30x_it.o(.text.HardFault_Handler)
    MemManage_Handler                        0x080005ad   Thumb Code     4  gd32f30x_it.o(.text.MemManage_Handler)
    NMI_Handler                              0x080005b1   Thumb Code     2  gd32f30x_it.o(.text.NMI_Handler)
    PendSV_Handler                           0x080005b5   Thumb Code     2  gd32f30x_it.o(.text.PendSV_Handler)
    QCS_GetPitchAngel                        0x080005b9   Thumb Code    92  qcs_lite.o(.text.QCS_GetPitchAngel)
    QCS_GetRollAngel                         0x08000615   Thumb Code   166  qcs_lite.o(.text.QCS_GetRollAngel)
    QCS_GetYawAngel                          0x080006bd   Thumb Code   168  qcs_lite.o(.text.QCS_GetYawAngel)
    QCS_Show_Degree                          0x08000765   Thumb Code    92  qcs_lite.o(.text.QCS_Show_Degree)
    SVC_Handler                              0x080007c1   Thumb Code     2  gd32f30x_it.o(.text.SVC_Handler)
    SysTick_Handler                          0x080007c5   Thumb Code     8  gd32f30x_it.o(.text.SysTick_Handler)
    SystemInit                               0x080007cd   Thumb Code   224  system_gd32f30x.o(.text.SystemInit)
    TIMER2_IRQHandler                        0x080008ad   Thumb Code   214  main.o(.text.TIMER2_IRQHandler)
    U16_To_Float                             0x08000985   Thumb Code   156  data_exchange.o(.text.U16_To_Float)
    U32_To_Float                             0x08000a21   Thumb Code    70  data_exchange.o(.text.U32_To_Float)
    U8_To_Float                              0x08000a69   Thumb Code   132  data_exchange.o(.text.U8_To_Float)
    UsageFault_Handler                       0x08000aed   Thumb Code     4  gd32f30x_it.o(.text.UsageFault_Handler)
    Timer_Init()                             0x08000af1   Thumb Code    94  main.o(.text._Z10Timer_Initv)
    can_config(can_parameter_struct, can_filter_parameter_struct) 0x08000b51   Thumb Code   218  main.o(.text._Z10can_config20can_parameter_struct27can_filter_parameter_struct)
    CAN_Transmit(unsigned int, unsigned char*) 0x08000c2d   Thumb Code   112  main.o(.text._Z12CAN_TransmitjPh)
    can_gpio_config()                        0x08000c9d   Thumb Code    70  main.o(.text._Z15can_gpio_configv)
    arm_add_f32                              0x08000ce5   Thumb Code    68  basicmathfunctions.o(.text.arm_add_f32)
    arm_mult_f32                             0x08000d29   Thumb Code    68  basicmathfunctions.o(.text.arm_mult_f32)
    arm_sub_f32                              0x08000d6d   Thumb Code    68  basicmathfunctions.o(.text.arm_sub_f32)
    can_deinit                               0x08000db1   Thumb Code    44  gd32f30x_can.o(.text.can_deinit)
    can_filter_init                          0x08000ddd   Thumb Code   336  gd32f30x_can.o(.text.can_filter_init)
    can_init                                 0x08000f2d   Thumb Code   446  gd32f30x_can.o(.text.can_init)
    can_interrupt_enable                     0x080010ed   Thumb Code    20  gd32f30x_can.o(.text.can_interrupt_enable)
    can_message_receive                      0x08001101   Thumb Code   340  gd32f30x_can.o(.text.can_message_receive)
    can_message_transmit                     0x08001255   Thumb Code   328  gd32f30x_can.o(.text.can_message_transmit)
    can_struct_para_init                     0x0800139d   Thumb Code   310  gd32f30x_can.o(.text.can_struct_para_init)
    delay_decrement                          0x080014d5   Thumb Code    32  systick.o(.text.delay_decrement)
    gpio_init                                0x080014f5   Thumb Code   388  gd32f30x_gpio.o(.text.gpio_init)
    main                                     0x08001679   Thumb Code   200  main.o(.text.main)
    nvic_irq_enable                          0x08001741   Thumb Code   298  gd32f30x_misc.o(.text.nvic_irq_enable)
    nvic_priority_group_set                  0x0800186d   Thumb Code    28  gd32f30x_misc.o(.text.nvic_priority_group_set)
    qDelay_init                              0x08001889   Thumb Code    70  delay.o(.text.qDelay_init)
    qDelay_ms                                0x080018d1   Thumb Code    48  delay.o(.text.qDelay_ms)
    qDelay_us                                0x08001901   Thumb Code   138  delay.o(.text.qDelay_us)
    rcu_periph_clock_enable                  0x0800198d   Thumb Code    40  gd32f30x_rcu.o(.text.rcu_periph_clock_enable)
    rcu_periph_reset_disable                 0x080019b5   Thumb Code    40  gd32f30x_rcu.o(.text.rcu_periph_reset_disable)
    rcu_periph_reset_enable                  0x080019dd   Thumb Code    40  gd32f30x_rcu.o(.text.rcu_periph_reset_enable)
    timer_deinit                             0x08001b81   Thumb Code   280  gd32f30x_timer.o(.text.timer_deinit)
    timer_enable                             0x08001c99   Thumb Code    18  gd32f30x_timer.o(.text.timer_enable)
    timer_init                               0x08001cad   Thumb Code   260  gd32f30x_timer.o(.text.timer_init)
    timer_interrupt_enable                   0x08001db1   Thumb Code    20  gd32f30x_timer.o(.text.timer_interrupt_enable)
    timer_interrupt_flag_clear               0x08001dc5   Thumb Code    18  gd32f30x_timer.o(.text.timer_interrupt_flag_clear)
    __ARM_fpclassifyf                        0x08001dd7   Thumb Code    38  fpclassifyf.o(i.__ARM_fpclassifyf)
    __hardfp_asinf                           0x08001dfd   Thumb Code   258  asinf.o(i.__hardfp_asinf)
    __hardfp_atan2f                          0x08001f29   Thumb Code   594  atan2f.o(i.__hardfp_atan2f)
    __mathlib_flt_infnan                     0x080021d5   Thumb Code     6  funder.o(i.__mathlib_flt_infnan)
    __mathlib_flt_infnan2                    0x080021db   Thumb Code     6  funder.o(i.__mathlib_flt_infnan2)
    __mathlib_flt_invalid                    0x080021e1   Thumb Code    10  funder.o(i.__mathlib_flt_invalid)
    __mathlib_flt_underflow                  0x080021f1   Thumb Code    10  funder.o(i.__mathlib_flt_underflow)
    sqrtf                                    0x08002201   Thumb Code    62  sqrtf.o(i.sqrtf)
    _fp_init                                 0x0800223f   Thumb Code    26  fpinit.o(x$fpl$fpinit)
    __fplib_config_fpu_vfp                   0x08002257   Thumb Code     0  fpinit.o(x$fpl$fpinit)
    __fplib_config_pureend_doubles           0x08002257   Thumb Code     0  fpinit.o(x$fpl$fpinit)
    Region$$Table$$Base                      0x08002258   Number         0  anon$$obj.o(Region$$Table)
    __I$use$fp                               0x08002258   Number         0  usenofp.o(x$fpl$usenofp)
    Region$$Table$$Limit                     0x08002278   Number         0  anon$$obj.o(Region$$Table)
    Transform                                0x20000000   Data          24  data_exchange.o(.data.Transform)
    data_buff                                0x20000018   Data           8  main.o(.data.data_buff)
    __libspace_start                         0x20000020   Data          96  libspace.o(.bss)
    IMU_Angle                                0x20000080   Data          12  main.o(.bss.IMU_Angle)
    __temporary_stack_top$libspace           0x20000080   Data           0  libspace.o(.bss)
    IMU_Q                                    0x2000008c   Data          16  main.o(.bss.IMU_Q)
    IMU_Update                               0x2000009c   Data           1  main.o(.bss.IMU_Update)
    can_filter_parameter                     0x200000a0   Data          18  main.o(.bss.can_filter_parameter)
    can_init_parameter                       0x200000b2   Data          12  main.o(.bss.can_init_parameter)
    receive_message                          0x200000c8   Data          20  main.o(.bss.receive_message)



==============================================================================

Memory Map of the image

  Image Entry point : 0x08000131

  Load Region LR_IROM1 (Base: 0x08000000, Size: 0x00002298, Max: 0x00040000, ABSOLUTE)

    Execution Region ER_IROM1 (Exec base: 0x08000000, Load base: 0x08000000, Size: 0x00002278, Max: 0x00040000, ABSOLUTE)

    Exec Addr    Load Addr    Size         Type   Attr      Idx    E Section Name        Object

    0x08000000   0x08000000   0x00000130   Data   RO           20    RESET               startup_gd32f30x_hd.o
    0x08000130   0x08000130   0x00000008   Code   RO         3336  * !!!main             c_w.l(__main.o)
    0x08000138   0x08000138   0x00000034   Code   RO         3687    !!!scatter          c_w.l(__scatter.o)
    0x0800016c   0x0800016c   0x0000001a   Code   RO         3689    !!handler_copy      c_w.l(__scatter_copy.o)
    0x08000186   0x08000186   0x00000002   PAD
    0x08000188   0x08000188   0x0000001c   Code   RO         3691    !!handler_zi        c_w.l(__scatter_zi.o)
    0x080001a4   0x080001a4   0x00000002   Code   RO         3552    .ARM.Collect$$libinit$$00000000  c_w.l(libinit.o)
    0x080001a6   0x080001a6   0x00000004   Code   RO         3561    .ARM.Collect$$libinit$$00000001  c_w.l(libinit2.o)
    0x080001aa   0x080001aa   0x00000000   Code   RO         3564    .ARM.Collect$$libinit$$00000004  c_w.l(libinit2.o)
    0x080001aa   0x080001aa   0x00000000   Code   RO         3566    .ARM.Collect$$libinit$$00000006  c_w.l(libinit2.o)
    0x080001aa   0x080001aa   0x00000000   Code   RO         3569    .ARM.Collect$$libinit$$0000000C  c_w.l(libinit2.o)
    0x080001aa   0x080001aa   0x00000000   Code   RO         3571    .ARM.Collect$$libinit$$0000000E  c_w.l(libinit2.o)
    0x080001aa   0x080001aa   0x00000000   Code   RO         3573    .ARM.Collect$$libinit$$00000010  c_w.l(libinit2.o)
    0x080001aa   0x080001aa   0x00000000   Code   RO         3576    .ARM.Collect$$libinit$$00000013  c_w.l(libinit2.o)
    0x080001aa   0x080001aa   0x00000000   Code   RO         3578    .ARM.Collect$$libinit$$00000015  c_w.l(libinit2.o)
    0x080001aa   0x080001aa   0x00000000   Code   RO         3580    .ARM.Collect$$libinit$$00000017  c_w.l(libinit2.o)
    0x080001aa   0x080001aa   0x00000000   Code   RO         3582    .ARM.Collect$$libinit$$00000019  c_w.l(libinit2.o)
    0x080001aa   0x080001aa   0x00000000   Code   RO         3584    .ARM.Collect$$libinit$$0000001B  c_w.l(libinit2.o)
    0x080001aa   0x080001aa   0x00000000   Code   RO         3586    .ARM.Collect$$libinit$$0000001D  c_w.l(libinit2.o)
    0x080001aa   0x080001aa   0x00000000   Code   RO         3588    .ARM.Collect$$libinit$$0000001F  c_w.l(libinit2.o)
    0x080001aa   0x080001aa   0x00000000   Code   RO         3590    .ARM.Collect$$libinit$$00000021  c_w.l(libinit2.o)
    0x080001aa   0x080001aa   0x00000000   Code   RO         3592    .ARM.Collect$$libinit$$00000023  c_w.l(libinit2.o)
    0x080001aa   0x080001aa   0x00000000   Code   RO         3594    .ARM.Collect$$libinit$$00000025  c_w.l(libinit2.o)
    0x080001aa   0x080001aa   0x00000000   Code   RO         3596    .ARM.Collect$$libinit$$00000027  c_w.l(libinit2.o)
    0x080001aa   0x080001aa   0x00000000   Code   RO         3600    .ARM.Collect$$libinit$$0000002E  c_w.l(libinit2.o)
    0x080001aa   0x080001aa   0x00000000   Code   RO         3602    .ARM.Collect$$libinit$$00000030  c_w.l(libinit2.o)
    0x080001aa   0x080001aa   0x00000000   Code   RO         3604    .ARM.Collect$$libinit$$00000032  c_w.l(libinit2.o)
    0x080001aa   0x080001aa   0x00000000   Code   RO         3606    .ARM.Collect$$libinit$$00000034  c_w.l(libinit2.o)
    0x080001aa   0x080001aa   0x00000002   Code   RO         3607    .ARM.Collect$$libinit$$00000035  c_w.l(libinit2.o)
    0x080001ac   0x080001ac   0x00000002   Code   RO         3642    .ARM.Collect$$libshutdown$$00000000  c_w.l(libshutdown.o)
    0x080001ae   0x080001ae   0x00000000   Code   RO         3670    .ARM.Collect$$libshutdown$$00000002  c_w.l(libshutdown2.o)
    0x080001ae   0x080001ae   0x00000000   Code   RO         3672    .ARM.Collect$$libshutdown$$00000004  c_w.l(libshutdown2.o)
    0x080001ae   0x080001ae   0x00000000   Code   RO         3675    .ARM.Collect$$libshutdown$$00000007  c_w.l(libshutdown2.o)
    0x080001ae   0x080001ae   0x00000000   Code   RO         3678    .ARM.Collect$$libshutdown$$0000000A  c_w.l(libshutdown2.o)
    0x080001ae   0x080001ae   0x00000000   Code   RO         3680    .ARM.Collect$$libshutdown$$0000000C  c_w.l(libshutdown2.o)
    0x080001ae   0x080001ae   0x00000000   Code   RO         3683    .ARM.Collect$$libshutdown$$0000000F  c_w.l(libshutdown2.o)
    0x080001ae   0x080001ae   0x00000002   Code   RO         3684    .ARM.Collect$$libshutdown$$00000010  c_w.l(libshutdown2.o)
    0x080001b0   0x080001b0   0x00000000   Code   RO         3447    .ARM.Collect$$rtentry$$00000000  c_w.l(__rtentry.o)
    0x080001b0   0x080001b0   0x00000000   Code   RO         3513    .ARM.Collect$$rtentry$$00000002  c_w.l(__rtentry2.o)
    0x080001b0   0x080001b0   0x00000006   Code   RO         3525    .ARM.Collect$$rtentry$$00000004  c_w.l(__rtentry4.o)
    0x080001b6   0x080001b6   0x00000000   Code   RO         3515    .ARM.Collect$$rtentry$$00000009  c_w.l(__rtentry2.o)
    0x080001b6   0x080001b6   0x00000004   Code   RO         3516    .ARM.Collect$$rtentry$$0000000A  c_w.l(__rtentry2.o)
    0x080001ba   0x080001ba   0x00000000   Code   RO         3518    .ARM.Collect$$rtentry$$0000000C  c_w.l(__rtentry2.o)
    0x080001ba   0x080001ba   0x00000008   Code   RO         3519    .ARM.Collect$$rtentry$$0000000D  c_w.l(__rtentry2.o)
    0x080001c2   0x080001c2   0x00000002   Code   RO         3553    .ARM.Collect$$rtexit$$00000000  c_w.l(rtexit.o)
    0x080001c4   0x080001c4   0x00000000   Code   RO         3613    .ARM.Collect$$rtexit$$00000002  c_w.l(rtexit2.o)
    0x080001c4   0x080001c4   0x00000004   Code   RO         3614    .ARM.Collect$$rtexit$$00000003  c_w.l(rtexit2.o)
    0x080001c8   0x080001c8   0x00000006   Code   RO         3615    .ARM.Collect$$rtexit$$00000004  c_w.l(rtexit2.o)
    0x080001ce   0x080001ce   0x00000002   PAD
    0x080001d0   0x080001d0   0x00000040   Code   RO           21    .text               startup_gd32f30x_hd.o
    0x08000210   0x08000210   0x0000008a   Code   RO         3326    .text               c_w.l(rt_memcpy_v6.o)
    0x0800029a   0x0800029a   0x00000064   Code   RO         3328    .text               c_w.l(rt_memcpy_w.o)
    0x080002fe   0x080002fe   0x00000006   Code   RO         3334    .text               c_w.l(heapauxi.o)
    0x08000304   0x08000304   0x00000016   Code   RO         3452    .text               c_w.l(_rserrno.o)
    0x0800031a   0x0800031a   0x00000002   PAD
    0x0800031c   0x0800031c   0x00000008   Code   RO         3532    .text               c_w.l(rt_errno_addr_intlibspace.o)
    0x08000324   0x08000324   0x00000008   Code   RO         3536    .text               c_w.l(libspace.o)
    0x0800032c   0x0800032c   0x0000004a   Code   RO         3539    .text               c_w.l(sys_stackheap_outer.o)
    0x08000376   0x08000376   0x00000012   Code   RO         3541    .text               c_w.l(exit.o)
    0x08000388   0x08000388   0x0000000c   Code   RO         3608    .text               c_w.l(sys_exit.o)
    0x08000394   0x08000394   0x00000002   Code   RO         3631    .text               c_w.l(use_no_semi.o)
    0x08000396   0x08000396   0x00000000   Code   RO         3633    .text               c_w.l(indicate_semi.o)
    0x08000396   0x08000396   0x00000002   PAD
    0x08000398   0x08000398   0x00000004   Code   RO         3155    .text.BusFault_Handler  gd32f30x_it.o
    0x0800039c   0x0800039c   0x00000096   Code   RO         3131    .text.CAN0_RX1_IRQHandler  main.o
    0x08000432   0x08000432   0x00000002   PAD
    0x08000434   0x08000434   0x00000002   Code   RO         3161    .text.DebugMon_Handler  gd32f30x_it.o
    0x08000436   0x08000436   0x00000002   PAD
    0x08000438   0x08000438   0x000000a2   Code   RO         3277    .text.Float_To_U16  data_exchange.o
    0x080004da   0x080004da   0x00000002   PAD
    0x080004dc   0x080004dc   0x00000046   Code   RO         3281    .text.Float_To_U32  data_exchange.o
    0x08000522   0x08000522   0x00000002   PAD
    0x08000524   0x08000524   0x00000082   Code   RO         3273    .text.Float_To_U8   data_exchange.o
    0x080005a6   0x080005a6   0x00000002   PAD
    0x080005a8   0x080005a8   0x00000004   Code   RO         3151    .text.HardFault_Handler  gd32f30x_it.o
    0x080005ac   0x080005ac   0x00000004   Code   RO         3153    .text.MemManage_Handler  gd32f30x_it.o
    0x080005b0   0x080005b0   0x00000002   Code   RO         3149    .text.NMI_Handler   gd32f30x_it.o
    0x080005b2   0x080005b2   0x00000002   PAD
    0x080005b4   0x080005b4   0x00000002   Code   RO         3163    .text.PendSV_Handler  gd32f30x_it.o
    0x080005b6   0x080005b6   0x00000002   PAD
    0x080005b8   0x080005b8   0x0000005c   Code   RO         3302    .text.QCS_GetPitchAngel  qcs_lite.o
    0x08000614   0x08000614   0x000000a6   Code   RO         3298    .text.QCS_GetRollAngel  qcs_lite.o
    0x080006ba   0x080006ba   0x00000002   PAD
    0x080006bc   0x080006bc   0x000000a8   Code   RO         3300    .text.QCS_GetYawAngel  qcs_lite.o
    0x08000764   0x08000764   0x0000005c   Code   RO         3310    .text.QCS_Show_Degree  qcs_lite.o
    0x080007c0   0x080007c0   0x00000002   Code   RO         3159    .text.SVC_Handler   gd32f30x_it.o
    0x080007c2   0x080007c2   0x00000002   PAD
    0x080007c4   0x080007c4   0x00000008   Code   RO         3165    .text.SysTick_Handler  gd32f30x_it.o
    0x080007cc   0x080007cc   0x000000e0   Code   RO            2    .text.SystemInit    system_gd32f30x.o
    0x080008ac   0x080008ac   0x000000d6   Code   RO         3129    .text.TIMER2_IRQHandler  main.o
    0x08000982   0x08000982   0x00000002   PAD
    0x08000984   0x08000984   0x0000009c   Code   RO         3279    .text.U16_To_Float  data_exchange.o
    0x08000a20   0x08000a20   0x00000046   Code   RO         3283    .text.U32_To_Float  data_exchange.o
    0x08000a66   0x08000a66   0x00000002   PAD
    0x08000a68   0x08000a68   0x00000084   Code   RO         3275    .text.U8_To_Float   data_exchange.o
    0x08000aec   0x08000aec   0x00000004   Code   RO         3157    .text.UsageFault_Handler  gd32f30x_it.o
    0x08000af0   0x08000af0   0x0000005e   Code   RO         3125    .text._Z10Timer_Initv  main.o
    0x08000b4e   0x08000b4e   0x00000002   PAD
    0x08000b50   0x08000b50   0x000000da   Code   RO         3123    .text._Z10can_config20can_parameter_struct27can_filter_parameter_struct  main.o
    0x08000c2a   0x08000c2a   0x00000002   PAD
    0x08000c2c   0x08000c2c   0x00000070   Code   RO         3127    .text._Z12CAN_TransmitjPh  main.o
    0x08000c9c   0x08000c9c   0x00000046   Code   RO         3121    .text._Z15can_gpio_configv  main.o
    0x08000ce2   0x08000ce2   0x00000002   PAD
    0x08000ce4   0x08000ce4   0x00000044   Code   RO         1389    .text.arm_add_f32   basicmathfunctions.o
    0x08000d28   0x08000d28   0x00000044   Code   RO         1415    .text.arm_mult_f32  basicmathfunctions.o
    0x08000d6c   0x08000d6c   0x00000044   Code   RO         1473    .text.arm_sub_f32   basicmathfunctions.o
    0x08000db0   0x08000db0   0x0000002c   Code   RO          154    .text.can_deinit    gd32f30x_can.o
    0x08000ddc   0x08000ddc   0x00000150   Code   RO          160    .text.can_filter_init  gd32f30x_can.o
    0x08000f2c   0x08000f2c   0x000001be   Code   RO          158    .text.can_init      gd32f30x_can.o
    0x080010ea   0x080010ea   0x00000002   PAD
    0x080010ec   0x080010ec   0x00000014   Code   RO          194    .text.can_interrupt_enable  gd32f30x_can.o
    0x08001100   0x08001100   0x00000154   Code   RO          178    .text.can_message_receive  gd32f30x_can.o
    0x08001254   0x08001254   0x00000148   Code   RO          172    .text.can_message_transmit  gd32f30x_can.o
    0x0800139c   0x0800139c   0x00000136   Code   RO          156    .text.can_struct_para_init  gd32f30x_can.o
    0x080014d2   0x080014d2   0x00000002   PAD
    0x080014d4   0x080014d4   0x00000020   Code   RO         3182    .text.delay_decrement  systick.o
    0x080014f4   0x080014f4   0x00000184   Code   RO          617    .text.gpio_init     gd32f30x_gpio.o
    0x08001678   0x08001678   0x000000c8   Code   RO         3119    .text.main          main.o
    0x08001740   0x08001740   0x0000012a   Code   RO          729    .text.nvic_irq_enable  gd32f30x_misc.o
    0x0800186a   0x0800186a   0x00000002   PAD
    0x0800186c   0x0800186c   0x0000001c   Code   RO          727    .text.nvic_priority_group_set  gd32f30x_misc.o
    0x08001888   0x08001888   0x00000046   Code   RO         3192    .text.qDelay_init   delay.o
    0x080018ce   0x080018ce   0x00000002   PAD
    0x080018d0   0x080018d0   0x00000030   Code   RO         3196    .text.qDelay_ms     delay.o
    0x08001900   0x08001900   0x0000008a   Code   RO         3194    .text.qDelay_us     delay.o
    0x0800198a   0x0800198a   0x00000002   PAD
    0x0800198c   0x0800198c   0x00000028   Code   RO          800    .text.rcu_periph_clock_enable  gd32f30x_rcu.o
    0x080019b4   0x080019b4   0x00000028   Code   RO          810    .text.rcu_periph_reset_disable  gd32f30x_rcu.o
    0x080019dc   0x080019dc   0x00000028   Code   RO          808    .text.rcu_periph_reset_enable  gd32f30x_rcu.o
    0x08001a04   0x08001a04   0x00000174   Code   RO            8    .text.system_clock_120m_hxtal  system_gd32f30x.o
    0x08001b78   0x08001b78   0x00000008   Code   RO            4    .text.system_clock_config  system_gd32f30x.o
    0x08001b80   0x08001b80   0x00000118   Code   RO         1102    .text.timer_deinit  gd32f30x_timer.o
    0x08001c98   0x08001c98   0x00000012   Code   RO         1108    .text.timer_enable  gd32f30x_timer.o
    0x08001caa   0x08001caa   0x00000002   PAD
    0x08001cac   0x08001cac   0x00000104   Code   RO         1106    .text.timer_init    gd32f30x_timer.o
    0x08001db0   0x08001db0   0x00000014   Code   RO         1142    .text.timer_interrupt_enable  gd32f30x_timer.o
    0x08001dc4   0x08001dc4   0x00000012   Code   RO         1148    .text.timer_interrupt_flag_clear  gd32f30x_timer.o
    0x08001dd6   0x08001dd6   0x00000026   Code   RO         3493    i.__ARM_fpclassifyf  m_wm.l(fpclassifyf.o)
    0x08001dfc   0x08001dfc   0x0000012c   Code   RO         3376    i.__hardfp_asinf    m_wm.l(asinf.o)
    0x08001f28   0x08001f28   0x000002ac   Code   RO         3382    i.__hardfp_atan2f   m_wm.l(atan2f.o)
    0x080021d4   0x080021d4   0x00000006   Code   RO         3496    i.__mathlib_flt_infnan  m_wm.l(funder.o)
    0x080021da   0x080021da   0x00000006   Code   RO         3497    i.__mathlib_flt_infnan2  m_wm.l(funder.o)
    0x080021e0   0x080021e0   0x00000010   Code   RO         3498    i.__mathlib_flt_invalid  m_wm.l(funder.o)
    0x080021f0   0x080021f0   0x00000010   Code   RO         3501    i.__mathlib_flt_underflow  m_wm.l(funder.o)
    0x08002200   0x08002200   0x0000003e   Code   RO         3437    i.sqrtf             m_wm.l(sqrtf.o)
    0x0800223e   0x0800223e   0x0000001a   Code   RO         3625    x$fpl$fpinit        fz_wm.l(fpinit.o)
    0x08002258   0x08002258   0x00000000   Code   RO         3476    x$fpl$usenofp       fz_wm.l(usenofp.o)
    0x08002258   0x08002258   0x00000020   Data   RO         3686    Region$$Table       anon$$obj.o


    Execution Region RW_IRAM1 (Exec base: 0x20000000, Load base: 0x08002278, Size: 0x000008e0, Max: 0x0000c000, ABSOLUTE)

    Exec Addr    Load Addr    Size         Type   Attr      Idx    E Section Name        Object

    0x20000000   0x08002278   0x00000018   Data   RW         3285    .data.Transform     data_exchange.o
    0x20000018   0x08002290   0x00000008   Data   RW         3139    .data.data_buff     main.o
    0x20000020        -       0x00000060   Zero   RW         3537    .bss                c_w.l(libspace.o)
    0x20000080        -       0x0000000c   Zero   RW         3137    .bss.IMU_Angle      main.o
    0x2000008c        -       0x00000010   Zero   RW         3136    .bss.IMU_Q          main.o
    0x2000009c        -       0x00000001   Zero   RW         3138    .bss.IMU_Update     main.o
    0x2000009d   0x08002298   0x00000001   PAD
    0x2000009e        -       0x00000002   Zero   RW         3140    .bss._ZZ17TIMER2_IRQHandlerE4Beat  main.o
    0x200000a0        -       0x00000012   Zero   RW         3134    .bss.can_filter_parameter  main.o
    0x200000b2        -       0x0000000c   Zero   RW         3133    .bss.can_init_parameter  main.o
    0x200000be   0x08002298   0x00000002   PAD
    0x200000c0        -       0x00000004   Zero   RW         3184    .bss.delay          systick.o
    0x200000c4        -       0x00000004   Zero   RW         3198    .bss.fac_us         delay.o
    0x200000c8        -       0x00000014   Zero   RW         3135    .bss.receive_message  main.o
    0x200000dc   0x08002298   0x00000004   PAD
    0x200000e0        -       0x00000400   Zero   RW           19    HEAP                startup_gd32f30x_hd.o
    0x200004e0        -       0x00000400   Zero   RW           18    STACK               startup_gd32f30x_hd.o


==============================================================================

Image component sizes


      Code (inc. data)   RO Data    RW Data    ZI Data      Debug   Object Name

       204          0          0          0          0      15546   basicmathfunctions.o
       720          0          0         24          0       2590   data_exchange.o
       256          0          0          0          4       1310   delay.o
      1824          4          0          0          0      11102   gd32f30x_can.o
       388          0          0          0          0       5313   gd32f30x_gpio.o
        32          0          0          0          0        991   gd32f30x_it.o
       326          0          0          0          0       2942   gd32f30x_misc.o
       120          0          0          0          0      10694   gd32f30x_rcu.o
       596          0          0          0          0      16381   gd32f30x_timer.o
      1058          0          0          8         81      22321   main.o
       518          4          0          0          0       2557   qcs_lite.o
        64         26        304          0       2048        896   startup_gd32f30x_hd.o
       604          0          0          0          0       2525   system_gd32f30x.o
        32          0          0          0          4       3929   systick.o

    ----------------------------------------------------------------------
      6782         34        336         32       2144      99097   Object Totals
         0          0         32          0          0          0   (incl. Generated)
        40          0          0          0          7          0   (incl. Padding)

    ----------------------------------------------------------------------

      Code (inc. data)   RO Data    RW Data    ZI Data      Debug   Library Member Name

         8          0          0          0          0         68   __main.o
         0          0          0          0          0          0   __rtentry.o
        12          0          0          0          0          0   __rtentry2.o
         6          0          0          0          0          0   __rtentry4.o
        52          8          0          0          0          0   __scatter.o
        26          0          0          0          0          0   __scatter_copy.o
        28          0          0          0          0          0   __scatter_zi.o
        22          0          0          0          0        100   _rserrno.o
        18          0          0          0          0         80   exit.o
         6          0          0          0          0        152   heapauxi.o
         0          0          0          0          0          0   indicate_semi.o
         2          0          0          0          0          0   libinit.o
         6          0          0          0          0          0   libinit2.o
         2          0          0          0          0          0   libshutdown.o
         2          0          0          0          0          0   libshutdown2.o
         8          4          0          0         96         68   libspace.o
         8          4          0          0          0         68   rt_errno_addr_intlibspace.o
       138          0          0          0          0         68   rt_memcpy_v6.o
       100          0          0          0          0         80   rt_memcpy_w.o
         2          0          0          0          0          0   rtexit.o
        10          0          0          0          0          0   rtexit2.o
        12          4          0          0          0         68   sys_exit.o
        74          0          0          0          0         80   sys_stackheap_outer.o
         2          0          0          0          0         68   use_no_semi.o
        26          0          0          0          0        116   fpinit.o
         0          0          0          0          0          0   usenofp.o
       300         42          0          0          0        176   asinf.o
       684         90          0          0          0        208   atan2f.o
        38          0          0          0          0        116   fpclassifyf.o
        44         12          0          0          0        464   funder.o
        62          0          0          0          0        136   sqrtf.o

    ----------------------------------------------------------------------
      1706        164          0          0         96       2116   Library Totals
         8          0          0          0          0          0   (incl. Padding)

    ----------------------------------------------------------------------

      Code (inc. data)   RO Data    RW Data    ZI Data      Debug   Library Name

       544         20          0          0         96        900   c_w.l
        26          0          0          0          0        116   fz_wm.l
      1128        144          0          0          0       1100   m_wm.l

    ----------------------------------------------------------------------
      1706        164          0          0         96       2116   Library Totals

    ----------------------------------------------------------------------

==============================================================================


      Code (inc. data)   RO Data    RW Data    ZI Data      Debug   

      8488        198        336         32       2240      99909   Grand Totals
      8488        198        336         32       2240      99909   ELF Image Totals
      8488        198        336         32          0          0   ROM Totals

==============================================================================

    Total RO  Size (Code + RO Data)                 8824 (   8.62kB)
    Total RW  Size (RW Data + ZI Data)              2272 (   2.22kB)
    Total ROM Size (Code + RO Data + RW Data)       8856 (   8.65kB)

==============================================================================

