<html>
<body>
<pre>
<h1>µVision Build Log</h1>
<h2>Tool Versions:</h2>
IDE-Version: ¦ÌVision V5.38.0.0
Copyright (C) 2022 ARM Ltd and ARM Germany GmbH. All rights reserved.
License Information: qian wan, DUT, LIC=MPPLD-8QCBL-QDTKD-842FZ-0XQR4-UCUSS
 
Tool Versions:
Toolchain:       MDK-ARM Plus  Version: 5.38.0.0
Toolchain Path:  D:\Software\KEIL\ARM\ARMCLANG\Bin
C Compiler:      ArmClang.exe V6.19
Assembler:       Armasm.exe V6.19
Linker/Locator:  ArmLink.exe V6.19
Library Manager: ArmAr.exe V6.19
Hex Converter:   FromElf.exe V6.19
CPU DLL:         SARMCM3.DLL V5.38.0.0
Dialog DLL:      DCM.DLL V1.17.5.0
Target DLL:      CMSIS_AGDI.dll V1.33.15.0
Dialog DLL:      TCM.DLL V1.56.4.0
 
<h2>Project:</h2>
D:\WorkSpace\GD32\RTOS\MDK-Arm\RTOS.uvprojx
Project File Date:  02/15/2023

<h2>Output:</h2>
*** Using Compiler 'V6.19', folder: 'D:\Software\KEIL\ARM\ARMCLANG\Bin'
Build target 'RTOS'
compiling system_gd32f30x.c...
assembling startup_gd32f30x_xd.s...
compiling gd32f30x_adc.c...
compiling gd32f30x_dbg.c...
compiling gd32f30x_exmc.c...
compiling gd32f30x_crc.c...
compiling gd32f30x_enet.c...
compiling gd32f30x_fwdgt.c...
compiling gd32f30x_exti.c...
compiling gd32f30x_ctc.c...
compiling gd32f30x_bkp.c...
compiling gd32f30x_gpio.c...
compiling gd32f30x_dac.c...
compiling gd32f30x_dma.c...
compiling gd32f30x_can.c...
compiling gd32f30x_misc.c...
compiling gd32f30x_i2c.c...
compiling gd32f30x_pmu.c...
compiling gd32f30x_rtc.c...
compiling gd32f30x_fmc.c...
compiling gd32f30x_rcu.c...
compiling gd32f30x_sdio.c...
compiling gd32f30x_spi.c...
compiling gd32f30x_wwdgt.c...
compiling gd32f30x_usart.c...
compiling usbd_lld_int.c...
compiling usbd_core.c...
compiling usbd_pwr.c...
compiling usbd_lld_core.c...
compiling usbd_enum.c...
compiling gd32f30x_timer.c...
compiling usbd_transc.c...
compiling gd32f30x_it.c...
compiling clock.c...
compiling components.c...
compiling cpu.c...
compiling idle.c...
compiling irq.c...
compiling main.cpp...
compiling memheap.c...
compiling ipc.c...
compiling mem.c...
compiling mempool.c...
compiling BasicMathFunctions.c...
compiling object.c...
compiling scheduler.c...
compiling slab.c...
compiling kservice.c...
compiling board.c...
compiling thread.c...
compiling cpuport.c...
compiling timer.c...
assembling context_rvds.S...
compiling CommonTables.c...
linking...
Program Size: Code=8114 RO-data=762 RW-data=68 ZI-data=7124  
".\Objects\RTOS.axf" - 0 Error(s), 0 Warning(s).

<h2>Software Packages used:</h2>

Package Vendor: GigaDevice
                https://gd32mcu.com/data/documents/pack/GigaDevice.GD32F30x_DFP.2.2.1.pack
                GigaDevice.GD32F30x_DFP.2.2.1
                GigaDevice GD32F30x Series Device Support and Examples

<h2>Collection of Component include folders:</h2>
  D:/Software/KEIL/GigaDevice/GD32F30x_DFP/2.2.1/Device/Include

<h2>Collection of Component Files used:</h2>
Build Time Elapsed:  00:00:02
</pre>
</body>
</html>
