Component: Arm Compiler for Embedded 6.19 Tool: armlink [5e73cb00]

==============================================================================

Section Cross References

    system_gd32f30x.o(.text.SystemInit) refers to system_gd32f30x.o(.text.system_clock_config) for system_clock_config
    system_gd32f30x.o(.ARM.exidx.text.SystemInit) refers to system_gd32f30x.o(.text.SystemInit) for [Anonymous Symbol]
    system_gd32f30x.o(.text.system_clock_config) refers to system_gd32f30x.o(.text.system_clock_120m_hxtal) for system_clock_120m_hxtal
    system_gd32f30x.o(.ARM.exidx.text.system_clock_config) refers to system_gd32f30x.o(.text.system_clock_config) for [Anonymous Symbol]
    system_gd32f30x.o(.text.SystemCoreClockUpdate) refers to system_gd32f30x.o(.data.SystemCoreClock) for SystemCoreClock
    system_gd32f30x.o(.ARM.exidx.text.SystemCoreClockUpdate) refers to system_gd32f30x.o(.text.SystemCoreClockUpdate) for [Anonymous Symbol]
    system_gd32f30x.o(.ARM.exidx.text.system_clock_120m_hxtal) refers to system_gd32f30x.o(.text.system_clock_120m_hxtal) for [Anonymous Symbol]
    startup_gd32f30x_hd.o(STACK) refers (Special) to heapauxi.o(.text) for __use_two_region_memory
    startup_gd32f30x_hd.o(HEAP) refers (Special) to heapauxi.o(.text) for __use_two_region_memory
    startup_gd32f30x_hd.o(RESET) refers (Special) to heapauxi.o(.text) for __use_two_region_memory
    startup_gd32f30x_hd.o(RESET) refers to startup_gd32f30x_hd.o(STACK) for __initial_sp
    startup_gd32f30x_hd.o(RESET) refers to startup_gd32f30x_hd.o(.text) for Reset_Handler
    startup_gd32f30x_hd.o(RESET) refers to gd32f30x_it.o(.text.NMI_Handler) for NMI_Handler
    startup_gd32f30x_hd.o(RESET) refers to gd32f30x_it.o(.text.HardFault_Handler) for HardFault_Handler
    startup_gd32f30x_hd.o(RESET) refers to gd32f30x_it.o(.text.MemManage_Handler) for MemManage_Handler
    startup_gd32f30x_hd.o(RESET) refers to gd32f30x_it.o(.text.BusFault_Handler) for BusFault_Handler
    startup_gd32f30x_hd.o(RESET) refers to gd32f30x_it.o(.text.UsageFault_Handler) for UsageFault_Handler
    startup_gd32f30x_hd.o(RESET) refers to gd32f30x_it.o(.text.SVC_Handler) for SVC_Handler
    startup_gd32f30x_hd.o(RESET) refers to gd32f30x_it.o(.text.DebugMon_Handler) for DebugMon_Handler
    startup_gd32f30x_hd.o(RESET) refers to gd32f30x_it.o(.text.PendSV_Handler) for PendSV_Handler
    startup_gd32f30x_hd.o(RESET) refers to gd32f30x_it.o(.text.SysTick_Handler) for SysTick_Handler
    startup_gd32f30x_hd.o(RESET) refers to main.o(.text.DMA0_Channel1_IRQHandler) for DMA0_Channel1_IRQHandler
    startup_gd32f30x_hd.o(RESET) refers to main.o(.text.DMA0_Channel2_IRQHandler) for DMA0_Channel2_IRQHandler
    startup_gd32f30x_hd.o(RESET) refers to main.o(.text.DMA0_Channel3_IRQHandler) for DMA0_Channel3_IRQHandler
    startup_gd32f30x_hd.o(RESET) refers to main.o(.text.DMA0_Channel4_IRQHandler) for DMA0_Channel4_IRQHandler
    startup_gd32f30x_hd.o(RESET) refers to main.o(.text.DMA0_Channel5_IRQHandler) for DMA0_Channel5_IRQHandler
    startup_gd32f30x_hd.o(RESET) refers to main.o(.text.DMA0_Channel6_IRQHandler) for DMA0_Channel6_IRQHandler
    startup_gd32f30x_hd.o(RESET) refers to main.o(.text.CAN0_RX1_IRQHandler) for CAN0_RX1_IRQHandler
    startup_gd32f30x_hd.o(RESET) refers to main.o(.text.TIMER2_IRQHandler) for TIMER2_IRQHandler
    startup_gd32f30x_hd.o(RESET) refers to main.o(.text.USART0_IRQHandler) for USART0_IRQHandler
    startup_gd32f30x_hd.o(RESET) refers to main.o(.text.USART1_IRQHandler) for USART1_IRQHandler
    startup_gd32f30x_hd.o(RESET) refers to main.o(.text.DMA1_Channel0_IRQHandler) for DMA1_Channel0_IRQHandler
    startup_gd32f30x_hd.o(RESET) refers to main.o(.text.DMA1_Channel1_IRQHandler) for DMA1_Channel1_IRQHandler
    startup_gd32f30x_hd.o(.text) refers (Special) to heapauxi.o(.text) for __use_two_region_memory
    startup_gd32f30x_hd.o(.text) refers to system_gd32f30x.o(.text.SystemInit) for SystemInit
    startup_gd32f30x_hd.o(.text) refers to __main.o(!!!main) for __main
    startup_gd32f30x_hd.o(.text) refers to startup_gd32f30x_hd.o(HEAP) for Heap_Mem
    startup_gd32f30x_hd.o(.text) refers to startup_gd32f30x_hd.o(STACK) for Stack_Mem
    gd32f30x_adc.o(.text.adc_deinit) refers to gd32f30x_rcu.o(.text.rcu_periph_reset_enable) for rcu_periph_reset_enable
    gd32f30x_adc.o(.text.adc_deinit) refers to gd32f30x_rcu.o(.text.rcu_periph_reset_disable) for rcu_periph_reset_disable
    gd32f30x_adc.o(.ARM.exidx.text.adc_deinit) refers to gd32f30x_adc.o(.text.adc_deinit) for [Anonymous Symbol]
    gd32f30x_adc.o(.ARM.exidx.text.adc_enable) refers to gd32f30x_adc.o(.text.adc_enable) for [Anonymous Symbol]
    gd32f30x_adc.o(.ARM.exidx.text.adc_disable) refers to gd32f30x_adc.o(.text.adc_disable) for [Anonymous Symbol]
    gd32f30x_adc.o(.ARM.exidx.text.adc_calibration_enable) refers to gd32f30x_adc.o(.text.adc_calibration_enable) for [Anonymous Symbol]
[...]
    ../fplib/deqf.s                          0x00000000   Number         0  deqf.o ABSOLUTE
    ../fplib/dfix.s                          0x00000000   Number         0  dfix.o ABSOLUTE
    ../fplib/dfixll.s                        0x00000000   Number         0  dfixll.o ABSOLUTE
    ../fplib/dflt.s                          0x00000000   Number         0  dflt_clz.o ABSOLUTE
    ../fplib/dgeqf.s                         0x00000000   Number         0  dgeqf.o ABSOLUTE
    ../fplib/dleqf.s                         0x00000000   Number         0  dleqf.o ABSOLUTE
    ../fplib/dmul.s                          0x00000000   Number         0  dmul.o ABSOLUTE
    ../fplib/dnaninf.s                       0x00000000   Number         0  dnaninf.o ABSOLUTE
    ../fplib/dretinf.s                       0x00000000   Number         0  dretinf.o ABSOLUTE
    ../fplib/drleqf.s                        0x00000000   Number         0  drleqf.o ABSOLUTE
    ../fplib/dsqrt.s                         0x00000000   Number         0  dsqrt_umaal.o ABSOLUTE
    ../fplib/f2d.s                           0x00000000   Number         0  f2d.o ABSOLUTE
    ../fplib/ffixll.s                        0x00000000   Number         0  ffixll.o ABSOLUTE
    ../fplib/fnaninf.s                       0x00000000   Number         0  fnaninf.o ABSOLUTE
    ../fplib/fpinit.s                        0x00000000   Number         0  fpinit.o ABSOLUTE
    ../fplib/fretinf.s                       0x00000000   Number         0  fretinf.o ABSOLUTE
    ../fplib/istatus.s                       0x00000000   Number         0  istatus.o ABSOLUTE
    ../fplib/usenofp.s                       0x00000000   Number         0  usenofp.o ABSOLUTE
    ../mathlib/dunder.c                      0x00000000   Number         0  dunder.o ABSOLUTE
    ../mathlib/exp.c                         0x00000000   Number         0  exp.o ABSOLUTE
    ../mathlib/expf.c                        0x00000000   Number         0  expf.o ABSOLUTE
    ../mathlib/floor.c                       0x00000000   Number         0  floor.o ABSOLUTE
    ../mathlib/fpclassify.c                  0x00000000   Number         0  fpclassify.o ABSOLUTE
    ../mathlib/fpclassifyf.c                 0x00000000   Number         0  fpclassifyf.o ABSOLUTE
    ../mathlib/funder.c                      0x00000000   Number         0  funder.o ABSOLUTE
    ../mathlib/log.c                         0x00000000   Number         0  log.o ABSOLUTE
    ../mathlib/logf.c                        0x00000000   Number         0  logf.o ABSOLUTE
    ../mathlib/poly.c                        0x00000000   Number         0  poly.o ABSOLUTE
    ../mathlib/powf.c                        0x00000000   Number         0  powf.o ABSOLUTE
    ../mathlib/qnan.c                        0x00000000   Number         0  qnan.o ABSOLUTE
    ../mathlib/sqrt.c                        0x00000000   Number         0  sqrt.o ABSOLUTE
    ../mathlib/sqrtf.c                       0x00000000   Number         0  sqrtf.o ABSOLUTE
    ../mathlib/tanhf.c                       0x00000000   Number         0  tanhf.o ABSOLUTE
    BasicMathFunctions.c                     0x00000000   Number         0  basicmathfunctions.o ABSOLUTE
    BasicMathFunctionsF16.c                  0x00000000   Number         0  basicmathfunctionsf16.o ABSOLUTE
    BayesFunctions.c                         0x00000000   Number         0  bayesfunctions.o ABSOLUTE
    BayesFunctionsF16.c                      0x00000000   Number         0  bayesfunctionsf16.o ABSOLUTE
    CommonTables.c                           0x00000000   Number         0  commontables.o ABSOLUTE
    CommonTablesF16.c                        0x00000000   Number         0  commontablesf16.o ABSOLUTE
    ComplexMathFunctions.c                   0x00000000   Number         0  complexmathfunctions.o ABSOLUTE
    ComplexMathFunctionsF16.c                0x00000000   Number         0  complexmathfunctionsf16.o ABSOLUTE
    ControllerFunctions.c                    0x00000000   Number         0  controllerfunctions.o ABSOLUTE
    Delay.c                                  0x00000000   Number         0  delay.o ABSOLUTE
    DistanceFunctions.c                      0x00000000   Number         0  distancefunctions.o ABSOLUTE
    DistanceFunctionsF16.c                   0x00000000   Number         0  distancefunctionsf16.o ABSOLUTE
    FastMathFunctions.c                      0x00000000   Number         0  fastmathfunctions.o ABSOLUTE
    FastMathFunctionsF16.c                   0x00000000   Number         0  fastmathfunctionsf16.o ABSOLUTE
    FilteringFunctions.c                     0x00000000   Number         0  filteringfunctions.o ABSOLUTE
    FilteringFunctionsF16.c                  0x00000000   Number         0  filteringfunctionsf16.o ABSOLUTE
    IIC_Software_GD.cpp                      0x00000000   Number         0  iic_software_gd.o ABSOLUTE
    InterpolationFunctions.c                 0x00000000   Number         0  interpolationfunctions.o ABSOLUTE
    InterpolationFunctionsF16.c              0x00000000   Number         0  interpolationfunctionsf16.o ABSOLUTE
    MatrixFunctions.c                        0x00000000   Number         0  matrixfunctions.o ABSOLUTE
    MatrixFunctionsF16.c                     0x00000000   Number         0  matrixfunctionsf16.o ABSOLUTE
    QuaternionMathFunctions.c                0x00000000   Number         0  quaternionmathfunctions.o ABSOLUTE
    SPI_GD.cpp                               0x00000000   Number         0  spi_gd.o ABSOLUTE
    SVMFunctions.c                           0x00000000   Number         0  svmfunctions.o ABSOLUTE
    SVMFunctionsF16.c                        0x00000000   Number         0  svmfunctionsf16.o ABSOLUTE
    StatisticsFunctions.c                    0x00000000   Number         0  statisticsfunctions.o ABSOLUTE
    StatisticsFunctionsF16.c                 0x00000000   Number         0  statisticsfunctionsf16.o ABSOLUTE
    SupportFunctions.c                       0x00000000   Number         0  supportfunctions.o ABSOLUTE
    SupportFunctionsF16.c                    0x00000000   Number         0  supportfunctionsf16.o ABSOLUTE
    TransformFunctions.c                     0x00000000   Number         0  transformfunctions.o ABSOLUTE
    TransformFunctionsF16.c                  0x00000000   Number         0  transformfunctionsf16.o ABSOLUTE
    UART_GD.cpp                              0x00000000   Number         0  uart_gd.o ABSOLUTE
    dc.s                                     0x00000000   Number         0  dc.o ABSOLUTE
    gd32f30x_adc.c                           0x00000000   Number         0  gd32f30x_adc.o ABSOLUTE
    gd32f30x_bkp.c                           0x00000000   Number         0  gd32f30x_bkp.o ABSOLUTE
    gd32f30x_can.c                           0x00000000   Number         0  gd32f30x_can.o ABSOLUTE
    gd32f30x_crc.c                           0x00000000   Number         0  gd32f30x_crc.o ABSOLUTE
    gd32f30x_ctc.c                           0x00000000   Number         0  gd32f30x_ctc.o ABSOLUTE
    gd32f30x_dac.c                           0x00000000   Number         0  gd32f30x_dac.o ABSOLUTE
    gd32f30x_dbg.c                           0x00000000   Number         0  gd32f30x_dbg.o ABSOLUTE
    gd32f30x_dma.c                           0x00000000   Number         0  gd32f30x_dma.o ABSOLUTE
    gd32f30x_enet.c                          0x00000000   Number         0  gd32f30x_enet.o ABSOLUTE
    gd32f30x_exmc.c                          0x00000000   Number         0  gd32f30x_exmc.o ABSOLUTE
    gd32f30x_exti.c                          0x00000000   Number         0  gd32f30x_exti.o ABSOLUTE
    gd32f30x_fmc.c                           0x00000000   Number         0  gd32f30x_fmc.o ABSOLUTE
    gd32f30x_fwdgt.c                         0x00000000   Number         0  gd32f30x_fwdgt.o ABSOLUTE
    gd32f30x_gpio.c                          0x00000000   Number         0  gd32f30x_gpio.o ABSOLUTE
    gd32f30x_i2c.c                           0x00000000   Number         0  gd32f30x_i2c.o ABSOLUTE
    gd32f30x_it.c                            0x00000000   Number         0  gd32f30x_it.o ABSOLUTE
    gd32f30x_misc.c                          0x00000000   Number         0  gd32f30x_misc.o ABSOLUTE
    gd32f30x_pmu.c                           0x00000000   Number         0  gd32f30x_pmu.o ABSOLUTE
    gd32f30x_rcu.c                           0x00000000   Number         0  gd32f30x_rcu.o ABSOLUTE
    gd32f30x_rtc.c                           0x00000000   Number         0  gd32f30x_rtc.o ABSOLUTE
    gd32f30x_sdio.c                          0x00000000   Number         0  gd32f30x_sdio.o ABSOLUTE
    gd32f30x_spi.c                           0x00000000   Number         0  gd32f30x_spi.o ABSOLUTE
    gd32f30x_timer.c                         0x00000000   Number         0  gd32f30x_timer.o ABSOLUTE
    gd32f30x_usart.c                         0x00000000   Number         0  gd32f30x_usart.o ABSOLUTE
    gd32f30x_wwdgt.c                         0x00000000   Number         0  gd32f30x_wwdgt.o ABSOLUTE
    main.cpp                                 0x00000000   Number         0  main.o ABSOLUTE
    system_gd32f30x.c                        0x00000000   Number         0  system_gd32f30x.o ABSOLUTE
    systick.c                                0x00000000   Number         0  systick.o ABSOLUTE
    RESET                                    0x08000000   Section      304  startup_gd32f30x_hd.o(RESET)
    !!!main                                  0x08000130   Section        8  __main.o(!!!main)
    !!!scatter                               0x08000138   Section       52  __scatter.o(!!!scatter)
    !!handler_copy                           0x0800016c   Section       26  __scatter_copy.o(!!handler_copy)
    !!handler_zi                             0x08000188   Section       28  __scatter_zi.o(!!handler_zi)
    .ARM.Collect$$libinit$$00000000          0x080001a4   Section        2  libinit.o(.ARM.Collect$$libinit$$00000000)
    .ARM.Collect$$libinit$$00000001          0x080001a6   Section        4  libinit2.o(.ARM.Collect$$libinit$$00000001)
    .ARM.Collect$$libinit$$00000004          0x080001aa   Section        0  libinit2.o(.ARM.Collect$$libinit$$00000004)
    .ARM.Collect$$libinit$$00000006          0x080001aa   Section        0  libinit2.o(.ARM.Collect$$libinit$$00000006)
    .ARM.Collect$$libinit$$0000000C          0x080001aa   Section        0  libinit2.o(.ARM.Collect$$libinit$$0000000C)
    .ARM.Collect$$libinit$$0000000E          0x080001aa   Section        0  libinit2.o(.ARM.Collect$$libinit$$0000000E)
    .ARM.Collect$$libinit$$00000010          0x080001aa   Section        0  libinit2.o(.ARM.Collect$$libinit$$00000010)
    .ARM.Collect$$libinit$$00000013          0x080001aa   Section        0  libinit2.o(.ARM.Collect$$libinit$$00000013)
    .ARM.Collect$$libinit$$00000015          0x080001aa   Section        0  libinit2.o(.ARM.Collect$$libinit$$00000015)
    .ARM.Collect$$libinit$$00000017          0x080001aa   Section        0  libinit2.o(.ARM.Collect$$libinit$$00000017)
    .ARM.Collect$$libinit$$00000019          0x080001aa   Section        0  libinit2.o(.ARM.Collect$$libinit$$00000019)
    .ARM.Collect$$libinit$$0000001B          0x080001aa   Section        0  libinit2.o(.ARM.Collect$$libinit$$0000001B)
    .ARM.Collect$$libinit$$0000001D          0x080001aa   Section        0  libinit2.o(.ARM.Collect$$libinit$$0000001D)
    .ARM.Collect$$libinit$$0000001F          0x080001aa   Section        0  libinit2.o(.ARM.Collect$$libinit$$0000001F)
    .ARM.Collect$$libinit$$00000021          0x080001aa   Section        0  libinit2.o(.ARM.Collect$$libinit$$00000021)
    .ARM.Collect$$libinit$$00000023          0x080001aa   Section        0  libinit2.o(.ARM.Collect$$libinit$$00000023)
    .ARM.Collect$$libinit$$00000025          0x080001aa   Section        0  libinit2.o(.ARM.Collect$$libinit$$00000025)
    .ARM.Collect$$libinit$$00000027          0x080001aa   Section        0  libinit2.o(.ARM.Collect$$libinit$$00000027)
    .ARM.Collect$$libinit$$0000002E          0x080001aa   Section        0  libinit2.o(.ARM.Collect$$libinit$$0000002E)
    .ARM.Collect$$libinit$$00000030          0x080001aa   Section        0  libinit2.o(.ARM.Collect$$libinit$$00000030)
    .ARM.Collect$$libinit$$00000032          0x080001aa   Section        0  libinit2.o(.ARM.Collect$$libinit$$00000032)
    .ARM.Collect$$libinit$$00000033          0x080001aa   Section        4  libinit2.o(.ARM.Collect$$libinit$$00000033)
    .ARM.Collect$$libinit$$00000034          0x080001ae   Section        0  libinit2.o(.ARM.Collect$$libinit$$00000034)
    .ARM.Collect$$libinit$$00000035          0x080001ae   Section        2  libinit2.o(.ARM.Collect$$libinit$$00000035)
    .ARM.Collect$$libshutdown$$00000000      0x080001b0   Section        2  libshutdown.o(.ARM.Collect$$libshutdown$$00000000)
    .ARM.Collect$$libshutdown$$00000002      0x080001b2   Section        0  libshutdown2.o(.ARM.Collect$$libshutdown$$00000002)
    .ARM.Collect$$libshutdown$$00000004      0x080001b2   Section        0  libshutdown2.o(.ARM.Collect$$libshutdown$$00000004)
    .ARM.Collect$$libshutdown$$00000007      0x080001b2   Section        0  libshutdown2.o(.ARM.Collect$$libshutdown$$00000007)
    .ARM.Collect$$libshutdown$$0000000A      0x080001b2   Section        0  libshutdown2.o(.ARM.Collect$$libshutdown$$0000000A)
    .ARM.Collect$$libshutdown$$0000000C      0x080001b2   Section        0  libshutdown2.o(.ARM.Collect$$libshutdown$$0000000C)
    .ARM.Collect$$libshutdown$$0000000F      0x080001b2   Section        0  libshutdown2.o(.ARM.Collect$$libshutdown$$0000000F)
    .ARM.Collect$$libshutdown$$00000010      0x080001b2   Section        2  libshutdown2.o(.ARM.Collect$$libshutdown$$00000010)
    .ARM.Collect$$rtentry$$00000000          0x080001b4   Section        0  __rtentry.o(.ARM.Collect$$rtentry$$00000000)
    .ARM.Collect$$rtentry$$00000002          0x080001b4   Section        0  __rtentry2.o(.ARM.Collect$$rtentry$$00000002)
    .ARM.Collect$$rtentry$$00000004          0x080001b4   Section        6  __rtentry4.o(.ARM.Collect$$rtentry$$00000004)
    .ARM.Collect$$rtentry$$00000009          0x080001ba   Section        0  __rtentry2.o(.ARM.Collect$$rtentry$$00000009)
    .ARM.Collect$$rtentry$$0000000A          0x080001ba   Section        4  __rtentry2.o(.ARM.Collect$$rtentry$$0000000A)
    .ARM.Collect$$rtentry$$0000000C          0x080001be   Section        0  __rtentry2.o(.ARM.Collect$$rtentry$$0000000C)
    .ARM.Collect$$rtentry$$0000000D          0x080001be   Section        8  __rtentry2.o(.ARM.Collect$$rtentry$$0000000D)
    .ARM.Collect$$rtexit$$00000000           0x080001c6   Section        2  rtexit.o(.ARM.Collect$$rtexit$$00000000)
    .ARM.Collect$$rtexit$$00000002           0x080001c8   Section        0  rtexit2.o(.ARM.Collect$$rtexit$$00000002)
    .ARM.Collect$$rtexit$$00000003           0x080001c8   Section        4  rtexit2.o(.ARM.Collect$$rtexit$$00000003)
    .ARM.Collect$$rtexit$$00000004           0x080001cc   Section        6  rtexit2.o(.ARM.Collect$$rtexit$$00000004)
    $v0                                      0x080001d4   Number         0  startup_gd32f30x_hd.o(.text)
    .text                                    0x080001d4   Section       64  startup_gd32f30x_hd.o(.text)
    .text                                    0x08000214   Section      138  rt_memcpy_v6.o(.text)
    .text                                    0x0800029e   Section      100  rt_memcpy_w.o(.text)
    .text                                    0x08000302   Section        0  heapauxi.o(.text)
    .text                                    0x08000308   Section        0  init_aeabi.o(.text)
    .text                                    0x0800032c   Section        8  libspace.o(.text)
    .text                                    0x08000334   Section       74  sys_stackheap_outer.o(.text)
    .text                                    0x0800037e   Section        0  exit.o(.text)
    .text                                    0x08000390   Section        0  sys_exit.o(.text)
    .text                                    0x0800039c   Section        2  use_no_semi.o(.text)
    .text                                    0x0800039e   Section        0  indicate_semi.o(.text)
    [Anonymous Symbol]                       0x080003a0   Section        0  gd32f30x_it.o(.text.BusFault_Handler)
    [Anonymous Symbol]                       0x080003a4   Section        0  main.o(.text.CAN0_RX1_IRQHandler)
    [Anonymous Symbol]                       0x080003c0   Section        0  main.o(.text.DMA0_Channel1_IRQHandler)
    [Anonymous Symbol]                       0x080003d0   Section        0  main.o(.text.DMA0_Channel2_IRQHandler)
    [Anonymous Symbol]                       0x080003f8   Section        0  main.o(.text.DMA0_Channel3_IRQHandler)
    [Anonymous Symbol]                       0x08000408   Section        0  main.o(.text.DMA0_Channel4_IRQHandler)
    [Anonymous Symbol]                       0x08000430   Section        0  main.o(.text.DMA0_Channel5_IRQHandler)
    [Anonymous Symbol]                       0x08000458   Section        0  main.o(.text.DMA0_Channel6_IRQHandler)
    [Anonymous Symbol]                       0x08000468   Section        0  main.o(.text.DMA1_Channel0_IRQHandler)
    [Anonymous Symbol]                       0x08000478   Section        0  main.o(.text.DMA1_Channel1_IRQHandler)
    [Anonymous Symbol]                       0x080004a0   Section        0  gd32f30x_it.o(.text.DebugMon_Handler)
    [Anonymous Symbol]                       0x080004a4   Section        0  gd32f30x_it.o(.text.HardFault_Handler)
    [Anonymous Symbol]                       0x080004a8   Section        0  gd32f30x_it.o(.text.MemManage_Handler)
    [Anonymous Symbol]                       0x080004ac   Section        0  gd32f30x_it.o(.text.NMI_Handler)
    [Anonymous Symbol]                       0x080004b0   Section        0  gd32f30x_it.o(.text.PendSV_Handler)
    [Anonymous Symbol]                       0x080004b4   Section        0  gd32f30x_it.o(.text.SVC_Handler)
    [Anonymous Symbol]                       0x080004b8   Section        0  gd32f30x_it.o(.text.SysTick_Handler)
    [Anonymous Symbol]                       0x080004c0   Section        0  system_gd32f30x.o(.text.SystemInit)
    [Anonymous Symbol]                       0x080005a0   Section        0  main.o(.text.TIMER2_IRQHandler)
    [Anonymous Symbol]                       0x0800061c   Section        0  main.o(.text.USART0_IRQHandler)
    [Anonymous Symbol]                       0x08000668   Section        0  main.o(.text.USART1_IRQHandler)
    [Anonymous Symbol]                       0x080006b4   Section        0  gd32f30x_it.o(.text.UsageFault_Handler)
    _GLOBAL__sub_I_main.cpp                  0x080006b9   Thumb Code    28  main.o(.text._GLOBAL__sub_I_main.cpp)
    [Anonymous Symbol]                       0x080006b8   Section        0  main.o(.text._GLOBAL__sub_I_main.cpp)
    [Anonymous Symbol]                       0x080006d4   Section        0  main.o(.text._Z10Timer_Initv)
    [Anonymous Symbol]                       0x08000990   Section        0  main.o(.text._Z12CAN_TransmitjPh)
    [Anonymous Symbol]                       0x08000a00   Section        0  main.o(.text._Z8CAN_Initv)
    [Anonymous Symbol]                       0x08000ad8   Section        0  main.o(.text._Z8SPI_Initv)
    [Anonymous Symbol]                       0x08000d88   Section        0  main.o(.text._Z9UART_Initv)
    [Anonymous Symbol]                       0x08000fdc   Section        0  spi_gd.o(.text._ZN4cSPI12Transmit_DMAEPht)
    [Anonymous Symbol]                       0x08001040   Section        0  main.o(.text._ZN4cSPI4CS_1Ev)
    [Anonymous Symbol]                       0x08001050   Section        0  main.o(.text._ZN4cSPI5DelayEv)
    [Anonymous Symbol]                       0x08001060   Section        0  spi_gd.o(.text._ZN4cSPI6IRQ_RxEv)
    [Anonymous Symbol]                       0x080010a8   Section        0  spi_gd.o(.text._ZN4cSPI6IRQ_TxEv)
    [Anonymous Symbol]                       0x080010f0   Section        0  main.o(.text._ZN4cSPI8SPI_InitEjjjj16dma_channel_enumjS0_)
    [Anonymous Symbol]                       0x08001148   Section        0  main.o(.text._ZN4cSPIC2Ev)
    [Anonymous Symbol]                       0x08001160   Section        0  uart_gd.o(.text._ZN5cUART11Recieve_DMAEPht)
    [Anonymous Symbol]                       0x0800121c   Section        0  main.o(.text._ZN5cUART11Recieve_IRQEv)
    [Anonymous Symbol]                       0x08001308   Section        0  uart_gd.o(.text._ZN5cUART12Transmit_DMAEPht)
    [Anonymous Symbol]                       0x08001370   Section        0  main.o(.text._ZN5cUART12Transmit_IRQEv)
    [Anonymous Symbol]                       0x080013b8   Section        0  main.o(.text._ZN5cUART5DelayEv)
    [Anonymous Symbol]                       0x080013c8   Section        0  uart_gd.o(.text._ZN5cUART8TransmitEPhtj)
    [Anonymous Symbol]                       0x08001498   Section        0  main.o(.text._ZN5cUART9UART_InitEjj16dma_channel_enumjS0_)
    [Anonymous Symbol]                       0x080014d8   Section        0  main.o(.text._ZN5cUARTC2Ev)
    __cxx_global_var_init                    0x080014fd   Thumb Code    16  main.o(.text.__cxx_global_var_init)
    [Anonymous Symbol]                       0x080014fc   Section        0  main.o(.text.__cxx_global_var_init)
    __cxx_global_var_init.1                  0x0800150d   Thumb Code    16  main.o(.text.__cxx_global_var_init.1)
    [Anonymous Symbol]                       0x0800150c   Section        0  main.o(.text.__cxx_global_var_init.1)
    __cxx_global_var_init.2                  0x0800151d   Thumb Code    16  main.o(.text.__cxx_global_var_init.2)
    [Anonymous Symbol]                       0x0800151c   Section        0  main.o(.text.__cxx_global_var_init.2)
    __cxx_global_var_init.3                  0x0800152d   Thumb Code    16  main.o(.text.__cxx_global_var_init.3)
    [Anonymous Symbol]                       0x0800152c   Section        0  main.o(.text.__cxx_global_var_init.3)
    __cxx_global_var_init.4                  0x0800153d   Thumb Code    16  main.o(.text.__cxx_global_var_init.4)
    [Anonymous Symbol]                       0x0800153c   Section        0  main.o(.text.__cxx_global_var_init.4)
    __cxx_global_var_init.5                  0x0800154d   Thumb Code    16  main.o(.text.__cxx_global_var_init.5)
    [Anonymous Symbol]                       0x0800154c   Section        0  main.o(.text.__cxx_global_var_init.5)
    [Anonymous Symbol]                       0x0800155c   Section        0  basicmathfunctions.o(.text.arm_mult_f64)
    [Anonymous Symbol]                       0x080015b4   Section        0  gd32f30x_can.o(.text.can_deinit)
    [Anonymous Symbol]                       0x080015e0   Section        0  gd32f30x_can.o(.text.can_filter_init)
    [Anonymous Symbol]                       0x08001730   Section        0  gd32f30x_can.o(.text.can_init)
    [Anonymous Symbol]                       0x080018f0   Section        0  gd32f30x_can.o(.text.can_interrupt_enable)
    [Anonymous Symbol]                       0x08001904   Section        0  gd32f30x_can.o(.text.can_message_receive)
    [Anonymous Symbol]                       0x08001a58   Section        0  gd32f30x_can.o(.text.can_message_transmit)
    [Anonymous Symbol]                       0x08001ba0   Section        0  gd32f30x_can.o(.text.can_struct_para_init)
    [Anonymous Symbol]                       0x08001cd8   Section        0  systick.o(.text.delay_decrement)
    [Anonymous Symbol]                       0x08001cf8   Section        0  gd32f30x_dma.o(.text.dma_channel_disable)
    [Anonymous Symbol]                       0x08001d30   Section        0  gd32f30x_dma.o(.text.dma_channel_enable)
    [Anonymous Symbol]                       0x08001d68   Section        0  gd32f30x_dma.o(.text.dma_circulation_disable)
    [Anonymous Symbol]                       0x08001da0   Section        0  gd32f30x_dma.o(.text.dma_deinit)
    [Anonymous Symbol]                       0x08001e2c   Section        0  gd32f30x_dma.o(.text.dma_init)
    [Anonymous Symbol]                       0x08001f74   Section        0  gd32f30x_dma.o(.text.dma_interrupt_enable)
    [Anonymous Symbol]                       0x08001fac   Section        0  gd32f30x_dma.o(.text.dma_interrupt_flag_clear)
    [Anonymous Symbol]                       0x08001fd0   Section        0  gd32f30x_dma.o(.text.dma_interrupt_flag_get)
    [Anonymous Symbol]                       0x080020a0   Section        0  gd32f30x_dma.o(.text.dma_memory_address_config)
    [Anonymous Symbol]                       0x080020d4   Section        0  gd32f30x_dma.o(.text.dma_memory_to_memory_disable)
    dma_periph_and_channel_check             0x0800210d   Thumb Code    58  gd32f30x_dma.o(.text.dma_periph_and_channel_check)
    [Anonymous Symbol]                       0x0800210c   Section        0  gd32f30x_dma.o(.text.dma_periph_and_channel_check)
    [Anonymous Symbol]                       0x08002148   Section        0  gd32f30x_dma.o(.text.dma_struct_para_init)
    [Anonymous Symbol]                       0x08002180   Section        0  gd32f30x_dma.o(.text.dma_transfer_number_config)
    [Anonymous Symbol]                       0x080021b8   Section        0  gd32f30x_dma.o(.text.dma_transfer_number_get)
    [Anonymous Symbol]                       0x080021e8   Section        0  gd32f30x_gpio.o(.text.gpio_init)
    [Anonymous Symbol]                       0x0800236c   Section        0  main.o(.text.main)
    [Anonymous Symbol]                       0x08002588   Section        0  gd32f30x_misc.o(.text.nvic_irq_enable)
    [Anonymous Symbol]                       0x080026b4   Section        0  gd32f30x_misc.o(.text.nvic_priority_group_set)
    [Anonymous Symbol]                       0x080026d0   Section        0  delay.o(.text.qDelay_init)
    [Anonymous Symbol]                       0x08002718   Section        0  delay.o(.text.qDelay_us)
    [Anonymous Symbol]                       0x080027a4   Section        0  gd32f30x_rcu.o(.text.rcu_clock_freq_get)
    [Anonymous Symbol]                       0x08002994   Section        0  gd32f30x_rcu.o(.text.rcu_periph_clock_enable)
    [Anonymous Symbol]                       0x080029bc   Section        0  gd32f30x_rcu.o(.text.rcu_periph_reset_disable)
    [Anonymous Symbol]                       0x080029e4   Section        0  gd32f30x_rcu.o(.text.rcu_periph_reset_enable)
    [Anonymous Symbol]                       0x08002a0c   Section        0  gd32f30x_spi.o(.text.spi_dma_enable)
    [Anonymous Symbol]                       0x08002a38   Section        0  gd32f30x_spi.o(.text.spi_enable)
    [Anonymous Symbol]                       0x08002a4c   Section        0  gd32f30x_spi.o(.text.spi_i2s_deinit)
    [Anonymous Symbol]                       0x08002ac0   Section        0  gd32f30x_spi.o(.text.spi_i2s_flag_get)
    [Anonymous Symbol]                       0x08002aec   Section        0  gd32f30x_spi.o(.text.spi_init)
    [Anonymous Symbol]                       0x08002b60   Section        0  gd32f30x_spi.o(.text.spi_quad_disable)
    system_clock_120m_hxtal                  0x08002b79   Thumb Code   372  system_gd32f30x.o(.text.system_clock_120m_hxtal)
    [Anonymous Symbol]                       0x08002b78   Section        0  system_gd32f30x.o(.text.system_clock_120m_hxtal)
    system_clock_config                      0x08002ced   Thumb Code     8  system_gd32f30x.o(.text.system_clock_config)
    [Anonymous Symbol]                       0x08002cec   Section        0  system_gd32f30x.o(.text.system_clock_config)
    [Anonymous Symbol]                       0x08002cf4   Section        0  gd32f30x_timer.o(.text.timer_auto_reload_shadow_enable)
    [Anonymous Symbol]                       0x08002d08   Section        0  gd32f30x_timer.o(.text.timer_channel_output_config)
    [Anonymous Symbol]                       0x08002fd8   Section        0  gd32f30x_timer.o(.text.timer_channel_output_mode_config)
    [Anonymous Symbol]                       0x08003064   Section        0  gd32f30x_timer.o(.text.timer_channel_output_pulse_value_config)
    [Anonymous Symbol]                       0x080030ac   Section        0  gd32f30x_timer.o(.text.timer_channel_output_shadow_config)
    [Anonymous Symbol]                       0x08003138   Section        0  gd32f30x_timer.o(.text.timer_deinit)
    [Anonymous Symbol]                       0x08003250   Section        0  gd32f30x_timer.o(.text.timer_enable)
    [Anonymous Symbol]                       0x08003264   Section        0  gd32f30x_timer.o(.text.timer_init)
    [Anonymous Symbol]                       0x08003368   Section        0  gd32f30x_timer.o(.text.timer_interrupt_enable)
    [Anonymous Symbol]                       0x0800337c   Section        0  gd32f30x_timer.o(.text.timer_interrupt_flag_clear)
    [Anonymous Symbol]                       0x08003390   Section        0  gd32f30x_usart.o(.text.usart_baudrate_set)
    [Anonymous Symbol]                       0x0800345c   Section        0  gd32f30x_usart.o(.text.usart_data_receive)
    [Anonymous Symbol]                       0x0800346c   Section        0  gd32f30x_usart.o(.text.usart_deinit)
    [Anonymous Symbol]                       0x08003524   Section        0  gd32f30x_usart.o(.text.usart_dma_receive_config)
    [Anonymous Symbol]                       0x08003550   Section        0  gd32f30x_usart.o(.text.usart_dma_transmit_config)
    [Anonymous Symbol]                       0x0800357c   Section        0  gd32f30x_usart.o(.text.usart_enable)
    [Anonymous Symbol]                       0x08003590   Section        0  gd32f30x_usart.o(.text.usart_flag_get)
    [Anonymous Symbol]                       0x080035cc   Section        0  gd32f30x_usart.o(.text.usart_interrupt_disable)
    [Anonymous Symbol]                       0x080035f0   Section        0  gd32f30x_usart.o(.text.usart_interrupt_enable)
    [Anonymous Symbol]                       0x08003614   Section        0  gd32f30x_usart.o(.text.usart_interrupt_flag_clear)
    [Anonymous Symbol]                       0x08003634   Section        0  gd32f30x_usart.o(.text.usart_interrupt_flag_get)
    [Anonymous Symbol]                       0x08003694   Section        0  gd32f30x_usart.o(.text.usart_receive_config)
    [Anonymous Symbol]                       0x080036c0   Section        0  gd32f30x_usart.o(.text.usart_transmit_config)
    $v0                                      0x080036ec   Number         0  dmul.o(x$fpl$dmul)
    x$fpl$dmul                               0x080036ec   Section      340  dmul.o(x$fpl$dmul)
    $v0                                      0x08003840   Number         0  dnaninf.o(x$fpl$dnaninf)
    x$fpl$dnaninf                            0x08003840   Section      156  dnaninf.o(x$fpl$dnaninf)
    $v0                                      0x080038dc   Number         0  dretinf.o(x$fpl$dretinf)
    x$fpl$dretinf                            0x080038dc   Section       12  dretinf.o(x$fpl$dretinf)
    $v0                                      0x080038e8   Number         0  fpinit.o(x$fpl$fpinit)
    x$fpl$fpinit                             0x080038e8   Section       26  fpinit.o(x$fpl$fpinit)
    x$fpl$usenofp                            0x08003902   Section        0  usenofp.o(x$fpl$usenofp)
    .init_array                              0x08003940   Section        0  init_aeabi.o(.init_array)
    .bss                                     0x200000e0   Section       96  libspace.o(.bss)
    TIMER2_IRQHandler::Beat                  0x20001e5c   Data           2  main.o(.bss._ZZ17TIMER2_IRQHandlerE4Beat)
    [Anonymous Symbol]                       0x20001e5c   Section        0  main.o(.bss._ZZ17TIMER2_IRQHandlerE4Beat)
    delay                                    0x20001e60   Data           4  systick.o(.bss.delay)
    [Anonymous Symbol]                       0x20001e60   Section        0  systick.o(.bss.delay)
    fac_us                                   0x20001e64   Data           4  delay.o(.bss.fac_us)
    [Anonymous Symbol]                       0x20001e64   Section        0  delay.o(.bss.fac_us)
    Heap_Mem                                 0x20001e80   Data        1024  startup_gd32f30x_hd.o(HEAP)
    HEAP                                     0x20001e80   Section     1024  startup_gd32f30x_hd.o(HEAP)
    Stack_Mem                                0x20002280   Data        1024  startup_gd32f30x_hd.o(STACK)
    STACK                                    0x20002280   Section     1024  startup_gd32f30x_hd.o(STACK)
    __initial_sp                             0x20002680   Data           0  startup_gd32f30x_hd.o(STACK)

    Global Symbols

    Symbol Name                              Value     Ov Type        Size  Object(Section)

    BuildAttributes$$THM_ISAv4$E$P$D$K$B$S$7EM$VFPi3$EXTD16$VFPS$VFMA$PE$A:L22UL41UL21$X:L11$S22US41US21$IEEE1$IW$~IW$USESV6$~STKCKD$USESV7$~SHL$OTIME$ROPI$IEEEX$EBA8$UX$STANDARDLIB$REQ8$PRES8$EABIv2 0x00000000   Number         0  anon$$obj.o ABSOLUTE
    __ARM_exceptions_init                     - Undefined Weak Reference
    __alloca_initialize                       - Undefined Weak Reference
    __arm_preinit_                            - Undefined Weak Reference
    __arm_relocate_pie_                       - Undefined Weak Reference
    __cxa_finalize                            - Undefined Weak Reference
    __rt_locale                               - Undefined Weak Reference
    __sigvec_lookup                           - Undefined Weak Reference
    _atexit_init                              - Undefined Weak Reference
    _call_atexit_fns                          - Undefined Weak Reference
    _clock_init                               - Undefined Weak Reference
    _fp_trap_init                             - Undefined Weak Reference
    _fp_trap_shutdown                         - Undefined Weak Reference
    _get_lc_collate                           - Undefined Weak Reference
    _get_lc_ctype                             - Undefined Weak Reference
    _get_lc_monetary                          - Undefined Weak Reference
    _get_lc_numeric                           - Undefined Weak Reference
    _get_lc_time                              - Undefined Weak Reference
    _getenv_init                              - Undefined Weak Reference
    _handle_redirection                       - Undefined Weak Reference
    _init_alloc                               - Undefined Weak Reference
    _init_user_alloc                          - Undefined Weak Reference
    _initio                                   - Undefined Weak Reference
    _rand_init                                - Undefined Weak Reference
    _signal_finish                            - Undefined Weak Reference
    _signal_init                              - Undefined Weak Reference
    _terminate_alloc                          - Undefined Weak Reference
    _terminate_user_alloc                     - Undefined Weak Reference
    _terminateio                              - Undefined Weak Reference
    __Vectors_Size                           0x00000130   Number         0  startup_gd32f30x_hd.o ABSOLUTE
    __Vectors                                0x08000000   Data           4  startup_gd32f30x_hd.o(RESET)
    __Vectors_End                            0x08000130   Data           0  startup_gd32f30x_hd.o(RESET)
    __main                                   0x08000131   Thumb Code     8  __main.o(!!!main)
    __scatterload                            0x08000139   Thumb Code     0  __scatter.o(!!!scatter)
    __scatterload_rt2                        0x08000139   Thumb Code    44  __scatter.o(!!!scatter)
    __scatterload_rt2_thumb_only             0x08000139   Thumb Code     0  __scatter.o(!!!scatter)
    __scatterload_null                       0x08000147   Thumb Code     0  __scatter.o(!!!scatter)
    __scatterload_copy                       0x0800016d   Thumb Code    26  __scatter_copy.o(!!handler_copy)
    __scatterload_zeroinit                   0x08000189   Thumb Code    28  __scatter_zi.o(!!handler_zi)
    __rt_lib_init                            0x080001a5   Thumb Code     0  libinit.o(.ARM.Collect$$libinit$$00000000)
    __rt_lib_init_fp_1                       0x080001a7   Thumb Code     0  libinit2.o(.ARM.Collect$$libinit$$00000001)
    __rt_lib_init_alloca_1                   0x080001ab   Thumb Code     0  libinit2.o(.ARM.Collect$$libinit$$00000030)
    __rt_lib_init_argv_1                     0x080001ab   Thumb Code     0  libinit2.o(.ARM.Collect$$libinit$$0000002E)
    __rt_lib_init_atexit_1                   0x080001ab   Thumb Code     0  libinit2.o(.ARM.Collect$$libinit$$0000001D)
    __rt_lib_init_clock_1                    0x080001ab   Thumb Code     0  libinit2.o(.ARM.Collect$$libinit$$00000023)
    __rt_lib_init_cpp_2                      0x080001ab   Thumb Code     0  libinit2.o(.ARM.Collect$$libinit$$00000033)
    __rt_lib_init_exceptions_1               0x080001ab   Thumb Code     0  libinit2.o(.ARM.Collect$$libinit$$00000032)
    __rt_lib_init_fp_trap_1                  0x080001ab   Thumb Code     0  libinit2.o(.ARM.Collect$$libinit$$00000021)
    __rt_lib_init_getenv_1                   0x080001ab   Thumb Code     0  libinit2.o(.ARM.Collect$$libinit$$00000025)
    __rt_lib_init_heap_1                     0x080001ab   Thumb Code     0  libinit2.o(.ARM.Collect$$libinit$$0000000C)
    __rt_lib_init_lc_collate_1               0x080001ab   Thumb Code     0  libinit2.o(.ARM.Collect$$libinit$$00000013)
    __rt_lib_init_lc_ctype_1                 0x080001ab   Thumb Code     0  libinit2.o(.ARM.Collect$$libinit$$00000015)
    __rt_lib_init_lc_monetary_1              0x080001ab   Thumb Code     0  libinit2.o(.ARM.Collect$$libinit$$00000017)
    __rt_lib_init_lc_numeric_1               0x080001ab   Thumb Code     0  libinit2.o(.ARM.Collect$$libinit$$00000019)
    __rt_lib_init_lc_time_1                  0x080001ab   Thumb Code     0  libinit2.o(.ARM.Collect$$libinit$$0000001B)
    __rt_lib_init_preinit_1                  0x080001ab   Thumb Code     0  libinit2.o(.ARM.Collect$$libinit$$00000006)
    __rt_lib_init_rand_1                     0x080001ab   Thumb Code     0  libinit2.o(.ARM.Collect$$libinit$$00000010)
    __rt_lib_init_relocate_pie_1             0x080001ab   Thumb Code     0  libinit2.o(.ARM.Collect$$libinit$$00000004)
    __rt_lib_init_signal_1                   0x080001ab   Thumb Code     0  libinit2.o(.ARM.Collect$$libinit$$0000001F)
    __rt_lib_init_stdio_1                    0x080001ab   Thumb Code     0  libinit2.o(.ARM.Collect$$libinit$$00000027)
    __rt_lib_init_user_alloc_1               0x080001ab   Thumb Code     0  libinit2.o(.ARM.Collect$$libinit$$0000000E)
    __rt_lib_init_cpp_1                      0x080001af   Thumb Code     0  libinit2.o(.ARM.Collect$$libinit$$00000034)
    __rt_lib_init_return                     0x080001af   Thumb Code     0  libinit2.o(.ARM.Collect$$libinit$$00000035)
    __rt_lib_shutdown                        0x080001b1   Thumb Code     0  libshutdown.o(.ARM.Collect$$libshutdown$$00000000)
    __rt_lib_shutdown_cpp_1                  0x080001b3   Thumb Code     0  libshutdown2.o(.ARM.Collect$$libshutdown$$00000002)
    __rt_lib_shutdown_fp_trap_1              0x080001b3   Thumb Code     0  libshutdown2.o(.ARM.Collect$$libshutdown$$00000007)
    __rt_lib_shutdown_heap_1                 0x080001b3   Thumb Code     0  libshutdown2.o(.ARM.Collect$$libshutdown$$0000000F)
    __rt_lib_shutdown_return                 0x080001b3   Thumb Code     0  libshutdown2.o(.ARM.Collect$$libshutdown$$00000010)
    __rt_lib_shutdown_signal_1               0x080001b3   Thumb Code     0  libshutdown2.o(.ARM.Collect$$libshutdown$$0000000A)
    __rt_lib_shutdown_stdio_1                0x080001b3   Thumb Code     0  libshutdown2.o(.ARM.Collect$$libshutdown$$00000004)
    __rt_lib_shutdown_user_alloc_1           0x080001b3   Thumb Code     0  libshutdown2.o(.ARM.Collect$$libshutdown$$0000000C)
    __rt_entry                               0x080001b5   Thumb Code     0  __rtentry.o(.ARM.Collect$$rtentry$$00000000)
    __rt_entry_presh_1                       0x080001b5   Thumb Code     0  __rtentry2.o(.ARM.Collect$$rtentry$$00000002)
    __rt_entry_sh                            0x080001b5   Thumb Code     0  __rtentry4.o(.ARM.Collect$$rtentry$$00000004)
    __rt_entry_li                            0x080001bb   Thumb Code     0  __rtentry2.o(.ARM.Collect$$rtentry$$0000000A)
    __rt_entry_postsh_1                      0x080001bb   Thumb Code     0  __rtentry2.o(.ARM.Collect$$rtentry$$00000009)
    __rt_entry_main                          0x080001bf   Thumb Code     0  __rtentry2.o(.ARM.Collect$$rtentry$$0000000D)
    __rt_entry_postli_1                      0x080001bf   Thumb Code     0  __rtentry2.o(.ARM.Collect$$rtentry$$0000000C)
    __rt_exit                                0x080001c7   Thumb Code     0  rtexit.o(.ARM.Collect$$rtexit$$00000000)
    __rt_exit_ls                             0x080001c9   Thumb Code     0  rtexit2.o(.ARM.Collect$$rtexit$$00000003)
    __rt_exit_prels_1                        0x080001c9   Thumb Code     0  rtexit2.o(.ARM.Collect$$rtexit$$00000002)
    __rt_exit_exit                           0x080001cd   Thumb Code     0  rtexit2.o(.ARM.Collect$$rtexit$$00000004)
    Reset_Handler                            0x080001d5   Thumb Code     8  startup_gd32f30x_hd.o(.text)
    ADC0_1_IRQHandler                        0x080001ef   Thumb Code     0  startup_gd32f30x_hd.o(.text)
    ADC2_IRQHandler                          0x080001ef   Thumb Code     0  startup_gd32f30x_hd.o(.text)
    CAN0_EWMC_IRQHandler                     0x080001ef   Thumb Code     0  startup_gd32f30x_hd.o(.text)
    DMA0_Channel0_IRQHandler                 0x080001ef   Thumb Code     0  startup_gd32f30x_hd.o(.text)
    DMA1_Channel2_IRQHandler                 0x080001ef   Thumb Code     0  startup_gd32f30x_hd.o(.text)
    DMA1_Channel3_4_IRQHandler               0x080001ef   Thumb Code     0  startup_gd32f30x_hd.o(.text)
    EXMC_IRQHandler                          0x080001ef   Thumb Code     0  startup_gd32f30x_hd.o(.text)
    EXTI0_IRQHandler                         0x080001ef   Thumb Code     0  startup_gd32f30x_hd.o(.text)
    EXTI10_15_IRQHandler                     0x080001ef   Thumb Code     0  startup_gd32f30x_hd.o(.text)
    EXTI1_IRQHandler                         0x080001ef   Thumb Code     0  startup_gd32f30x_hd.o(.text)
    EXTI2_IRQHandler                         0x080001ef   Thumb Code     0  startup_gd32f30x_hd.o(.text)
    EXTI3_IRQHandler                         0x080001ef   Thumb Code     0  startup_gd32f30x_hd.o(.text)
    EXTI4_IRQHandler                         0x080001ef   Thumb Code     0  startup_gd32f30x_hd.o(.text)
    EXTI5_9_IRQHandler                       0x080001ef   Thumb Code     0  startup_gd32f30x_hd.o(.text)
    FMC_IRQHandler                           0x080001ef   Thumb Code     0  startup_gd32f30x_hd.o(.text)
    I2C0_ER_IRQHandler                       0x080001ef   Thumb Code     0  startup_gd32f30x_hd.o(.text)
    I2C0_EV_IRQHandler                       0x080001ef   Thumb Code     0  startup_gd32f30x_hd.o(.text)
    I2C1_ER_IRQHandler                       0x080001ef   Thumb Code     0  startup_gd32f30x_hd.o(.text)
    I2C1_EV_IRQHandler                       0x080001ef   Thumb Code     0  startup_gd32f30x_hd.o(.text)
    LVD_IRQHandler                           0x080001ef   Thumb Code     0  startup_gd32f30x_hd.o(.text)
    RCU_CTC_IRQHandler                       0x080001ef   Thumb Code     0  startup_gd32f30x_hd.o(.text)
    RTC_Alarm_IRQHandler                     0x080001ef   Thumb Code     0  startup_gd32f30x_hd.o(.text)
    RTC_IRQHandler                           0x080001ef   Thumb Code     0  startup_gd32f30x_hd.o(.text)
    SDIO_IRQHandler                          0x080001ef   Thumb Code     0  startup_gd32f30x_hd.o(.text)
    SPI0_IRQHandler                          0x080001ef   Thumb Code     0  startup_gd32f30x_hd.o(.text)
    SPI1_IRQHandler                          0x080001ef   Thumb Code     0  startup_gd32f30x_hd.o(.text)
    SPI2_IRQHandler                          0x080001ef   Thumb Code     0  startup_gd32f30x_hd.o(.text)
    TAMPER_IRQHandler                        0x080001ef   Thumb Code     0  startup_gd32f30x_hd.o(.text)
    TIMER0_BRK_IRQHandler                    0x080001ef   Thumb Code     0  startup_gd32f30x_hd.o(.text)
    TIMER0_Channel_IRQHandler                0x080001ef   Thumb Code     0  startup_gd32f30x_hd.o(.text)
    TIMER0_TRG_CMT_IRQHandler                0x080001ef   Thumb Code     0  startup_gd32f30x_hd.o(.text)
    TIMER0_UP_IRQHandler                     0x080001ef   Thumb Code     0  startup_gd32f30x_hd.o(.text)
    TIMER1_IRQHandler                        0x080001ef   Thumb Code     0  startup_gd32f30x_hd.o(.text)
    TIMER3_IRQHandler                        0x080001ef   Thumb Code     0  startup_gd32f30x_hd.o(.text)
    TIMER4_IRQHandler                        0x080001ef   Thumb Code     0  startup_gd32f30x_hd.o(.text)
    TIMER5_IRQHandler                        0x080001ef   Thumb Code     0  startup_gd32f30x_hd.o(.text)
    TIMER6_IRQHandler                        0x080001ef   Thumb Code     0  startup_gd32f30x_hd.o(.text)
    TIMER7_BRK_IRQHandler                    0x080001ef   Thumb Code     0  startup_gd32f30x_hd.o(.text)
    TIMER7_Channel_IRQHandler                0x080001ef   Thumb Code     0  startup_gd32f30x_hd.o(.text)
    TIMER7_TRG_CMT_IRQHandler                0x080001ef   Thumb Code     0  startup_gd32f30x_hd.o(.text)
    TIMER7_UP_IRQHandler                     0x080001ef   Thumb Code     0  startup_gd32f30x_hd.o(.text)
    UART3_IRQHandler                         0x080001ef   Thumb Code     0  startup_gd32f30x_hd.o(.text)
    UART4_IRQHandler                         0x080001ef   Thumb Code     0  startup_gd32f30x_hd.o(.text)
    USART2_IRQHandler                        0x080001ef   Thumb Code     0  startup_gd32f30x_hd.o(.text)
    USBD_HP_CAN0_TX_IRQHandler               0x080001ef   Thumb Code     0  startup_gd32f30x_hd.o(.text)
    USBD_LP_CAN0_RX0_IRQHandler              0x080001ef   Thumb Code     0  startup_gd32f30x_hd.o(.text)
    USBD_WKUP_IRQHandler                     0x080001ef   Thumb Code     0  startup_gd32f30x_hd.o(.text)
    WWDGT_IRQHandler                         0x080001ef   Thumb Code     0  startup_gd32f30x_hd.o(.text)
    __user_initial_stackheap                 0x080001f1   Thumb Code    10  startup_gd32f30x_hd.o(.text)
    __aeabi_memcpy                           0x08000215   Thumb Code     0  rt_memcpy_v6.o(.text)
    __rt_memcpy                              0x08000215   Thumb Code   138  rt_memcpy_v6.o(.text)
    _memcpy_lastbytes                        0x0800027b   Thumb Code     0  rt_memcpy_v6.o(.text)
    __aeabi_memcpy4                          0x0800029f   Thumb Code     0  rt_memcpy_w.o(.text)
    __aeabi_memcpy8                          0x0800029f   Thumb Code     0  rt_memcpy_w.o(.text)
    __rt_memcpy_w                            0x0800029f   Thumb Code   100  rt_memcpy_w.o(.text)
    _memcpy_lastbytes_aligned                0x080002e7   Thumb Code     0  rt_memcpy_w.o(.text)
    __use_two_region_memory                  0x08000303   Thumb Code     2  heapauxi.o(.text)
    __rt_heap_escrow$2region                 0x08000305   Thumb Code     2  heapauxi.o(.text)
    __rt_heap_expand$2region                 0x08000307   Thumb Code     2  heapauxi.o(.text)
    __cpp_initialize__aeabi_                 0x08000309   Thumb Code    28  init_aeabi.o(.text)
    __user_libspace                          0x0800032d   Thumb Code     8  libspace.o(.text)
    __user_perproc_libspace                  0x0800032d   Thumb Code     0  libspace.o(.text)
    __user_perthread_libspace                0x0800032d   Thumb Code     0  libspace.o(.text)
    __user_setup_stackheap                   0x08000335   Thumb Code    74  sys_stackheap_outer.o(.text)
    exit                                     0x0800037f   Thumb Code    18  exit.o(.text)
    _sys_exit                                0x08000391   Thumb Code     8  sys_exit.o(.text)
    __I$use$semihosting                      0x0800039d   Thumb Code     0  use_no_semi.o(.text)
    __use_no_semihosting_swi                 0x0800039d   Thumb Code     2  use_no_semi.o(.text)
    __semihosting_library_function           0x0800039f   Thumb Code     0  indicate_semi.o(.text)
    BusFault_Handler                         0x080003a1   Thumb Code     4  gd32f30x_it.o(.text.BusFault_Handler)
    CAN0_RX1_IRQHandler                      0x080003a5   Thumb Code    26  main.o(.text.CAN0_RX1_IRQHandler)
    DMA0_Channel1_IRQHandler                 0x080003c1   Thumb Code    16  main.o(.text.DMA0_Channel1_IRQHandler)
    DMA0_Channel2_IRQHandler                 0x080003d1   Thumb Code    38  main.o(.text.DMA0_Channel2_IRQHandler)
    DMA0_Channel3_IRQHandler                 0x080003f9   Thumb Code    16  main.o(.text.DMA0_Channel3_IRQHandler)
    DMA0_Channel4_IRQHandler                 0x08000409   Thumb Code    38  main.o(.text.DMA0_Channel4_IRQHandler)
    DMA0_Channel5_IRQHandler                 0x08000431   Thumb Code    38  main.o(.text.DMA0_Channel5_IRQHandler)
    DMA0_Channel6_IRQHandler                 0x08000459   Thumb Code    16  main.o(.text.DMA0_Channel6_IRQHandler)
    DMA1_Channel0_IRQHandler                 0x08000469   Thumb Code    16  main.o(.text.DMA1_Channel0_IRQHandler)
    DMA1_Channel1_IRQHandler                 0x08000479   Thumb Code    38  main.o(.text.DMA1_Channel1_IRQHandler)
    DebugMon_Handler                         0x080004a1   Thumb Code     2  gd32f30x_it.o(.text.DebugMon_Handler)
    HardFault_Handler                        0x080004a5   Thumb Code     4  gd32f30x_it.o(.text.HardFault_Handler)
    MemManage_Handler                        0x080004a9   Thumb Code     4  gd32f30x_it.o(.text.MemManage_Handler)
    NMI_Handler                              0x080004ad   Thumb Code     2  gd32f30x_it.o(.text.NMI_Handler)
    PendSV_Handler                           0x080004b1   Thumb Code     2  gd32f30x_it.o(.text.PendSV_Handler)
    SVC_Handler                              0x080004b5   Thumb Code     2  gd32f30x_it.o(.text.SVC_Handler)
    SysTick_Handler                          0x080004b9   Thumb Code     8  gd32f30x_it.o(.text.SysTick_Handler)
    SystemInit                               0x080004c1   Thumb Code   224  system_gd32f30x.o(.text.SystemInit)
    TIMER2_IRQHandler                        0x080005a1   Thumb Code   122  main.o(.text.TIMER2_IRQHandler)
    USART0_IRQHandler                        0x0800061d   Thumb Code    74  main.o(.text.USART0_IRQHandler)
    USART1_IRQHandler                        0x08000669   Thumb Code    74  main.o(.text.USART1_IRQHandler)
    UsageFault_Handler                       0x080006b5   Thumb Code     4  gd32f30x_it.o(.text.UsageFault_Handler)
    Timer_Init()                             0x080006d5   Thumb Code   698  main.o(.text._Z10Timer_Initv)
    CAN_Transmit(unsigned int, unsigned char*) 0x08000991   Thumb Code   112  main.o(.text._Z12CAN_TransmitjPh)
    CAN_Init()                               0x08000a01   Thumb Code   214  main.o(.text._Z8CAN_Initv)
    SPI_Init()                               0x08000ad9   Thumb Code   686  main.o(.text._Z8SPI_Initv)
    UART_Init()                              0x08000d89   Thumb Code   596  main.o(.text._Z9UART_Initv)
    cSPI::Transmit_DMA(unsigned char*, unsigned short) 0x08000fdd   Thumb Code   100  spi_gd.o(.text._ZN4cSPI12Transmit_DMAEPht)
    cSPI::CS_1()                             0x08001041   Thumb Code    16  main.o(.text._ZN4cSPI4CS_1Ev)
    cSPI::Delay()                            0x08001051   Thumb Code    14  main.o(.text._ZN4cSPI5DelayEv)
    cSPI::IRQ_Rx()                           0x08001061   Thumb Code    70  spi_gd.o(.text._ZN4cSPI6IRQ_RxEv)
    cSPI::IRQ_Tx()                           0x080010a9   Thumb Code    70  spi_gd.o(.text._ZN4cSPI6IRQ_TxEv)
    cSPI::SPI_Init(unsigned int, unsigned int, unsigned int, unsigned int, dma_channel_enum, unsigned int, dma_channel_enum) 0x080010f1   Thumb Code    88  main.o(.text._ZN4cSPI8SPI_InitEjjjj16dma_channel_enumjS0_)
    cSPI::cSPI__sub_object()                 0x08001149   Thumb Code    22  main.o(.text._ZN4cSPIC2Ev)
    cUART::Recieve_DMA(unsigned char*, unsigned short) 0x08001161   Thumb Code   186  uart_gd.o(.text._ZN5cUART11Recieve_DMAEPht)
    cUART::Recieve_IRQ()                     0x0800121d   Thumb Code   236  main.o(.text._ZN5cUART11Recieve_IRQEv)
    cUART::Transmit_DMA(unsigned char*, unsigned short) 0x08001309   Thumb Code   102  uart_gd.o(.text._ZN5cUART12Transmit_DMAEPht)
    cUART::Transmit_IRQ()                    0x08001371   Thumb Code    70  main.o(.text._ZN5cUART12Transmit_IRQEv)
    cUART::Delay()                           0x080013b9   Thumb Code    16  main.o(.text._ZN5cUART5DelayEv)
    cUART::Transmit(unsigned char*, unsigned short, unsigned int) 0x080013c9   Thumb Code   208  uart_gd.o(.text._ZN5cUART8TransmitEPhtj)
    cUART::UART_Init(unsigned int, unsigned int, dma_channel_enum, unsigned int, dma_channel_enum) 0x08001499   Thumb Code    64  main.o(.text._ZN5cUART9UART_InitEjj16dma_channel_enumjS0_)
    cUART::cUART__sub_object()               0x080014d9   Thumb Code    36  main.o(.text._ZN5cUARTC2Ev)
    arm_mult_f64                             0x0800155d   Thumb Code    88  basicmathfunctions.o(.text.arm_mult_f64)
    can_deinit                               0x080015b5   Thumb Code    44  gd32f30x_can.o(.text.can_deinit)
    can_filter_init                          0x080015e1   Thumb Code   336  gd32f30x_can.o(.text.can_filter_init)
    can_init                                 0x08001731   Thumb Code   446  gd32f30x_can.o(.text.can_init)
    can_interrupt_enable                     0x080018f1   Thumb Code    20  gd32f30x_can.o(.text.can_interrupt_enable)
    can_message_receive                      0x08001905   Thumb Code   340  gd32f30x_can.o(.text.can_message_receive)
    can_message_transmit                     0x08001a59   Thumb Code   328  gd32f30x_can.o(.text.can_message_transmit)
    can_struct_para_init                     0x08001ba1   Thumb Code   310  gd32f30x_can.o(.text.can_struct_para_init)
    delay_decrement                          0x08001cd9   Thumb Code    32  systick.o(.text.delay_decrement)
    dma_channel_disable                      0x08001cf9   Thumb Code    54  gd32f30x_dma.o(.text.dma_channel_disable)
    dma_channel_enable                       0x08001d31   Thumb Code    54  gd32f30x_dma.o(.text.dma_channel_enable)
    dma_circulation_disable                  0x08001d69   Thumb Code    54  gd32f30x_dma.o(.text.dma_circulation_disable)
    dma_deinit                               0x08001da1   Thumb Code   140  gd32f30x_dma.o(.text.dma_deinit)
    dma_init                                 0x08001e2d   Thumb Code   328  gd32f30x_dma.o(.text.dma_init)
    dma_interrupt_enable                     0x08001f75   Thumb Code    56  gd32f30x_dma.o(.text.dma_interrupt_enable)
    dma_interrupt_flag_clear                 0x08001fad   Thumb Code    34  gd32f30x_dma.o(.text.dma_interrupt_flag_clear)
    dma_interrupt_flag_get                   0x08001fd1   Thumb Code   208  gd32f30x_dma.o(.text.dma_interrupt_flag_get)
    dma_memory_address_config                0x080020a1   Thumb Code    52  gd32f30x_dma.o(.text.dma_memory_address_config)
    dma_memory_to_memory_disable             0x080020d5   Thumb Code    54  gd32f30x_dma.o(.text.dma_memory_to_memory_disable)
    dma_struct_para_init                     0x08002149   Thumb Code    56  gd32f30x_dma.o(.text.dma_struct_para_init)
    dma_transfer_number_config               0x08002181   Thumb Code    54  gd32f30x_dma.o(.text.dma_transfer_number_config)
    dma_transfer_number_get                  0x080021b9   Thumb Code    48  gd32f30x_dma.o(.text.dma_transfer_number_get)
    gpio_init                                0x080021e9   Thumb Code   388  gd32f30x_gpio.o(.text.gpio_init)
    main                                     0x0800236d   Thumb Code   538  main.o(.text.main)
    nvic_irq_enable                          0x08002589   Thumb Code   298  gd32f30x_misc.o(.text.nvic_irq_enable)
    nvic_priority_group_set                  0x080026b5   Thumb Code    28  gd32f30x_misc.o(.text.nvic_priority_group_set)
    qDelay_init                              0x080026d1   Thumb Code    70  delay.o(.text.qDelay_init)
    qDelay_us                                0x08002719   Thumb Code   138  delay.o(.text.qDelay_us)
    rcu_clock_freq_get                       0x080027a5   Thumb Code   494  gd32f30x_rcu.o(.text.rcu_clock_freq_get)
    rcu_periph_clock_enable                  0x08002995   Thumb Code    40  gd32f30x_rcu.o(.text.rcu_periph_clock_enable)
    rcu_periph_reset_disable                 0x080029bd   Thumb Code    40  gd32f30x_rcu.o(.text.rcu_periph_reset_disable)
    rcu_periph_reset_enable                  0x080029e5   Thumb Code    40  gd32f30x_rcu.o(.text.rcu_periph_reset_enable)
    spi_dma_enable                           0x08002a0d   Thumb Code    44  gd32f30x_spi.o(.text.spi_dma_enable)
    spi_enable                               0x08002a39   Thumb Code    18  gd32f30x_spi.o(.text.spi_enable)
    spi_i2s_deinit                           0x08002a4d   Thumb Code   116  gd32f30x_spi.o(.text.spi_i2s_deinit)
    spi_i2s_flag_get                         0x08002ac1   Thumb Code    42  gd32f30x_spi.o(.text.spi_i2s_flag_get)
    spi_init                                 0x08002aed   Thumb Code   114  gd32f30x_spi.o(.text.spi_init)
    spi_quad_disable                         0x08002b61   Thumb Code    22  gd32f30x_spi.o(.text.spi_quad_disable)
    timer_auto_reload_shadow_enable          0x08002cf5   Thumb Code    18  gd32f30x_timer.o(.text.timer_auto_reload_shadow_enable)
    timer_channel_output_config              0x08002d09   Thumb Code   720  gd32f30x_timer.o(.text.timer_channel_output_config)
    timer_channel_output_mode_config         0x08002fd9   Thumb Code   140  gd32f30x_timer.o(.text.timer_channel_output_mode_config)
    timer_channel_output_pulse_value_config  0x08003065   Thumb Code    70  gd32f30x_timer.o(.text.timer_channel_output_pulse_value_config)
    timer_channel_output_shadow_config       0x080030ad   Thumb Code   140  gd32f30x_timer.o(.text.timer_channel_output_shadow_config)
    timer_deinit                             0x08003139   Thumb Code   280  gd32f30x_timer.o(.text.timer_deinit)
    timer_enable                             0x08003251   Thumb Code    18  gd32f30x_timer.o(.text.timer_enable)
    timer_init                               0x08003265   Thumb Code   260  gd32f30x_timer.o(.text.timer_init)
    timer_interrupt_enable                   0x08003369   Thumb Code    20  gd32f30x_timer.o(.text.timer_interrupt_enable)
    timer_interrupt_flag_clear               0x0800337d   Thumb Code    18  gd32f30x_timer.o(.text.timer_interrupt_flag_clear)
    usart_baudrate_set                       0x08003391   Thumb Code   202  gd32f30x_usart.o(.text.usart_baudrate_set)
    usart_data_receive                       0x0800345d   Thumb Code    16  gd32f30x_usart.o(.text.usart_data_receive)
    usart_deinit                             0x0800346d   Thumb Code   184  gd32f30x_usart.o(.text.usart_deinit)
    usart_dma_receive_config                 0x08003525   Thumb Code    42  gd32f30x_usart.o(.text.usart_dma_receive_config)
    usart_dma_transmit_config                0x08003551   Thumb Code    42  gd32f30x_usart.o(.text.usart_dma_transmit_config)
    usart_enable                             0x0800357d   Thumb Code    18  gd32f30x_usart.o(.text.usart_enable)
    usart_flag_get                           0x08003591   Thumb Code    58  gd32f30x_usart.o(.text.usart_flag_get)
    usart_interrupt_disable                  0x080035cd   Thumb Code    36  gd32f30x_usart.o(.text.usart_interrupt_disable)
    usart_interrupt_enable                   0x080035f1   Thumb Code    36  gd32f30x_usart.o(.text.usart_interrupt_enable)
    usart_interrupt_flag_clear               0x08003615   Thumb Code    32  gd32f30x_usart.o(.text.usart_interrupt_flag_clear)
    usart_interrupt_flag_get                 0x08003635   Thumb Code    94  gd32f30x_usart.o(.text.usart_interrupt_flag_get)
    usart_receive_config                     0x08003695   Thumb Code    42  gd32f30x_usart.o(.text.usart_receive_config)
    usart_transmit_config                    0x080036c1   Thumb Code    42  gd32f30x_usart.o(.text.usart_transmit_config)
    __aeabi_dmul                             0x080036ed   Thumb Code     0  dmul.o(x$fpl$dmul)
    _dmul                                    0x080036ed   Thumb Code   332  dmul.o(x$fpl$dmul)
    __fpl_dnaninf                            0x08003841   Thumb Code   156  dnaninf.o(x$fpl$dnaninf)
    __fpl_dretinf                            0x080038dd   Thumb Code    12  dretinf.o(x$fpl$dretinf)
    _fp_init                                 0x080038e9   Thumb Code    26  fpinit.o(x$fpl$fpinit)
    __fplib_config_fpu_vfp                   0x08003901   Thumb Code     0  fpinit.o(x$fpl$fpinit)
    __fplib_config_pureend_doubles           0x08003901   Thumb Code     0  fpinit.o(x$fpl$fpinit)
    __I$use$fp                               0x08003902   Number         0  usenofp.o(x$fpl$usenofp)
    vtable for cSPI                          0x08003904   Data          12  main.o(.rodata._ZTV4cSPI)
    vtable for cUART                         0x08003910   Data          12  main.o(.rodata._ZTV5cUART)
    Region$$Table$$Base                      0x0800391c   Number         0  anon$$obj.o(Region$$Table)
    Region$$Table$$Limit                     0x0800393c   Number         0  anon$$obj.o(Region$$Table)
    SHT$$INIT_ARRAY$$Base                    0x0800393c   Number         0  main.o(.init_array)
    SHT$$INIT_ARRAY$$Limit                   0x08003940   Number         0  init_aeabi.o(.init_array)
    A                                        0x20000000   Data          80  main.o(.data.A)
    B                                        0x20000050   Data          80  main.o(.data.B)
    UART_TX_BUF                              0x200000a0   Data          64  main.o(.data.UART_TX_BUF)
    __libspace_start                         0x200000e0   Data          96  libspace.o(.bss)
    C                                        0x20000140   Data          80  main.o(.bss.C)
    __temporary_stack_top$libspace           0x20000140   Data           0  libspace.o(.bss)
    SPI_0                                    0x20000190   Data          32  main.o(.bss.SPI_0)
    SPI_1                                    0x200001b0   Data          32  main.o(.bss.SPI_1)
    SPI_2                                    0x200001d0   Data          32  main.o(.bss.SPI_2)
    UART_0                                   0x200001f0   Data        2084  main.o(.bss.UART_0)
    UART_1                                   0x20000a14   Data        2084  main.o(.bss.UART_1)
    UART_2                                   0x20001238   Data        2084  main.o(.bss.UART_2)
    UART_RX_BUF                              0x20001a5c   Data        1024  main.o(.bss.UART_RX_BUF)
    receive_message                          0x20001e68   Data          20  main.o(.bss.receive_message)



==============================================================================

Memory Map of the image

  Image Entry point : 0x08000131

  Load Region LR_IROM1 (Base: 0x08000000, Size: 0x00003a20, Max: 0x00040000, ABSOLUTE)

    Execution Region ER_IROM1 (Exec base: 0x08000000, Load base: 0x08000000, Size: 0x00003940, Max: 0x00040000, ABSOLUTE)

    Exec Addr    Load Addr    Size         Type   Attr      Idx    E Section Name        Object

    0x08000000   0x08000000   0x00000130   Data   RO           20    RESET               startup_gd32f30x_hd.o
    0x08000130   0x08000130   0x00000008   Code   RO         3352  * !!!main             c_w.l(__main.o)
    0x08000138   0x08000138   0x00000034   Code   RO         3701    !!!scatter          c_w.l(__scatter.o)
    0x0800016c   0x0800016c   0x0000001a   Code   RO         3703    !!handler_copy      c_w.l(__scatter_copy.o)
    0x08000186   0x08000186   0x00000002   PAD
    0x08000188   0x08000188   0x0000001c   Code   RO         3705    !!handler_zi        c_w.l(__scatter_zi.o)
    0x080001a4   0x080001a4   0x00000002   Code   RO         3621    .ARM.Collect$$libinit$$00000000  c_w.l(libinit.o)
    0x080001a6   0x080001a6   0x00000004   Code   RO         3464    .ARM.Collect$$libinit$$00000001  c_w.l(libinit2.o)
    0x080001aa   0x080001aa   0x00000000   Code   RO         3467    .ARM.Collect$$libinit$$00000004  c_w.l(libinit2.o)
    0x080001aa   0x080001aa   0x00000000   Code   RO         3469    .ARM.Collect$$libinit$$00000006  c_w.l(libinit2.o)
    0x080001aa   0x080001aa   0x00000000   Code   RO         3472    .ARM.Collect$$libinit$$0000000C  c_w.l(libinit2.o)
    0x080001aa   0x080001aa   0x00000000   Code   RO         3474    .ARM.Collect$$libinit$$0000000E  c_w.l(libinit2.o)
    0x080001aa   0x080001aa   0x00000000   Code   RO         3476    .ARM.Collect$$libinit$$00000010  c_w.l(libinit2.o)
    0x080001aa   0x080001aa   0x00000000   Code   RO         3479    .ARM.Collect$$libinit$$00000013  c_w.l(libinit2.o)
    0x080001aa   0x080001aa   0x00000000   Code   RO         3481    .ARM.Collect$$libinit$$00000015  c_w.l(libinit2.o)
    0x080001aa   0x080001aa   0x00000000   Code   RO         3483    .ARM.Collect$$libinit$$00000017  c_w.l(libinit2.o)
    0x080001aa   0x080001aa   0x00000000   Code   RO         3485    .ARM.Collect$$libinit$$00000019  c_w.l(libinit2.o)
    0x080001aa   0x080001aa   0x00000000   Code   RO         3487    .ARM.Collect$$libinit$$0000001B  c_w.l(libinit2.o)
    0x080001aa   0x080001aa   0x00000000   Code   RO         3489    .ARM.Collect$$libinit$$0000001D  c_w.l(libinit2.o)
    0x080001aa   0x080001aa   0x00000000   Code   RO         3491    .ARM.Collect$$libinit$$0000001F  c_w.l(libinit2.o)
    0x080001aa   0x080001aa   0x00000000   Code   RO         3493    .ARM.Collect$$libinit$$00000021  c_w.l(libinit2.o)
    0x080001aa   0x080001aa   0x00000000   Code   RO         3495    .ARM.Collect$$libinit$$00000023  c_w.l(libinit2.o)
    0x080001aa   0x080001aa   0x00000000   Code   RO         3497    .ARM.Collect$$libinit$$00000025  c_w.l(libinit2.o)
    0x080001aa   0x080001aa   0x00000000   Code   RO         3499    .ARM.Collect$$libinit$$00000027  c_w.l(libinit2.o)
    0x080001aa   0x080001aa   0x00000000   Code   RO         3503    .ARM.Collect$$libinit$$0000002E  c_w.l(libinit2.o)
    0x080001aa   0x080001aa   0x00000000   Code   RO         3505    .ARM.Collect$$libinit$$00000030  c_w.l(libinit2.o)
    0x080001aa   0x080001aa   0x00000000   Code   RO         3507    .ARM.Collect$$libinit$$00000032  c_w.l(libinit2.o)
    0x080001aa   0x080001aa   0x00000004   Code   RO         3508    .ARM.Collect$$libinit$$00000033  c_w.l(libinit2.o)
    0x080001ae   0x080001ae   0x00000000   Code   RO         3509    .ARM.Collect$$libinit$$00000034  c_w.l(libinit2.o)
    0x080001ae   0x080001ae   0x00000002   Code   RO         3510    .ARM.Collect$$libinit$$00000035  c_w.l(libinit2.o)
    0x080001b0   0x080001b0   0x00000002   Code   RO         3668    .ARM.Collect$$libshutdown$$00000000  c_w.l(libshutdown.o)
    0x080001b2   0x080001b2   0x00000000   Code   RO         3684    .ARM.Collect$$libshutdown$$00000002  c_w.l(libshutdown2.o)
    0x080001b2   0x080001b2   0x00000000   Code   RO         3686    .ARM.Collect$$libshutdown$$00000004  c_w.l(libshutdown2.o)
    0x080001b2   0x080001b2   0x00000000   Code   RO         3689    .ARM.Collect$$libshutdown$$00000007  c_w.l(libshutdown2.o)
    0x080001b2   0x080001b2   0x00000000   Code   RO         3692    .ARM.Collect$$libshutdown$$0000000A  c_w.l(libshutdown2.o)
    0x080001b2   0x080001b2   0x00000000   Code   RO         3694    .ARM.Collect$$libshutdown$$0000000C  c_w.l(libshutdown2.o)
    0x080001b2   0x080001b2   0x00000000   Code   RO         3697    .ARM.Collect$$libshutdown$$0000000F  c_w.l(libshutdown2.o)
    0x080001b2   0x080001b2   0x00000002   Code   RO         3698    .ARM.Collect$$libshutdown$$00000010  c_w.l(libshutdown2.o)
    0x080001b4   0x080001b4   0x00000000   Code   RO         3457    .ARM.Collect$$rtentry$$00000000  c_w.l(__rtentry.o)
    0x080001b4   0x080001b4   0x00000000   Code   RO         3574    .ARM.Collect$$rtentry$$00000002  c_w.l(__rtentry2.o)
    0x080001b4   0x080001b4   0x00000006   Code   RO         3586    .ARM.Collect$$rtentry$$00000004  c_w.l(__rtentry4.o)
    0x080001ba   0x080001ba   0x00000000   Code   RO         3576    .ARM.Collect$$rtentry$$00000009  c_w.l(__rtentry2.o)
    0x080001ba   0x080001ba   0x00000004   Code   RO         3577    .ARM.Collect$$rtentry$$0000000A  c_w.l(__rtentry2.o)
    0x080001be   0x080001be   0x00000000   Code   RO         3579    .ARM.Collect$$rtentry$$0000000C  c_w.l(__rtentry2.o)
    0x080001be   0x080001be   0x00000008   Code   RO         3580    .ARM.Collect$$rtentry$$0000000D  c_w.l(__rtentry2.o)
    0x080001c6   0x080001c6   0x00000002   Code   RO         3626    .ARM.Collect$$rtexit$$00000000  c_w.l(rtexit.o)
    0x080001c8   0x080001c8   0x00000000   Code   RO         3648    .ARM.Collect$$rtexit$$00000002  c_w.l(rtexit2.o)
    0x080001c8   0x080001c8   0x00000004   Code   RO         3649    .ARM.Collect$$rtexit$$00000003  c_w.l(rtexit2.o)
    0x080001cc   0x080001cc   0x00000006   Code   RO         3650    .ARM.Collect$$rtexit$$00000004  c_w.l(rtexit2.o)
    0x080001d2   0x080001d2   0x00000002   PAD
    0x080001d4   0x080001d4   0x00000040   Code   RO           21    .text               startup_gd32f30x_hd.o
    0x08000214   0x08000214   0x0000008a   Code   RO         3342    .text               c_w.l(rt_memcpy_v6.o)
    0x0800029e   0x0800029e   0x00000064   Code   RO         3344    .text               c_w.l(rt_memcpy_w.o)
    0x08000302   0x08000302   0x00000006   Code   RO         3350    .text               c_w.l(heapauxi.o)
    0x08000308   0x08000308   0x00000024   Code   RO         3357    .text               c_w.l(init_aeabi.o)
    0x0800032c   0x0800032c   0x00000008   Code   RO         3601    .text               c_w.l(libspace.o)
    0x08000334   0x08000334   0x0000004a   Code   RO         3604    .text               c_w.l(sys_stackheap_outer.o)
    0x0800037e   0x0800037e   0x00000012   Code   RO         3606    .text               c_w.l(exit.o)
    0x08000390   0x08000390   0x0000000c   Code   RO         3640    .text               c_w.l(sys_exit.o)
    0x0800039c   0x0800039c   0x00000002   Code   RO         3644    .text               c_w.l(use_no_semi.o)
    0x0800039e   0x0800039e   0x00000000   Code   RO         3646    .text               c_w.l(indicate_semi.o)
    0x0800039e   0x0800039e   0x00000002   PAD
    0x080003a0   0x080003a0   0x00000004   Code   RO         3219    .text.BusFault_Handler  gd32f30x_it.o
    0x080003a4   0x080003a4   0x0000001a   Code   RO         3145    .text.CAN0_RX1_IRQHandler  main.o
    0x080003be   0x080003be   0x00000002   PAD
    0x080003c0   0x080003c0   0x00000010   Code   RO         3147    .text.DMA0_Channel1_IRQHandler  main.o
    0x080003d0   0x080003d0   0x00000026   Code   RO         3149    .text.DMA0_Channel2_IRQHandler  main.o
    0x080003f6   0x080003f6   0x00000002   PAD
    0x080003f8   0x080003f8   0x00000010   Code   RO         3159    .text.DMA0_Channel3_IRQHandler  main.o
    0x08000408   0x08000408   0x00000026   Code   RO         3151    .text.DMA0_Channel4_IRQHandler  main.o
    0x0800042e   0x0800042e   0x00000002   PAD
    0x08000430   0x08000430   0x00000026   Code   RO         3153    .text.DMA0_Channel5_IRQHandler  main.o
    0x08000456   0x08000456   0x00000002   PAD
    0x08000458   0x08000458   0x00000010   Code   RO         3161    .text.DMA0_Channel6_IRQHandler  main.o
    0x08000468   0x08000468   0x00000010   Code   RO         3155    .text.DMA1_Channel0_IRQHandler  main.o
    0x08000478   0x08000478   0x00000026   Code   RO         3157    .text.DMA1_Channel1_IRQHandler  main.o
    0x0800049e   0x0800049e   0x00000002   PAD
    0x080004a0   0x080004a0   0x00000002   Code   RO         3225    .text.DebugMon_Handler  gd32f30x_it.o
    0x080004a2   0x080004a2   0x00000002   PAD
    0x080004a4   0x080004a4   0x00000004   Code   RO         3215    .text.HardFault_Handler  gd32f30x_it.o
    0x080004a8   0x080004a8   0x00000004   Code   RO         3217    .text.MemManage_Handler  gd32f30x_it.o
    0x080004ac   0x080004ac   0x00000002   Code   RO         3213    .text.NMI_Handler   gd32f30x_it.o
    0x080004ae   0x080004ae   0x00000002   PAD
    0x080004b0   0x080004b0   0x00000002   Code   RO         3227    .text.PendSV_Handler  gd32f30x_it.o
    0x080004b2   0x080004b2   0x00000002   PAD
    0x080004b4   0x080004b4   0x00000002   Code   RO         3223    .text.SVC_Handler   gd32f30x_it.o
    0x080004b6   0x080004b6   0x00000002   PAD
    0x080004b8   0x080004b8   0x00000008   Code   RO         3229    .text.SysTick_Handler  gd32f30x_it.o
    0x080004c0   0x080004c0   0x000000e0   Code   RO            2    .text.SystemInit    system_gd32f30x.o
    0x080005a0   0x080005a0   0x0000007a   Code   RO         3143    .text.TIMER2_IRQHandler  main.o
    0x0800061a   0x0800061a   0x00000002   PAD
    0x0800061c   0x0800061c   0x0000004a   Code   RO         3163    .text.USART0_IRQHandler  main.o
    0x08000666   0x08000666   0x00000002   PAD
    0x08000668   0x08000668   0x0000004a   Code   RO         3165    .text.USART1_IRQHandler  main.o
    0x080006b2   0x080006b2   0x00000002   PAD
    0x080006b4   0x080006b4   0x00000004   Code   RO         3221    .text.UsageFault_Handler  gd32f30x_it.o
    0x080006b8   0x080006b8   0x0000001c   Code   RO         3167    .text._GLOBAL__sub_I_main.cpp  main.o
    0x080006d4   0x080006d4   0x000002ba   Code   RO         3141    .text._Z10Timer_Initv  main.o
    0x0800098e   0x0800098e   0x00000002   PAD
    0x08000990   0x08000990   0x00000070   Code   RO         3131    .text._Z12CAN_TransmitjPh  main.o
    0x08000a00   0x08000a00   0x000000d6   Code   RO         3139    .text._Z8CAN_Initv  main.o
    0x08000ad6   0x08000ad6   0x00000002   PAD
    0x08000ad8   0x08000ad8   0x000002ae   Code   RO         3137    .text._Z8SPI_Initv  main.o
    0x08000d86   0x08000d86   0x00000002   PAD
    0x08000d88   0x08000d88   0x00000254   Code   RO         3135    .text._Z9UART_Initv  main.o
    0x08000fdc   0x08000fdc   0x00000064   Code   RO         3307    .text._ZN4cSPI12Transmit_DMAEPht  spi_gd.o
    0x08001040   0x08001040   0x00000010   Code   RO         3208    .text._ZN4cSPI4CS_1Ev  main.o
    0x08001050   0x08001050   0x0000000e   Code   RO         3206    .text._ZN4cSPI5DelayEv  main.o
    0x0800105e   0x0800105e   0x00000002   PAD
    0x08001060   0x08001060   0x00000046   Code   RO         3313    .text._ZN4cSPI6IRQ_RxEv  spi_gd.o
    0x080010a6   0x080010a6   0x00000002   PAD
    0x080010a8   0x080010a8   0x00000046   Code   RO         3309    .text._ZN4cSPI6IRQ_TxEv  spi_gd.o
    0x080010ee   0x080010ee   0x00000002   PAD
    0x080010f0   0x080010f0   0x00000058   Code   RO         3198    .text._ZN4cSPI8SPI_InitEjjjj16dma_channel_enumjS0_  main.o
    0x08001148   0x08001148   0x00000016   Code   RO         3194    .text._ZN4cSPIC2Ev  main.o
    0x0800115e   0x0800115e   0x00000002   PAD
    0x08001160   0x08001160   0x000000ba   Code   RO         3328    .text._ZN5cUART11Recieve_DMAEPht  uart_gd.o
    0x0800121a   0x0800121a   0x00000002   PAD
    0x0800121c   0x0800121c   0x000000ec   Code   RO         3200    .text._ZN5cUART11Recieve_IRQEv  main.o
    0x08001308   0x08001308   0x00000066   Code   RO         3326    .text._ZN5cUART12Transmit_DMAEPht  uart_gd.o
    0x0800136e   0x0800136e   0x00000002   PAD
    0x08001370   0x08001370   0x00000046   Code   RO         3202    .text._ZN5cUART12Transmit_IRQEv  main.o
    0x080013b6   0x080013b6   0x00000002   PAD
    0x080013b8   0x080013b8   0x00000010   Code   RO         3204    .text._ZN5cUART5DelayEv  main.o
    0x080013c8   0x080013c8   0x000000d0   Code   RO         3322    .text._ZN5cUART8TransmitEPhtj  uart_gd.o
    0x08001498   0x08001498   0x00000040   Code   RO         3196    .text._ZN5cUART9UART_InitEjj16dma_channel_enumjS0_  main.o
    0x080014d8   0x080014d8   0x00000024   Code   RO         3192    .text._ZN5cUARTC2Ev  main.o
    0x080014fc   0x080014fc   0x00000010   Code   RO         3119    .text.__cxx_global_var_init  main.o
    0x0800150c   0x0800150c   0x00000010   Code   RO         3121    .text.__cxx_global_var_init.1  main.o
    0x0800151c   0x0800151c   0x00000010   Code   RO         3123    .text.__cxx_global_var_init.2  main.o
    0x0800152c   0x0800152c   0x00000010   Code   RO         3125    .text.__cxx_global_var_init.3  main.o
    0x0800153c   0x0800153c   0x00000010   Code   RO         3127    .text.__cxx_global_var_init.4  main.o
    0x0800154c   0x0800154c   0x00000010   Code   RO         3129    .text.__cxx_global_var_init.5  main.o
    0x0800155c   0x0800155c   0x00000058   Code   RO         1417    .text.arm_mult_f64  basicmathfunctions.o
    0x080015b4   0x080015b4   0x0000002c   Code   RO          154    .text.can_deinit    gd32f30x_can.o
    0x080015e0   0x080015e0   0x00000150   Code   RO          160    .text.can_filter_init  gd32f30x_can.o
    0x08001730   0x08001730   0x000001be   Code   RO          158    .text.can_init      gd32f30x_can.o
    0x080018ee   0x080018ee   0x00000002   PAD
    0x080018f0   0x080018f0   0x00000014   Code   RO          194    .text.can_interrupt_enable  gd32f30x_can.o
    0x08001904   0x08001904   0x00000154   Code   RO          178    .text.can_message_receive  gd32f30x_can.o
    0x08001a58   0x08001a58   0x00000148   Code   RO          172    .text.can_message_transmit  gd32f30x_can.o
    0x08001ba0   0x08001ba0   0x00000136   Code   RO          156    .text.can_struct_para_init  gd32f30x_can.o
    0x08001cd6   0x08001cd6   0x00000002   PAD
    0x08001cd8   0x08001cd8   0x00000020   Code   RO         3246    .text.delay_decrement  systick.o
    0x08001cf8   0x08001cf8   0x00000036   Code   RO          381    .text.dma_channel_disable  gd32f30x_dma.o
    0x08001d2e   0x08001d2e   0x00000002   PAD
    0x08001d30   0x08001d30   0x00000036   Code   RO          379    .text.dma_channel_enable  gd32f30x_dma.o
    0x08001d66   0x08001d66   0x00000002   PAD
    0x08001d68   0x08001d68   0x00000036   Code   RO          373    .text.dma_circulation_disable  gd32f30x_dma.o
    0x08001d9e   0x08001d9e   0x00000002   PAD
    0x08001da0   0x08001da0   0x0000008c   Code   RO          363    .text.dma_deinit    gd32f30x_dma.o
    0x08001e2c   0x08001e2c   0x00000148   Code   RO          369    .text.dma_init      gd32f30x_dma.o
    0x08001f74   0x08001f74   0x00000038   Code   RO          415    .text.dma_interrupt_enable  gd32f30x_dma.o
    0x08001fac   0x08001fac   0x00000022   Code   RO          413    .text.dma_interrupt_flag_clear  gd32f30x_dma.o
    0x08001fce   0x08001fce   0x00000002   PAD
    0x08001fd0   0x08001fd0   0x000000d0   Code   RO          411    .text.dma_interrupt_flag_get  gd32f30x_dma.o
    0x080020a0   0x080020a0   0x00000034   Code   RO          385    .text.dma_memory_address_config  gd32f30x_dma.o
    0x080020d4   0x080020d4   0x00000036   Code   RO          377    .text.dma_memory_to_memory_disable  gd32f30x_dma.o
    0x0800210a   0x0800210a   0x00000002   PAD
    0x0800210c   0x0800210c   0x0000003a   Code   RO          365    .text.dma_periph_and_channel_check  gd32f30x_dma.o
    0x08002146   0x08002146   0x00000002   PAD
    0x08002148   0x08002148   0x00000038   Code   RO          367    .text.dma_struct_para_init  gd32f30x_dma.o
    0x08002180   0x08002180   0x00000036   Code   RO          387    .text.dma_transfer_number_config  gd32f30x_dma.o
    0x080021b6   0x080021b6   0x00000002   PAD
    0x080021b8   0x080021b8   0x00000030   Code   RO          389    .text.dma_transfer_number_get  gd32f30x_dma.o
    0x080021e8   0x080021e8   0x00000184   Code   RO          617    .text.gpio_init     gd32f30x_gpio.o
    0x0800236c   0x0800236c   0x0000021a   Code   RO         3133    .text.main          main.o
    0x08002586   0x08002586   0x00000002   PAD
    0x08002588   0x08002588   0x0000012a   Code   RO          729    .text.nvic_irq_enable  gd32f30x_misc.o
    0x080026b2   0x080026b2   0x00000002   PAD
    0x080026b4   0x080026b4   0x0000001c   Code   RO          727    .text.nvic_priority_group_set  gd32f30x_misc.o
    0x080026d0   0x080026d0   0x00000046   Code   RO         3256    .text.qDelay_init   delay.o
    0x08002716   0x08002716   0x00000002   PAD
    0x08002718   0x08002718   0x0000008a   Code   RO         3258    .text.qDelay_us     delay.o
    0x080027a2   0x080027a2   0x00000002   PAD
    0x080027a4   0x080027a4   0x000001ee   Code   RO          862    .text.rcu_clock_freq_get  gd32f30x_rcu.o
    0x08002992   0x08002992   0x00000002   PAD
    0x08002994   0x08002994   0x00000028   Code   RO          800    .text.rcu_periph_clock_enable  gd32f30x_rcu.o
    0x080029bc   0x080029bc   0x00000028   Code   RO          810    .text.rcu_periph_reset_disable  gd32f30x_rcu.o
    0x080029e4   0x080029e4   0x00000028   Code   RO          808    .text.rcu_periph_reset_enable  gd32f30x_rcu.o
    0x08002a0c   0x08002a0c   0x0000002c   Code   RO         1041    .text.spi_dma_enable  gd32f30x_spi.o
    0x08002a38   0x08002a38   0x00000012   Code   RO         1021    .text.spi_enable    gd32f30x_spi.o
    0x08002a4a   0x08002a4a   0x00000002   PAD
    0x08002a4c   0x08002a4c   0x00000074   Code   RO         1015    .text.spi_i2s_deinit  gd32f30x_spi.o
    0x08002ac0   0x08002ac0   0x0000002a   Code   RO         1091    .text.spi_i2s_flag_get  gd32f30x_spi.o
    0x08002aea   0x08002aea   0x00000002   PAD
    0x08002aec   0x08002aec   0x00000072   Code   RO         1019    .text.spi_init      gd32f30x_spi.o
    0x08002b5e   0x08002b5e   0x00000002   PAD
    0x08002b60   0x08002b60   0x00000016   Code   RO         1075    .text.spi_quad_disable  gd32f30x_spi.o
    0x08002b76   0x08002b76   0x00000002   PAD
    0x08002b78   0x08002b78   0x00000174   Code   RO            8    .text.system_clock_120m_hxtal  system_gd32f30x.o
    0x08002cec   0x08002cec   0x00000008   Code   RO            4    .text.system_clock_config  system_gd32f30x.o
    0x08002cf4   0x08002cf4   0x00000012   Code   RO         1112    .text.timer_auto_reload_shadow_enable  gd32f30x_timer.o
    0x08002d06   0x08002d06   0x00000002   PAD
    0x08002d08   0x08002d08   0x000002d0   Code   RO         1184    .text.timer_channel_output_config  gd32f30x_timer.o
    0x08002fd8   0x08002fd8   0x0000008c   Code   RO         1186    .text.timer_channel_output_mode_config  gd32f30x_timer.o
    0x08003064   0x08003064   0x00000046   Code   RO         1188    .text.timer_channel_output_pulse_value_config  gd32f30x_timer.o
    0x080030aa   0x080030aa   0x00000002   PAD
    0x080030ac   0x080030ac   0x0000008c   Code   RO         1190    .text.timer_channel_output_shadow_config  gd32f30x_timer.o
    0x08003138   0x08003138   0x00000118   Code   RO         1102    .text.timer_deinit  gd32f30x_timer.o
    0x08003250   0x08003250   0x00000012   Code   RO         1108    .text.timer_enable  gd32f30x_timer.o
    0x08003262   0x08003262   0x00000002   PAD
    0x08003264   0x08003264   0x00000104   Code   RO         1106    .text.timer_init    gd32f30x_timer.o
    0x08003368   0x08003368   0x00000014   Code   RO         1142    .text.timer_interrupt_enable  gd32f30x_timer.o
    0x0800337c   0x0800337c   0x00000012   Code   RO         1148    .text.timer_interrupt_flag_clear  gd32f30x_timer.o
    0x0800338e   0x0800338e   0x00000002   PAD
    0x08003390   0x08003390   0x000000ca   Code   RO         1253    .text.usart_baudrate_set  gd32f30x_usart.o
    0x0800345a   0x0800345a   0x00000002   PAD
    0x0800345c   0x0800345c   0x00000010   Code   RO         1281    .text.usart_data_receive  gd32f30x_usart.o
    0x0800346c   0x0800346c   0x000000b8   Code   RO         1251    .text.usart_deinit  gd32f30x_usart.o
    0x08003524   0x08003524   0x0000002a   Code   RO         1335    .text.usart_dma_receive_config  gd32f30x_usart.o
    0x0800354e   0x0800354e   0x00000002   PAD
    0x08003550   0x08003550   0x0000002a   Code   RO         1337    .text.usart_dma_transmit_config  gd32f30x_usart.o
    0x0800357a   0x0800357a   0x00000002   PAD
    0x0800357c   0x0800357c   0x00000012   Code   RO         1261    .text.usart_enable  gd32f30x_usart.o
    0x0800358e   0x0800358e   0x00000002   PAD
    0x08003590   0x08003590   0x0000003a   Code   RO         1339    .text.usart_flag_get  gd32f30x_usart.o
    0x080035ca   0x080035ca   0x00000002   PAD
    0x080035cc   0x080035cc   0x00000024   Code   RO         1345    .text.usart_interrupt_disable  gd32f30x_usart.o
    0x080035f0   0x080035f0   0x00000024   Code   RO         1343    .text.usart_interrupt_enable  gd32f30x_usart.o
    0x08003614   0x08003614   0x00000020   Code   RO         1349    .text.usart_interrupt_flag_clear  gd32f30x_usart.o
    0x08003634   0x08003634   0x0000005e   Code   RO         1347    .text.usart_interrupt_flag_get  gd32f30x_usart.o
    0x08003692   0x08003692   0x00000002   PAD
    0x08003694   0x08003694   0x0000002a   Code   RO         1267    .text.usart_receive_config  gd32f30x_usart.o
    0x080036be   0x080036be   0x00000002   PAD
    0x080036c0   0x080036c0   0x0000002a   Code   RO         1265    .text.usart_transmit_config  gd32f30x_usart.o
    0x080036ea   0x080036ea   0x00000002   PAD
    0x080036ec   0x080036ec   0x00000154   Code   RO         3390    x$fpl$dmul          fz_wm.l(dmul.o)
    0x08003840   0x08003840   0x0000009c   Code   RO         3523    x$fpl$dnaninf       fz_wm.l(dnaninf.o)
    0x080038dc   0x080038dc   0x0000000c   Code   RO         3525    x$fpl$dretinf       fz_wm.l(dretinf.o)
    0x080038e8   0x080038e8   0x0000001a   Code   RO         3599    x$fpl$fpinit        fz_wm.l(fpinit.o)
    0x08003902   0x08003902   0x00000000   Code   RO         3537    x$fpl$usenofp       fz_wm.l(usenofp.o)
    0x08003902   0x08003902   0x00000002   PAD
    0x08003904   0x08003904   0x0000000c   Data   RO         3211    .rodata._ZTV4cSPI   main.o
    0x08003910   0x08003910   0x0000000c   Data   RO         3210    .rodata._ZTV5cUART  main.o
    0x0800391c   0x0800391c   0x00000020   Data   RO         3700    Region$$Table       anon$$obj.o
    0x0800393c   0x0800393c   0x00000004   Data   RO         3184    .init_array         main.o
    0x08003940   0x0800393c   0x00000000   Data   RO         3355    .init_array         c_w.l(init_aeabi.o)


    Execution Region RW_IRAM1 (Exec base: 0x20000000, Load base: 0x08003940, Size: 0x00002680, Max: 0x0000c000, ABSOLUTE)

    Exec Addr    Load Addr    Size         Type   Attr      Idx    E Section Name        Object

    0x20000000   0x08003940   0x00000050   Data   RW         3180    .data.A             main.o
    0x20000050   0x08003990   0x00000050   Data   RW         3181    .data.B             main.o
    0x200000a0   0x080039e0   0x00000040   Data   RW         3177    .data.UART_TX_BUF   main.o
    0x200000e0        -       0x00000060   Zero   RW         3602    .bss                c_w.l(libspace.o)
    0x20000140        -       0x00000050   Zero   RW         3182    .bss.C              main.o
    0x20000190        -       0x00000020   Zero   RW         3172    .bss.SPI_0          main.o
    0x200001b0        -       0x00000020   Zero   RW         3173    .bss.SPI_1          main.o
    0x200001d0        -       0x00000020   Zero   RW         3174    .bss.SPI_2          main.o
    0x200001f0        -       0x00000824   Zero   RW         3169    .bss.UART_0         main.o
    0x20000a14        -       0x00000824   Zero   RW         3170    .bss.UART_1         main.o
    0x20001238        -       0x00000824   Zero   RW         3171    .bss.UART_2         main.o
    0x20001a5c        -       0x00000400   Zero   RW         3178    .bss.UART_RX_BUF    main.o
    0x20001e5c        -       0x00000002   Zero   RW         3183    .bss._ZZ17TIMER2_IRQHandlerE4Beat  main.o
    0x20001e5e   0x08003a20   0x00000002   PAD
    0x20001e60        -       0x00000004   Zero   RW         3248    .bss.delay          systick.o
    0x20001e64        -       0x00000004   Zero   RW         3262    .bss.fac_us         delay.o
    0x20001e68        -       0x00000014   Zero   RW         3179    .bss.receive_message  main.o
    0x20001e7c   0x08003a20   0x00000004   PAD
    0x20001e80        -       0x00000400   Zero   RW           19    HEAP                startup_gd32f30x_hd.o
    0x20002280        -       0x00000400   Zero   RW           18    STACK               startup_gd32f30x_hd.o


==============================================================================

Image component sizes


      Code (inc. data)   RO Data    RW Data    ZI Data      Debug   Object Name

        88          0          0          0          0      15551   basicmathfunctions.o
       208          0          0          0          4       1315   delay.o
      1824          4          0          0          0      11107   gd32f30x_can.o
      1250          0          0          0          0       6473   gd32f30x_dma.o
       388          0          0          0          0       5318   gd32f30x_gpio.o
        32          0          0          0          0        996   gd32f30x_it.o
       326          0          0          0          0       2947   gd32f30x_misc.o
       614          4          0          0          0      10699   gd32f30x_rcu.o
       356          0          0          0          0       7813   gd32f30x_spi.o
      1684         20          0          0          0      16386   gd32f30x_timer.o
       844          0          0          0          0      10369   gd32f30x_usart.o
      4042          0         28        224       7474      29153   main.o
       240          0          0          0          0       2726   spi_gd.o
        64         26        304          0       2048        900   startup_gd32f30x_hd.o
       604          0          0          0          0       2530   system_gd32f30x.o
        32          0          0          0          4       3934   systick.o
       496          0          0          0          0       5911   uart_gd.o

    ----------------------------------------------------------------------
     13196         54        364        224       9536     134128   Object Totals
         0          0         32          0          0          0   (incl. Generated)
       104          0          0          0          6          0   (incl. Padding)

    ----------------------------------------------------------------------

      Code (inc. data)   RO Data    RW Data    ZI Data      Debug   Library Member Name

         8          0          0          0          0         68   __main.o
         0          0          0          0          0          0   __rtentry.o
        12          0          0          0          0          0   __rtentry2.o
         6          0          0          0          0          0   __rtentry4.o
        52          8          0          0          0          0   __scatter.o
        26          0          0          0          0          0   __scatter_copy.o
        28          0          0          0          0          0   __scatter_zi.o
        18          0          0          0          0         80   exit.o
         6          0          0          0          0        152   heapauxi.o
         0          0          0          0          0          0   indicate_semi.o
        36          8          0          0          0         80   init_aeabi.o
         2          0          0          0          0          0   libinit.o
        10          0          0          0          0          0   libinit2.o
         2          0          0          0          0          0   libshutdown.o
         2          0          0          0          0          0   libshutdown2.o
         8          4          0          0         96         68   libspace.o
       138          0          0          0          0         68   rt_memcpy_v6.o
       100          0          0          0          0         80   rt_memcpy_w.o
         2          0          0          0          0          0   rtexit.o
        10          0          0          0          0          0   rtexit2.o
        12          4          0          0          0         68   sys_exit.o
        74          0          0          0          0         80   sys_stackheap_outer.o
         2          0          0          0          0         68   use_no_semi.o
       340         12          0          0          0        152   dmul.o
       156          4          0          0          0        140   dnaninf.o
        12          0          0          0          0        116   dretinf.o
        26          0          0          0          0        116   fpinit.o
         0          0          0          0          0          0   usenofp.o

    ----------------------------------------------------------------------
      1096         40          0          0         96       1336   Library Totals
         8          0          0          0          0          0   (incl. Padding)

    ----------------------------------------------------------------------

      Code (inc. data)   RO Data    RW Data    ZI Data      Debug   Library Name

       554         24          0          0         96        812   c_w.l
       534         16          0          0          0        524   fz_wm.l

    ----------------------------------------------------------------------
      1096         40          0          0         96       1336   Library Totals

    ----------------------------------------------------------------------

==============================================================================


      Code (inc. data)   RO Data    RW Data    ZI Data      Debug   

     14292         94        364        224       9632     134552   Grand Totals
     14292         94        364        224       9632     134552   ELF Image Totals
     14292         94        364        224          0          0   ROM Totals

==============================================================================

    Total RO  Size (Code + RO Data)                14656 (  14.31kB)
    Total RW  Size (RW Data + ZI Data)              9856 (   9.62kB)
    Total ROM Size (Code + RO Data + RW Data)      14880 (  14.53kB)

==============================================================================

