Component: Arm Compiler for Embedded 6.18 Tool: armlink [5e4cc100]

==============================================================================

Section Cross References

    system_gd32f30x.o(.ARM.exidx.text.SystemInit) refers to system_gd32f30x.o(.text.SystemInit) for [Anonymous Symbol]
    system_gd32f30x.o(.text.SystemCoreClockUpdate) refers to system_gd32f30x.o(.data.SystemCoreClock) for SystemCoreClock
    system_gd32f30x.o(.ARM.exidx.text.SystemCoreClockUpdate) refers to system_gd32f30x.o(.text.SystemCoreClockUpdate) for [Anonymous Symbol]
    startup_gd32f30x_hd.o(STACK) refers (Special) to heapauxi.o(.text) for __use_two_region_memory
    startup_gd32f30x_hd.o(HEAP) refers (Special) to heapauxi.o(.text) for __use_two_region_memory
    startup_gd32f30x_hd.o(RESET) refers (Special) to heapauxi.o(.text) for __use_two_region_memory
    startup_gd32f30x_hd.o(RESET) refers to startup_gd32f30x_hd.o(STACK) for __initial_sp
    startup_gd32f30x_hd.o(RESET) refers to startup_gd32f30x_hd.o(.text) for Reset_Handler
    startup_gd32f30x_hd.o(RESET) refers to gd32f30x_it.o(.text.NMI_Handler) for NMI_Handler
    startup_gd32f30x_hd.o(RESET) refers to gd32f30x_it.o(.text.HardFault_Handler) for HardFault_Handler
    startup_gd32f30x_hd.o(RESET) refers to gd32f30x_it.o(.text.MemManage_Handler) for MemManage_Handler
    startup_gd32f30x_hd.o(RESET) refers to gd32f30x_it.o(.text.BusFault_Handler) for BusFault_Handler
    startup_gd32f30x_hd.o(RESET) refers to gd32f30x_it.o(.text.UsageFault_Handler) for UsageFault_Handler
    startup_gd32f30x_hd.o(RESET) refers to gd32f30x_it.o(.text.SVC_Handler) for SVC_Handler
    startup_gd32f30x_hd.o(RESET) refers to gd32f30x_it.o(.text.DebugMon_Handler) for DebugMon_Handler
    startup_gd32f30x_hd.o(RESET) refers to gd32f30x_it.o(.text.PendSV_Handler) for PendSV_Handler
    startup_gd32f30x_hd.o(RESET) refers to gd32f30x_it.o(.text.SysTick_Handler) for SysTick_Handler
    startup_gd32f30x_hd.o(RESET) refers to main.o(.text.DMA0_Channel1_IRQHandler) for DMA0_Channel1_IRQHandler
    startup_gd32f30x_hd.o(RESET) refers to main.o(.text.DMA0_Channel2_IRQHandler) for DMA0_Channel2_IRQHandler
    startup_gd32f30x_hd.o(RESET) refers to main.o(.text.TIMER2_IRQHandler) for TIMER2_IRQHandler
    startup_gd32f30x_hd.o(RESET) refers to main.o(.text.USART2_IRQHandler) for USART2_IRQHandler
    startup_gd32f30x_hd.o(.text) refers (Special) to heapauxi.o(.text) for __use_two_region_memory
    startup_gd32f30x_hd.o(.text) refers to system_gd32f30x.o(.text.SystemInit) for SystemInit
    startup_gd32f30x_hd.o(.text) refers to __main.o(!!!main) for __main
    startup_gd32f30x_hd.o(.text) refers to startup_gd32f30x_hd.o(HEAP) for Heap_Mem
    startup_gd32f30x_hd.o(.text) refers to startup_gd32f30x_hd.o(STACK) for Stack_Mem
    gd32f30x_adc.o(.text.adc_deinit) refers to gd32f30x_rcu.o(.text.rcu_periph_reset_enable) for rcu_periph_reset_enable
    gd32f30x_adc.o(.text.adc_deinit) refers to gd32f30x_rcu.o(.text.rcu_periph_reset_disable) for rcu_periph_reset_disable
    gd32f30x_adc.o(.ARM.exidx.text.adc_deinit) refers to gd32f30x_adc.o(.text.adc_deinit) for [Anonymous Symbol]
    gd32f30x_adc.o(.ARM.exidx.text.adc_enable) refers to gd32f30x_adc.o(.text.adc_enable) for [Anonymous Symbol]
    gd32f30x_adc.o(.ARM.exidx.text.adc_disable) refers to gd32f30x_adc.o(.text.adc_disable) for [Anonymous Symbol]
    gd32f30x_adc.o(.ARM.exidx.text.adc_calibration_enable) refers to gd32f30x_adc.o(.text.adc_calibration_enable) for [Anonymous Symbol]
    gd32f30x_adc.o(.ARM.exidx.text.adc_dma_mode_enable) refers to gd32f30x_adc.o(.text.adc_dma_mode_enable) for [Anonymous Symbol]
    gd32f30x_adc.o(.ARM.exidx.text.adc_dma_mode_disable) refers to gd32f30x_adc.o(.text.adc_dma_mode_disable) for [Anonymous Symbol]
    gd32f30x_adc.o(.ARM.exidx.text.adc_tempsensor_vrefint_enable) refers to gd32f30x_adc.o(.text.adc_tempsensor_vrefint_enable) for [Anonymous Symbol]
    gd32f30x_adc.o(.ARM.exidx.text.adc_tempsensor_vrefint_disable) refers to gd32f30x_adc.o(.text.adc_tempsensor_vrefint_disable) for [Anonymous Symbol]
    gd32f30x_adc.o(.ARM.exidx.text.adc_resolution_config) refers to gd32f30x_adc.o(.text.adc_resolution_config) for [Anonymous Symbol]
    gd32f30x_adc.o(.ARM.exidx.text.adc_discontinuous_mode_config) refers to gd32f30x_adc.o(.text.adc_discontinuous_mode_config) for [Anonymous Symbol]
    gd32f30x_adc.o(.ARM.exidx.text.adc_mode_config) refers to gd32f30x_adc.o(.text.adc_mode_config) for [Anonymous Symbol]
    gd32f30x_adc.o(.ARM.exidx.text.adc_special_function_config) refers to gd32f30x_adc.o(.text.adc_special_function_config) for [Anonymous Symbol]
    gd32f30x_adc.o(.ARM.exidx.text.adc_data_alignment_config) refers to gd32f30x_adc.o(.text.adc_data_alignment_config) for [Anonymous Symbol]
    gd32f30x_adc.o(.ARM.exidx.text.adc_channel_length_config) refers to gd32f30x_adc.o(.text.adc_channel_length_config) for [Anonymous Symbol]
[...]
    Removing transformfunctionsf16.o(.text.arm_radix2_butterfly_inverse_f16), (2134 bytes).
    Removing transformfunctionsf16.o(.ARM.exidx.text.arm_radix2_butterfly_inverse_f16), (8 bytes).
    Removing transformfunctionsf16.o(.text.arm_radix2_butterfly_f16), (2082 bytes).
    Removing transformfunctionsf16.o(.ARM.exidx.text.arm_radix2_butterfly_f16), (8 bytes).
    Removing transformfunctionsf16.o(.text.arm_bitreversal_f16), (178 bytes).
    Removing transformfunctionsf16.o(.ARM.exidx.text.arm_bitreversal_f16), (8 bytes).
    Removing transformfunctionsf16.o(.text.arm_cfft_radix4_f16), (68 bytes).
    Removing transformfunctionsf16.o(.ARM.exidx.text.arm_cfft_radix4_f16), (8 bytes).
    Removing transformfunctionsf16.o(.text.arm_radix4_butterfly_inverse_f16), (2008 bytes).
    Removing transformfunctionsf16.o(.ARM.exidx.text.arm_radix4_butterfly_inverse_f16), (8 bytes).
    Removing transformfunctionsf16.o(.text.arm_rfft_fast_init_f16), (154 bytes).
    Removing transformfunctionsf16.o(.ARM.exidx.text.arm_rfft_fast_init_f16), (8 bytes).
    Removing transformfunctionsf16.o(.text.arm_rfft_4096_fast_init_f16), (58 bytes).
    Removing transformfunctionsf16.o(.ARM.exidx.text.arm_rfft_4096_fast_init_f16), (8 bytes).
    Removing transformfunctionsf16.o(.text.arm_rfft_2048_fast_init_f16), (58 bytes).
    Removing transformfunctionsf16.o(.ARM.exidx.text.arm_rfft_2048_fast_init_f16), (8 bytes).
    Removing transformfunctionsf16.o(.text.arm_rfft_1024_fast_init_f16), (58 bytes).
    Removing transformfunctionsf16.o(.ARM.exidx.text.arm_rfft_1024_fast_init_f16), (8 bytes).
    Removing transformfunctionsf16.o(.text.arm_rfft_512_fast_init_f16), (58 bytes).
    Removing transformfunctionsf16.o(.ARM.exidx.text.arm_rfft_512_fast_init_f16), (8 bytes).
    Removing transformfunctionsf16.o(.text.arm_rfft_256_fast_init_f16), (54 bytes).
    Removing transformfunctionsf16.o(.ARM.exidx.text.arm_rfft_256_fast_init_f16), (8 bytes).
    Removing transformfunctionsf16.o(.text.arm_rfft_128_fast_init_f16), (54 bytes).
    Removing transformfunctionsf16.o(.ARM.exidx.text.arm_rfft_128_fast_init_f16), (8 bytes).
    Removing transformfunctionsf16.o(.text.arm_rfft_64_fast_init_f16), (54 bytes).
    Removing transformfunctionsf16.o(.ARM.exidx.text.arm_rfft_64_fast_init_f16), (8 bytes).
    Removing transformfunctionsf16.o(.text.arm_rfft_32_fast_init_f16), (54 bytes).
    Removing transformfunctionsf16.o(.ARM.exidx.text.arm_rfft_32_fast_init_f16), (8 bytes).
    Removing transformfunctionsf16.o(.text.stage_rfft_f16), (1232 bytes).
    Removing transformfunctionsf16.o(.ARM.exidx.text.stage_rfft_f16), (8 bytes).
    Removing transformfunctionsf16.o(.text.merge_rfft_f16), (1206 bytes).
    Removing transformfunctionsf16.o(.ARM.exidx.text.merge_rfft_f16), (8 bytes).
    Removing transformfunctionsf16.o(.text.arm_rfft_fast_f16), (164 bytes).
    Removing transformfunctionsf16.o(.ARM.exidx.text.arm_rfft_fast_f16), (8 bytes).
    Removing transformfunctionsf16.o(.text.arm_radix8_butterfly_f16), (2072 bytes).
    Removing transformfunctionsf16.o(.ARM.exidx.text.arm_radix8_butterfly_f16), (8 bytes).
    Removing transformfunctionsf16.o(.text.arm_mfcc_init_f16), (230 bytes).
    Removing transformfunctionsf16.o(.ARM.exidx.text.arm_mfcc_init_f16), (8 bytes).
    Removing transformfunctionsf16.o(.text.arm_mfcc_f16), (244 bytes).
    Removing transformfunctionsf16.o(.ARM.exidx.text.arm_mfcc_f16), (8 bytes).
    Removing transformfunctionsf16.o(.text.arm_cfft_radix2_init_f16), (248 bytes).
    Removing transformfunctionsf16.o(.ARM.exidx.text.arm_cfft_radix2_init_f16), (8 bytes).
    Removing transformfunctionsf16.o(.text.arm_cfft_radix4_init_f16), (160 bytes).
    Removing transformfunctionsf16.o(.ARM.exidx.text.arm_cfft_radix4_init_f16), (8 bytes).
    Removing main.o(.text), (0 bytes).
    Removing main.o(.ARM.exidx.text.main), (8 bytes).
    Removing main.o(.ARM.exidx.text._Z8Tim_Initv), (8 bytes).
    Removing main.o(.ARM.exidx.text._Z9UART_Initv), (8 bytes).
    Removing main.o(.ARM.exidx.text.TIMER2_IRQHandler), (8 bytes).
    Removing main.o(.ARM.exidx.text.DMA0_Channel1_IRQHandler), (8 bytes).
    Removing main.o(.ARM.exidx.text.DMA0_Channel2_IRQHandler), (8 bytes).
    Removing main.o(.ARM.exidx.text.USART2_IRQHandler), (8 bytes).
    Removing main.o(.bss.uart_tx_flag), (2 bytes).
    Removing main.o(.bss.uart_tx_flag2), (2 bytes).
    Removing main.o(.bss.UART_RX_BUF_TEST), (10 bytes).
    Removing main.o(.ARM.use_no_argv), (4 bytes).
    Removing gd32f30x_it.o(.text), (0 bytes).
    Removing gd32f30x_it.o(.ARM.exidx.text.NMI_Handler), (8 bytes).
    Removing gd32f30x_it.o(.ARM.exidx.text.HardFault_Handler), (8 bytes).
    Removing gd32f30x_it.o(.ARM.exidx.text.MemManage_Handler), (8 bytes).
    Removing gd32f30x_it.o(.ARM.exidx.text.BusFault_Handler), (8 bytes).
    Removing gd32f30x_it.o(.ARM.exidx.text.UsageFault_Handler), (8 bytes).
    Removing gd32f30x_it.o(.ARM.exidx.text.SVC_Handler), (8 bytes).
    Removing gd32f30x_it.o(.ARM.exidx.text.DebugMon_Handler), (8 bytes).
    Removing gd32f30x_it.o(.ARM.exidx.text.PendSV_Handler), (8 bytes).
    Removing gd32f30x_it.o(.ARM.exidx.text.SysTick_Handler), (8 bytes).
    Removing systick.o(.text), (0 bytes).
    Removing systick.o(.text.systick_config), (74 bytes).
    Removing systick.o(.ARM.exidx.text.systick_config), (8 bytes).
    Removing systick.o(.text.delay_1ms), (36 bytes).
    Removing systick.o(.ARM.exidx.text.delay_1ms), (8 bytes).
    Removing systick.o(.ARM.exidx.text.delay_decrement), (8 bytes).
    Removing delay.o(.text), (0 bytes).
    Removing delay.o(.ARM.exidx.text.qDelay_init), (8 bytes).
    Removing delay.o(.ARM.exidx.text.qDelay_us), (8 bytes).
    Removing delay.o(.text.qDelay_ms), (470 bytes).
    Removing delay.o(.ARM.exidx.text.qDelay_ms), (8 bytes).
    Removing iic_software_gd.o(.text), (0 bytes).
    Removing iic_software_gd.o(.ARM.exidx.text._ZN4cIIC8IIC_InitEjjjj), (8 bytes).
    Removing iic_software_gd.o(.ARM.exidx.text._ZN4cIIC9IIC_StartEv), (8 bytes).
    Removing iic_software_gd.o(.ARM.exidx.text._ZN4cIIC8IIC_StopEv), (8 bytes).
    Removing iic_software_gd.o(.text._ZN4cIIC7IIC_ACKEv), (54 bytes).
    Removing iic_software_gd.o(.ARM.exidx.text._ZN4cIIC7IIC_ACKEv), (8 bytes).
    Removing iic_software_gd.o(.text._ZN4cIIC8IIC_NACKEv), (54 bytes).
    Removing iic_software_gd.o(.ARM.exidx.text._ZN4cIIC8IIC_NACKEv), (8 bytes).
    Removing iic_software_gd.o(.text._ZN4cIIC12IIC_Wait_ACKEv), (76 bytes).
    Removing iic_software_gd.o(.ARM.exidx.text._ZN4cIIC12IIC_Wait_ACKEv), (8 bytes).
    Removing iic_software_gd.o(.ARM.exidx.text._ZN4cIIC15IIC_SendOneByteEh), (8 bytes).
    Removing iic_software_gd.o(.ARM.exidx.text._ZN4cIIC15IIC_ReadOneByteEv), (8 bytes).
    Removing spi_software_gd.o(.text), (0 bytes).
    Removing spi_software_gd.o(.ARM.exidx.text._ZN4cSPI8SPI_InitEjjjjjjjj), (8 bytes).
    Removing spi_software_gd.o(.ARM.exidx.text._ZN4cSPI19SPI_ExchangeOneByteEh), (8 bytes).
    Removing uart_gd.o(.text), (0 bytes).
    Removing uart_gd.o(.text._ZN5cUART8TransmitEPhtj), (130 bytes).
    Removing uart_gd.o(.ARM.exidx.text._ZN5cUART8TransmitEPhtj), (8 bytes).
    Removing uart_gd.o(.text._ZN5cUART7RecieveEPhtj), (100 bytes).
    Removing uart_gd.o(.ARM.exidx.text._ZN5cUART7RecieveEPhtj), (8 bytes).
    Removing uart_gd.o(.ARM.exidx.text._ZN5cUART12Transmit_DMAEPht), (8 bytes).
    Removing uart_gd.o(.ARM.exidx.text._ZN5cUART11Recieve_DMAEPht), (8 bytes).
    Removing main.o(.ARM.exidx.text._ZN5cUART11Recieve_IRQEv), (8 bytes).

2762 unused section(s) (total 1397476 bytes) removed from the image.

==============================================================================

Image Symbol Table

    Local Symbols

    Symbol Name                              Value     Ov Type        Size  Object(Section)

    ../CMSIS/startup_gd32f30x_hd.s           0x00000000   Number         0  startup_gd32f30x_hd.o ABSOLUTE
    ../clib/angel/boardlib.s                 0x00000000   Number         0  boardinit1.o ABSOLUTE
    ../clib/angel/boardlib.s                 0x00000000   Number         0  boardinit2.o ABSOLUTE
    ../clib/angel/boardlib.s                 0x00000000   Number         0  boardinit3.o ABSOLUTE
    ../clib/angel/boardlib.s                 0x00000000   Number         0  boardshut.o ABSOLUTE
    ../clib/angel/handlers.s                 0x00000000   Number         0  __scatter_copy.o ABSOLUTE
    ../clib/angel/handlers.s                 0x00000000   Number         0  __scatter_zi.o ABSOLUTE
    ../clib/angel/kernel.s                   0x00000000   Number         0  __rtentry.o ABSOLUTE
    ../clib/angel/kernel.s                   0x00000000   Number         0  __rtentry2.o ABSOLUTE
    ../clib/angel/kernel.s                   0x00000000   Number         0  __rtentry4.o ABSOLUTE
    ../clib/angel/kernel.s                   0x00000000   Number         0  rtexit.o ABSOLUTE
    ../clib/angel/kernel.s                   0x00000000   Number         0  rtexit2.o ABSOLUTE
    ../clib/angel/rt.s                       0x00000000   Number         0  aeabi_ldiv0.o ABSOLUTE
    ../clib/angel/rt.s                       0x00000000   Number         0  aeabi_ldiv0_sigfpe.o ABSOLUTE
    ../clib/angel/rt.s                       0x00000000   Number         0  rt_div0.o ABSOLUTE
    ../clib/angel/rt.s                       0x00000000   Number         0  rt_errno_addr.o ABSOLUTE
    ../clib/angel/rt.s                       0x00000000   Number         0  rt_errno_addr_intlibspace.o ABSOLUTE
    ../clib/angel/rt.s                       0x00000000   Number         0  rt_raise.o ABSOLUTE
    ../clib/angel/scatter.s                  0x00000000   Number         0  __scatter.o ABSOLUTE
    ../clib/angel/startup.s                  0x00000000   Number         0  __main.o ABSOLUTE
    ../clib/angel/sys.s                      0x00000000   Number         0  libspace.o ABSOLUTE
    ../clib/angel/sys.s                      0x00000000   Number         0  sys_stackheap_outer.o ABSOLUTE
    ../clib/angel/sys.s                      0x00000000   Number         0  use_no_semi.o ABSOLUTE
    ../clib/angel/sys.s                      0x00000000   Number         0  indicate_semi.o ABSOLUTE
    ../clib/angel/sysapp.c                   0x00000000   Number         0  sys_exit.o ABSOLUTE
    ../clib/angel/sysapp.c                   0x00000000   Number         0  sys_exit_hlt.o ABSOLUTE
    ../clib/angel/sysapp.c                   0x00000000   Number         0  sys_wrch.o ABSOLUTE
    ../clib/angel/sysapp.c                   0x00000000   Number         0  sys_wrch_hlt.o ABSOLUTE
    ../clib/angel/sysapp.c                   0x00000000   Number         0  sys_command.o ABSOLUTE
    ../clib/angel/sysapp.c                   0x00000000   Number         0  sys_command_hlt.o ABSOLUTE
    ../clib/armsys.c                         0x00000000   Number         0  argv_veneer.o ABSOLUTE
    ../clib/armsys.c                         0x00000000   Number         0  argv_veneer.o ABSOLUTE
    ../clib/armsys.c                         0x00000000   Number         0  _get_argv_nomalloc.o ABSOLUTE
    ../clib/armsys.c                         0x00000000   Number         0  no_argv.o ABSOLUTE
    ../clib/fenv.c                           0x00000000   Number         0  _rserrno.o ABSOLUTE
    ../clib/heapalloc.c                      0x00000000   Number         0  hrguard.o ABSOLUTE
    ../clib/heapaux.c                        0x00000000   Number         0  heapauxi.o ABSOLUTE
    ../clib/libinit.s                        0x00000000   Number         0  libinit.o ABSOLUTE
    ../clib/libinit.s                        0x00000000   Number         0  libinit2.o ABSOLUTE
    ../clib/libinit.s                        0x00000000   Number         0  libshutdown.o ABSOLUTE
    ../clib/libinit.s                        0x00000000   Number         0  libshutdown2.o ABSOLUTE
    ../clib/longlong.s                       0x00000000   Number         0  lludivv7m.o ABSOLUTE
    ../clib/longlong.s                       0x00000000   Number         0  llsdiv.o ABSOLUTE
    ../clib/memcpset.s                       0x00000000   Number         0  rt_memcpy_v6.o ABSOLUTE
    ../clib/memcpset.s                       0x00000000   Number         0  rt_memcpy_w.o ABSOLUTE
    ../clib/memcpset.s                       0x00000000   Number         0  aeabi_memset.o ABSOLUTE
    ../clib/memcpset.s                       0x00000000   Number         0  rt_memclr.o ABSOLUTE
    ../clib/memcpset.s                       0x00000000   Number         0  rt_memclr_w.o ABSOLUTE
    ../clib/signal.c                         0x00000000   Number         0  defsig_fpe_outer.o ABSOLUTE
    ../clib/signal.c                         0x00000000   Number         0  defsig_fpe_formal.o ABSOLUTE
    ../clib/signal.c                         0x00000000   Number         0  defsig_exit.o ABSOLUTE
    ../clib/signal.c                         0x00000000   Number         0  defsig_fpe_inner.o ABSOLUTE
    ../clib/signal.c                         0x00000000   Number         0  __raise.o ABSOLUTE
    ../clib/signal.c                         0x00000000   Number         0  defsig_general.o ABSOLUTE
    ../clib/signal.c                         0x00000000   Number         0  defsig_abrt_inner.o ABSOLUTE
    ../clib/signal.c                         0x00000000   Number         0  defsig_rtred_inner.o ABSOLUTE
    ../clib/signal.c                         0x00000000   Number         0  defsig_rtmem_inner.o ABSOLUTE
    ../clib/signal.c                         0x00000000   Number         0  defsig_rtmem_outer.o ABSOLUTE
    ../clib/signal.c                         0x00000000   Number         0  defsig_rtmem_formal.o ABSOLUTE
    ../clib/signal.c                         0x00000000   Number         0  defsig_stak_inner.o ABSOLUTE
    ../clib/signal.c                         0x00000000   Number         0  defsig_pvfn_inner.o ABSOLUTE
    ../clib/signal.c                         0x00000000   Number         0  defsig_cppl_inner.o ABSOLUTE
    ../clib/signal.c                         0x00000000   Number         0  defsig_segv_inner.o ABSOLUTE
    ../clib/signal.c                         0x00000000   Number         0  defsig_other.o ABSOLUTE
    ../clib/signal.s                         0x00000000   Number         0  defsig.o ABSOLUTE
    ../clib/stdlib.c                         0x00000000   Number         0  exit.o ABSOLUTE
    ../fplib/basic.s                         0x00000000   Number         0  basic.o ABSOLUTE
    ../fplib/cfplib/d2h.c                    0x00000000   Number         0  d2h.o ABSOLUTE
    ../fplib/d2f.s                           0x00000000   Number         0  d2f.o ABSOLUTE
    ../fplib/daddsub.s                       0x00000000   Number         0  daddsub_clz.o ABSOLUTE
    ../fplib/dcmp.s                          0x00000000   Number         0  dcmp.o ABSOLUTE
    ../fplib/dcmpi.s                         0x00000000   Number         0  dcmpi.o ABSOLUTE
    ../fplib/ddiv.s                          0x00000000   Number         0  ddiv.o ABSOLUTE
    ../fplib/deqf.s                          0x00000000   Number         0  deqf.o ABSOLUTE
    ../fplib/dfix.s                          0x00000000   Number         0  dfix.o ABSOLUTE
    ../fplib/dfixll.s                        0x00000000   Number         0  dfixll.o ABSOLUTE
    ../fplib/dflt.s                          0x00000000   Number         0  dflt_clz.o ABSOLUTE
    ../fplib/dgeqf.s                         0x00000000   Number         0  dgeqf.o ABSOLUTE
    ../fplib/dleqf.s                         0x00000000   Number         0  dleqf.o ABSOLUTE
    ../fplib/dmul.s                          0x00000000   Number         0  dmul.o ABSOLUTE
    ../fplib/dnaninf.s                       0x00000000   Number         0  dnaninf.o ABSOLUTE
    ../fplib/dretinf.s                       0x00000000   Number         0  dretinf.o ABSOLUTE
    ../fplib/drleqf.s                        0x00000000   Number         0  drleqf.o ABSOLUTE
    ../fplib/dsqrt.s                         0x00000000   Number         0  dsqrt_umaal.o ABSOLUTE
    ../fplib/f2d.s                           0x00000000   Number         0  f2d.o ABSOLUTE
    ../fplib/fnaninf.s                       0x00000000   Number         0  fnaninf.o ABSOLUTE
    ../fplib/fpinit.s                        0x00000000   Number         0  fpinit.o ABSOLUTE
    ../fplib/fretinf.s                       0x00000000   Number         0  fretinf.o ABSOLUTE
    ../fplib/istatus.s                       0x00000000   Number         0  istatus.o ABSOLUTE
    ../fplib/usenofp.s                       0x00000000   Number         0  usenofp.o ABSOLUTE
    ../mathlib/dunder.c                      0x00000000   Number         0  dunder.o ABSOLUTE
    ../mathlib/exp.c                         0x00000000   Number         0  exp.o ABSOLUTE
    ../mathlib/expf.c                        0x00000000   Number         0  expf.o ABSOLUTE
    ../mathlib/floorf.c                      0x00000000   Number         0  floorf.o ABSOLUTE
    ../mathlib/fpclassify.c                  0x00000000   Number         0  fpclassify.o ABSOLUTE
    ../mathlib/fpclassifyf.c                 0x00000000   Number         0  fpclassifyf.o ABSOLUTE
    ../mathlib/funder.c                      0x00000000   Number         0  funder.o ABSOLUTE
    ../mathlib/log.c                         0x00000000   Number         0  log.o ABSOLUTE
    ../mathlib/logf.c                        0x00000000   Number         0  logf.o ABSOLUTE
    ../mathlib/poly.c                        0x00000000   Number         0  poly.o ABSOLUTE
    ../mathlib/powf.c                        0x00000000   Number         0  powf.o ABSOLUTE
    ../mathlib/qnan.c                        0x00000000   Number         0  qnan.o ABSOLUTE
    ../mathlib/sqrt.c                        0x00000000   Number         0  sqrt.o ABSOLUTE
    ../mathlib/sqrtf.c                       0x00000000   Number         0  sqrtf.o ABSOLUTE
    ../mathlib/tanhf.c                       0x00000000   Number         0  tanhf.o ABSOLUTE
    BasicMathFunctions.c                     0x00000000   Number         0  basicmathfunctions.o ABSOLUTE
    BasicMathFunctionsF16.c                  0x00000000   Number         0  basicmathfunctionsf16.o ABSOLUTE
    BayesFunctions.c                         0x00000000   Number         0  bayesfunctions.o ABSOLUTE
    BayesFunctionsF16.c                      0x00000000   Number         0  bayesfunctionsf16.o ABSOLUTE
    CommonTables.c                           0x00000000   Number         0  commontables.o ABSOLUTE
    CommonTablesF16.c                        0x00000000   Number         0  commontablesf16.o ABSOLUTE
    ComplexMathFunctions.c                   0x00000000   Number         0  complexmathfunctions.o ABSOLUTE
    ComplexMathFunctionsF16.c                0x00000000   Number         0  complexmathfunctionsf16.o ABSOLUTE
    ControllerFunctions.c                    0x00000000   Number         0  controllerfunctions.o ABSOLUTE
    Delay.c                                  0x00000000   Number         0  delay.o ABSOLUTE
    DistanceFunctions.c                      0x00000000   Number         0  distancefunctions.o ABSOLUTE
    DistanceFunctionsF16.c                   0x00000000   Number         0  distancefunctionsf16.o ABSOLUTE
    FastMathFunctions.c                      0x00000000   Number         0  fastmathfunctions.o ABSOLUTE
    FastMathFunctionsF16.c                   0x00000000   Number         0  fastmathfunctionsf16.o ABSOLUTE
    FilteringFunctions.c                     0x00000000   Number         0  filteringfunctions.o ABSOLUTE
    FilteringFunctionsF16.c                  0x00000000   Number         0  filteringfunctionsf16.o ABSOLUTE
    IIC_Software_GD.cpp                      0x00000000   Number         0  iic_software_gd.o ABSOLUTE
    InterpolationFunctions.c                 0x00000000   Number         0  interpolationfunctions.o ABSOLUTE
    InterpolationFunctionsF16.c              0x00000000   Number         0  interpolationfunctionsf16.o ABSOLUTE
    MatrixFunctions.c                        0x00000000   Number         0  matrixfunctions.o ABSOLUTE
    MatrixFunctionsF16.c                     0x00000000   Number         0  matrixfunctionsf16.o ABSOLUTE
    QuaternionMathFunctions.c                0x00000000   Number         0  quaternionmathfunctions.o ABSOLUTE
    SPI_Software_GD.cpp                      0x00000000   Number         0  spi_software_gd.o ABSOLUTE
    SVMFunctions.c                           0x00000000   Number         0  svmfunctions.o ABSOLUTE
    SVMFunctionsF16.c                        0x00000000   Number         0  svmfunctionsf16.o ABSOLUTE
    StatisticsFunctions.c                    0x00000000   Number         0  statisticsfunctions.o ABSOLUTE
    StatisticsFunctionsF16.c                 0x00000000   Number         0  statisticsfunctionsf16.o ABSOLUTE
    SupportFunctions.c                       0x00000000   Number         0  supportfunctions.o ABSOLUTE
    SupportFunctionsF16.c                    0x00000000   Number         0  supportfunctionsf16.o ABSOLUTE
    TransformFunctions.c                     0x00000000   Number         0  transformfunctions.o ABSOLUTE
    TransformFunctionsF16.c                  0x00000000   Number         0  transformfunctionsf16.o ABSOLUTE
    UART_GD.cpp                              0x00000000   Number         0  uart_gd.o ABSOLUTE
    dc.s                                     0x00000000   Number         0  dc.o ABSOLUTE
    gd32f30x_adc.c                           0x00000000   Number         0  gd32f30x_adc.o ABSOLUTE
    gd32f30x_bkp.c                           0x00000000   Number         0  gd32f30x_bkp.o ABSOLUTE
    gd32f30x_can.c                           0x00000000   Number         0  gd32f30x_can.o ABSOLUTE
    gd32f30x_crc.c                           0x00000000   Number         0  gd32f30x_crc.o ABSOLUTE
    gd32f30x_ctc.c                           0x00000000   Number         0  gd32f30x_ctc.o ABSOLUTE
    gd32f30x_dac.c                           0x00000000   Number         0  gd32f30x_dac.o ABSOLUTE
    gd32f30x_dbg.c                           0x00000000   Number         0  gd32f30x_dbg.o ABSOLUTE
    gd32f30x_dma.c                           0x00000000   Number         0  gd32f30x_dma.o ABSOLUTE
    gd32f30x_enet.c                          0x00000000   Number         0  gd32f30x_enet.o ABSOLUTE
    gd32f30x_exmc.c                          0x00000000   Number         0  gd32f30x_exmc.o ABSOLUTE
    gd32f30x_exti.c                          0x00000000   Number         0  gd32f30x_exti.o ABSOLUTE
    gd32f30x_fmc.c                           0x00000000   Number         0  gd32f30x_fmc.o ABSOLUTE
    gd32f30x_fwdgt.c                         0x00000000   Number         0  gd32f30x_fwdgt.o ABSOLUTE
    gd32f30x_gpio.c                          0x00000000   Number         0  gd32f30x_gpio.o ABSOLUTE
    gd32f30x_i2c.c                           0x00000000   Number         0  gd32f30x_i2c.o ABSOLUTE
    gd32f30x_it.c                            0x00000000   Number         0  gd32f30x_it.o ABSOLUTE
    gd32f30x_misc.c                          0x00000000   Number         0  gd32f30x_misc.o ABSOLUTE
    gd32f30x_pmu.c                           0x00000000   Number         0  gd32f30x_pmu.o ABSOLUTE
    gd32f30x_rcu.c                           0x00000000   Number         0  gd32f30x_rcu.o ABSOLUTE
    gd32f30x_rtc.c                           0x00000000   Number         0  gd32f30x_rtc.o ABSOLUTE
    gd32f30x_sdio.c                          0x00000000   Number         0  gd32f30x_sdio.o ABSOLUTE
    gd32f30x_spi.c                           0x00000000   Number         0  gd32f30x_spi.o ABSOLUTE
    gd32f30x_timer.c                         0x00000000   Number         0  gd32f30x_timer.o ABSOLUTE
    gd32f30x_usart.c                         0x00000000   Number         0  gd32f30x_usart.o ABSOLUTE
    gd32f30x_wwdgt.c                         0x00000000   Number         0  gd32f30x_wwdgt.o ABSOLUTE
    main.cpp                                 0x00000000   Number         0  main.o ABSOLUTE
    system_gd32f30x.c                        0x00000000   Number         0  system_gd32f30x.o ABSOLUTE
    systick.c                                0x00000000   Number         0  systick.o ABSOLUTE
    RESET                                    0x08000000   Section      304  startup_gd32f30x_hd.o(RESET)
    !!!main                                  0x08000130   Section        8  __main.o(!!!main)
    !!!scatter                               0x08000138   Section       52  __scatter.o(!!!scatter)
    !!handler_copy                           0x0800016c   Section       26  __scatter_copy.o(!!handler_copy)
    !!handler_zi                             0x08000188   Section       28  __scatter_zi.o(!!handler_zi)
    .ARM.Collect$$libinit$$00000000          0x080001a4   Section        2  libinit.o(.ARM.Collect$$libinit$$00000000)
    .ARM.Collect$$libinit$$00000001          0x080001a6   Section        4  libinit2.o(.ARM.Collect$$libinit$$00000001)
    .ARM.Collect$$libinit$$00000004          0x080001aa   Section        0  libinit2.o(.ARM.Collect$$libinit$$00000004)
    .ARM.Collect$$libinit$$00000006          0x080001aa   Section        0  libinit2.o(.ARM.Collect$$libinit$$00000006)
    .ARM.Collect$$libinit$$0000000C          0x080001aa   Section        0  libinit2.o(.ARM.Collect$$libinit$$0000000C)
    .ARM.Collect$$libinit$$0000000E          0x080001aa   Section        0  libinit2.o(.ARM.Collect$$libinit$$0000000E)
    .ARM.Collect$$libinit$$00000010          0x080001aa   Section        0  libinit2.o(.ARM.Collect$$libinit$$00000010)
    .ARM.Collect$$libinit$$00000013          0x080001aa   Section        0  libinit2.o(.ARM.Collect$$libinit$$00000013)
    .ARM.Collect$$libinit$$00000015          0x080001aa   Section        0  libinit2.o(.ARM.Collect$$libinit$$00000015)
    .ARM.Collect$$libinit$$00000017          0x080001aa   Section        0  libinit2.o(.ARM.Collect$$libinit$$00000017)
    .ARM.Collect$$libinit$$00000019          0x080001aa   Section        0  libinit2.o(.ARM.Collect$$libinit$$00000019)
    .ARM.Collect$$libinit$$0000001B          0x080001aa   Section        0  libinit2.o(.ARM.Collect$$libinit$$0000001B)
    .ARM.Collect$$libinit$$0000001D          0x080001aa   Section        0  libinit2.o(.ARM.Collect$$libinit$$0000001D)
    .ARM.Collect$$libinit$$0000001F          0x080001aa   Section        0  libinit2.o(.ARM.Collect$$libinit$$0000001F)
    .ARM.Collect$$libinit$$00000021          0x080001aa   Section        0  libinit2.o(.ARM.Collect$$libinit$$00000021)
    .ARM.Collect$$libinit$$00000023          0x080001aa   Section        0  libinit2.o(.ARM.Collect$$libinit$$00000023)
    .ARM.Collect$$libinit$$00000025          0x080001aa   Section        0  libinit2.o(.ARM.Collect$$libinit$$00000025)
    .ARM.Collect$$libinit$$00000027          0x080001aa   Section        0  libinit2.o(.ARM.Collect$$libinit$$00000027)
    .ARM.Collect$$libinit$$0000002E          0x080001aa   Section        0  libinit2.o(.ARM.Collect$$libinit$$0000002E)
    .ARM.Collect$$libinit$$00000030          0x080001aa   Section        0  libinit2.o(.ARM.Collect$$libinit$$00000030)
    .ARM.Collect$$libinit$$00000032          0x080001aa   Section        0  libinit2.o(.ARM.Collect$$libinit$$00000032)
    .ARM.Collect$$libinit$$00000034          0x080001aa   Section        0  libinit2.o(.ARM.Collect$$libinit$$00000034)
    .ARM.Collect$$libinit$$00000035          0x080001aa   Section        2  libinit2.o(.ARM.Collect$$libinit$$00000035)
    .ARM.Collect$$libshutdown$$00000000      0x080001ac   Section        2  libshutdown.o(.ARM.Collect$$libshutdown$$00000000)
    .ARM.Collect$$libshutdown$$00000002      0x080001ae   Section        0  libshutdown2.o(.ARM.Collect$$libshutdown$$00000002)
    .ARM.Collect$$libshutdown$$00000004      0x080001ae   Section        0  libshutdown2.o(.ARM.Collect$$libshutdown$$00000004)
    .ARM.Collect$$libshutdown$$00000007      0x080001ae   Section        0  libshutdown2.o(.ARM.Collect$$libshutdown$$00000007)
    .ARM.Collect$$libshutdown$$0000000A      0x080001ae   Section        0  libshutdown2.o(.ARM.Collect$$libshutdown$$0000000A)
    .ARM.Collect$$libshutdown$$0000000C      0x080001ae   Section        0  libshutdown2.o(.ARM.Collect$$libshutdown$$0000000C)
    .ARM.Collect$$libshutdown$$0000000F      0x080001ae   Section        0  libshutdown2.o(.ARM.Collect$$libshutdown$$0000000F)
    .ARM.Collect$$libshutdown$$00000010      0x080001ae   Section        2  libshutdown2.o(.ARM.Collect$$libshutdown$$00000010)
    .ARM.Collect$$rtentry$$00000000          0x080001b0   Section        0  __rtentry.o(.ARM.Collect$$rtentry$$00000000)
    .ARM.Collect$$rtentry$$00000002          0x080001b0   Section        0  __rtentry2.o(.ARM.Collect$$rtentry$$00000002)
    .ARM.Collect$$rtentry$$00000004          0x080001b0   Section        6  __rtentry4.o(.ARM.Collect$$rtentry$$00000004)
    .ARM.Collect$$rtentry$$00000009          0x080001b6   Section        0  __rtentry2.o(.ARM.Collect$$rtentry$$00000009)
    .ARM.Collect$$rtentry$$0000000A          0x080001b6   Section        4  __rtentry2.o(.ARM.Collect$$rtentry$$0000000A)
    .ARM.Collect$$rtentry$$0000000C          0x080001ba   Section        0  __rtentry2.o(.ARM.Collect$$rtentry$$0000000C)
    .ARM.Collect$$rtentry$$0000000D          0x080001ba   Section        8  __rtentry2.o(.ARM.Collect$$rtentry$$0000000D)
    .ARM.Collect$$rtexit$$00000000           0x080001c2   Section        2  rtexit.o(.ARM.Collect$$rtexit$$00000000)
    .ARM.Collect$$rtexit$$00000002           0x080001c4   Section        0  rtexit2.o(.ARM.Collect$$rtexit$$00000002)
    .ARM.Collect$$rtexit$$00000003           0x080001c4   Section        4  rtexit2.o(.ARM.Collect$$rtexit$$00000003)
    .ARM.Collect$$rtexit$$00000004           0x080001c8   Section        6  rtexit2.o(.ARM.Collect$$rtexit$$00000004)
    $v0                                      0x080001d0   Number         0  startup_gd32f30x_hd.o(.text)
    .text                                    0x080001d0   Section       64  startup_gd32f30x_hd.o(.text)
    .text                                    0x08000210   Section        0  heapauxi.o(.text)
    .text                                    0x08000218   Section        8  libspace.o(.text)
    .text                                    0x08000220   Section       74  sys_stackheap_outer.o(.text)
    .text                                    0x0800026a   Section        0  exit.o(.text)
    .text                                    0x0800027c   Section        0  sys_exit.o(.text)
    .text                                    0x08000288   Section        2  use_no_semi.o(.text)
    .text                                    0x0800028a   Section        0  indicate_semi.o(.text)
    [Anonymous Symbol]                       0x0800028c   Section        0  gd32f30x_it.o(.text.BusFault_Handler)
    [Anonymous Symbol]                       0x08000290   Section        0  main.o(.text.DMA0_Channel1_IRQHandler)
    [Anonymous Symbol]                       0x080002c0   Section        0  main.o(.text.DMA0_Channel2_IRQHandler)
    [Anonymous Symbol]                       0x080002f4   Section        0  gd32f30x_it.o(.text.DebugMon_Handler)
    [Anonymous Symbol]                       0x080002f8   Section        0  gd32f30x_it.o(.text.HardFault_Handler)
    [Anonymous Symbol]                       0x080002fc   Section        0  gd32f30x_it.o(.text.MemManage_Handler)
    [Anonymous Symbol]                       0x08000300   Section        0  gd32f30x_it.o(.text.NMI_Handler)
    [Anonymous Symbol]                       0x08000304   Section        0  gd32f30x_it.o(.text.PendSV_Handler)
    [Anonymous Symbol]                       0x08000308   Section        0  gd32f30x_it.o(.text.SVC_Handler)
    [Anonymous Symbol]                       0x0800030c   Section        0  gd32f30x_it.o(.text.SysTick_Handler)
    [Anonymous Symbol]                       0x08000310   Section        0  system_gd32f30x.o(.text.SystemInit)
    [Anonymous Symbol]                       0x08000550   Section        0  main.o(.text.TIMER2_IRQHandler)
    [Anonymous Symbol]                       0x08000614   Section        0  main.o(.text.USART2_IRQHandler)
    [Anonymous Symbol]                       0x08000620   Section        0  gd32f30x_it.o(.text.UsageFault_Handler)
    [Anonymous Symbol]                       0x08000624   Section        0  main.o(.text._Z8Tim_Initv)
    [Anonymous Symbol]                       0x08000804   Section        0  main.o(.text._Z9UART_Initv)
    [Anonymous Symbol]                       0x08000930   Section        0  iic_software_gd.o(.text._ZN4cIIC15IIC_ReadOneByteEv)
    [Anonymous Symbol]                       0x08000ac8   Section        0  iic_software_gd.o(.text._ZN4cIIC15IIC_SendOneByteEh)
    [Anonymous Symbol]                       0x08000c8c   Section        0  iic_software_gd.o(.text._ZN4cIIC8IIC_InitEjjjj)
    [Anonymous Symbol]                       0x08000ca0   Section        0  iic_software_gd.o(.text._ZN4cIIC8IIC_StopEv)
    [Anonymous Symbol]                       0x08000cd8   Section        0  iic_software_gd.o(.text._ZN4cIIC9IIC_StartEv)
    [Anonymous Symbol]                       0x08000d14   Section        0  spi_software_gd.o(.text._ZN4cSPI19SPI_ExchangeOneByteEh)
    [Anonymous Symbol]                       0x08000f18   Section        0  spi_software_gd.o(.text._ZN4cSPI8SPI_InitEjjjjjjjj)
    [Anonymous Symbol]                       0x08000f3c   Section        0  uart_gd.o(.text._ZN5cUART11Recieve_DMAEPht)
    [Anonymous Symbol]                       0x08000fc8   Section        0  main.o(.text._ZN5cUART11Recieve_IRQEv)
    [Anonymous Symbol]                       0x080010cc   Section        0  uart_gd.o(.text._ZN5cUART12Transmit_DMAEPht)
    [Anonymous Symbol]                       0x08001110   Section        0  basicmathfunctions.o(.text.arm_add_q7)
    [Anonymous Symbol]                       0x080011e0   Section        0  filteringfunctions.o(.text.arm_correlate_f32)
    [Anonymous Symbol]                       0x08001c44   Section        0  statisticsfunctions.o(.text.arm_max_f32)
    [Anonymous Symbol]                       0x08001d48   Section        0  systick.o(.text.delay_decrement)
    [Anonymous Symbol]                       0x08001d60   Section        0  gd32f30x_dma.o(.text.dma_channel_disable)
    [Anonymous Symbol]                       0x08001d88   Section        0  gd32f30x_dma.o(.text.dma_channel_enable)
    [Anonymous Symbol]                       0x08001db0   Section        0  gd32f30x_dma.o(.text.dma_circulation_disable)
    [Anonymous Symbol]                       0x08001dd8   Section        0  gd32f30x_dma.o(.text.dma_deinit)
    [Anonymous Symbol]                       0x08001e18   Section        0  gd32f30x_dma.o(.text.dma_init)
    [Anonymous Symbol]                       0x08001e90   Section        0  gd32f30x_dma.o(.text.dma_interrupt_disable)
    [Anonymous Symbol]                       0x08001eb4   Section        0  gd32f30x_dma.o(.text.dma_interrupt_enable)
    [Anonymous Symbol]                       0x08001ed8   Section        0  gd32f30x_dma.o(.text.dma_interrupt_flag_clear)
    [Anonymous Symbol]                       0x08001ee8   Section        0  gd32f30x_dma.o(.text.dma_interrupt_flag_get)
    [Anonymous Symbol]                       0x08001f24   Section        0  gd32f30x_dma.o(.text.dma_memory_address_config)
    [Anonymous Symbol]                       0x08001f44   Section        0  gd32f30x_dma.o(.text.dma_memory_to_memory_disable)
    [Anonymous Symbol]                       0x08001f6c   Section        0  gd32f30x_dma.o(.text.dma_memory_to_memory_enable)
    [Anonymous Symbol]                       0x08001f94   Section        0  gd32f30x_dma.o(.text.dma_periph_address_config)
    [Anonymous Symbol]                       0x08001fb4   Section        0  gd32f30x_dma.o(.text.dma_periph_increase_disable)
    [Anonymous Symbol]                       0x08001fdc   Section        0  gd32f30x_dma.o(.text.dma_periph_increase_enable)
    [Anonymous Symbol]                       0x08002004   Section        0  gd32f30x_dma.o(.text.dma_struct_para_init)
    [Anonymous Symbol]                       0x08002020   Section        0  gd32f30x_dma.o(.text.dma_transfer_number_config)
    [Anonymous Symbol]                       0x08002044   Section        0  gd32f30x_dma.o(.text.dma_transfer_number_get)
    [Anonymous Symbol]                       0x08002064   Section        0  gd32f30x_gpio.o(.text.gpio_init)
    [Anonymous Symbol]                       0x08002454   Section        0  main.o(.text.main)
    [Anonymous Symbol]                       0x0800264c   Section        0  gd32f30x_misc.o(.text.nvic_irq_enable)
    [Anonymous Symbol]                       0x08002700   Section        0  delay.o(.text.qDelay_init)
    [Anonymous Symbol]                       0x08002730   Section        0  delay.o(.text.qDelay_us)
    [Anonymous Symbol]                       0x08002784   Section        0  gd32f30x_rcu.o(.text.rcu_clock_freq_get)
    [Anonymous Symbol]                       0x08002858   Section        0  gd32f30x_rcu.o(.text.rcu_periph_clock_enable)
    [Anonymous Symbol]                       0x08002878   Section        0  gd32f30x_rcu.o(.text.rcu_periph_reset_disable)
    [Anonymous Symbol]                       0x08002898   Section        0  gd32f30x_rcu.o(.text.rcu_periph_reset_enable)
    [Anonymous Symbol]                       0x080028b8   Section        0  gd32f30x_timer.o(.text.timer_auto_reload_shadow_enable)
    [Anonymous Symbol]                       0x080028c4   Section        0  gd32f30x_timer.o(.text.timer_channel_output_config)
    [Anonymous Symbol]                       0x08002ad0   Section        0  gd32f30x_timer.o(.text.timer_channel_output_mode_config)
    [Anonymous Symbol]                       0x08002b10   Section        0  gd32f30x_timer.o(.text.timer_channel_output_pulse_value_config)
    [Anonymous Symbol]                       0x08002b1c   Section        0  gd32f30x_timer.o(.text.timer_channel_output_shadow_config)
    [Anonymous Symbol]                       0x08002b5c   Section        0  gd32f30x_timer.o(.text.timer_deinit)
    [Anonymous Symbol]                       0x08002c2c   Section        0  gd32f30x_timer.o(.text.timer_enable)
    [Anonymous Symbol]                       0x08002c38   Section        0  gd32f30x_timer.o(.text.timer_init)
    [Anonymous Symbol]                       0x08002cf0   Section        0  gd32f30x_timer.o(.text.timer_interrupt_enable)
    [Anonymous Symbol]                       0x08002cf8   Section        0  gd32f30x_timer.o(.text.timer_interrupt_flag_clear)
    [Anonymous Symbol]                       0x08002d00   Section        0  gd32f30x_usart.o(.text.usart_baudrate_set)
    [Anonymous Symbol]                       0x08002d6c   Section        0  gd32f30x_usart.o(.text.usart_data_receive)
    [Anonymous Symbol]                       0x08002d74   Section        0  gd32f30x_usart.o(.text.usart_deinit)
    [Anonymous Symbol]                       0x08002df8   Section        0  gd32f30x_usart.o(.text.usart_dma_receive_config)
    [Anonymous Symbol]                       0x08002e04   Section        0  gd32f30x_usart.o(.text.usart_dma_transmit_config)
    [Anonymous Symbol]                       0x08002e10   Section        0  gd32f30x_usart.o(.text.usart_enable)
    [Anonymous Symbol]                       0x08002e1c   Section        0  gd32f30x_usart.o(.text.usart_flag_get)
    [Anonymous Symbol]                       0x08002e2c   Section        0  gd32f30x_usart.o(.text.usart_interrupt_disable)
    [Anonymous Symbol]                       0x08002e44   Section        0  gd32f30x_usart.o(.text.usart_interrupt_enable)
    [Anonymous Symbol]                       0x08002e5c   Section        0  gd32f30x_usart.o(.text.usart_interrupt_flag_clear)
    [Anonymous Symbol]                       0x08002e74   Section        0  gd32f30x_usart.o(.text.usart_interrupt_flag_get)
    [Anonymous Symbol]                       0x08002e98   Section        0  gd32f30x_usart.o(.text.usart_receive_config)
    [Anonymous Symbol]                       0x08002ea4   Section        0  gd32f30x_usart.o(.text.usart_transmit_config)
    $v0                                      0x08002eb0   Number         0  fpinit.o(x$fpl$fpinit)
    x$fpl$fpinit                             0x08002eb0   Section       26  fpinit.o(x$fpl$fpinit)
    .L__const.rcu_clock_freq_get.apb2_exp    0x08002eca   Data           8  gd32f30x_rcu.o(.rodata.cst8)
    .L_MergedGlobals                         0x20000000   Data         112  main.o(.data..L_MergedGlobals)
    [Anonymous Symbol]                       0x20000000   Section        0  main.o(.data..L_MergedGlobals)
    .bss                                     0x20000128   Section       96  libspace.o(.bss)
    .L_MergedGlobals.1                       0x20000188   Data          84  main.o(.bss..L_MergedGlobals.1)
    [Anonymous Symbol]                       0x20000188   Section        0  main.o(.bss..L_MergedGlobals.1)
    TIMER2_IRQHandler::Beat                  0x2000018c   Data           2  main.o(.bss..L_MergedGlobals.1)
    delay                                    0x200001dc   Data           4  systick.o(.bss.delay)
    [Anonymous Symbol]                       0x200001dc   Section        0  systick.o(.bss.delay)
    fac_us                                   0x200001e0   Data           4  delay.o(.bss.fac_us)
    [Anonymous Symbol]                       0x200001e0   Section        0  delay.o(.bss.fac_us)
    Heap_Mem                                 0x20000280   Data        1024  startup_gd32f30x_hd.o(HEAP)
    HEAP                                     0x20000280   Section     1024  startup_gd32f30x_hd.o(HEAP)
    Stack_Mem                                0x20000680   Data        1024  startup_gd32f30x_hd.o(STACK)
    STACK                                    0x20000680   Section     1024  startup_gd32f30x_hd.o(STACK)
    __initial_sp                             0x20000a80   Data           0  startup_gd32f30x_hd.o(STACK)

    Global Symbols

    Symbol Name                              Value     Ov Type        Size  Object(Section)

    BuildAttributes$$THM_ISAv4$E$P$D$K$B$S$7EM$VFPi3$EXTD16$VFPS$VFMA$PE$A:L22UL41UL21$X:L11$S22US41US21$IEEE1$IW$~IW$USESV6$~STKCKD$USESV7$~SHL$OTIME$ROPI$IEEEX$EBA8$UX$STANDARDLIB$REQ8$PRES8$EABIv2 0x00000000   Number         0  anon$$obj.o ABSOLUTE
    __ARM_exceptions_init                     - Undefined Weak Reference
    __alloca_initialize                       - Undefined Weak Reference
    __arm_preinit_                            - Undefined Weak Reference
    __arm_relocate_pie_                       - Undefined Weak Reference
    __cpp_initialize__aeabi_                  - Undefined Weak Reference
    __cxa_finalize                            - Undefined Weak Reference
    __rt_locale                               - Undefined Weak Reference
    __sigvec_lookup                           - Undefined Weak Reference
    _atexit_init                              - Undefined Weak Reference
    _call_atexit_fns                          - Undefined Weak Reference
    _clock_init                               - Undefined Weak Reference
    _fp_trap_init                             - Undefined Weak Reference
    _fp_trap_shutdown                         - Undefined Weak Reference
    _get_lc_collate                           - Undefined Weak Reference
    _get_lc_ctype                             - Undefined Weak Reference
    _get_lc_monetary                          - Undefined Weak Reference
    _get_lc_numeric                           - Undefined Weak Reference
    _get_lc_time                              - Undefined Weak Reference
    _getenv_init                              - Undefined Weak Reference
    _handle_redirection                       - Undefined Weak Reference
    _init_alloc                               - Undefined Weak Reference
    _init_user_alloc                          - Undefined Weak Reference
    _initio                                   - Undefined Weak Reference
    _rand_init                                - Undefined Weak Reference
    _signal_finish                            - Undefined Weak Reference
    _signal_init                              - Undefined Weak Reference
    _terminate_alloc                          - Undefined Weak Reference
    _terminate_user_alloc                     - Undefined Weak Reference
    _terminateio                              - Undefined Weak Reference
    __Vectors_Size                           0x00000130   Number         0  startup_gd32f30x_hd.o ABSOLUTE
    __Vectors                                0x08000000   Data           4  startup_gd32f30x_hd.o(RESET)
    __Vectors_End                            0x08000130   Data           0  startup_gd32f30x_hd.o(RESET)
    __main                                   0x08000131   Thumb Code     8  __main.o(!!!main)
    __scatterload                            0x08000139   Thumb Code     0  __scatter.o(!!!scatter)
    __scatterload_rt2                        0x08000139   Thumb Code    44  __scatter.o(!!!scatter)
    __scatterload_rt2_thumb_only             0x08000139   Thumb Code     0  __scatter.o(!!!scatter)
    __scatterload_null                       0x08000147   Thumb Code     0  __scatter.o(!!!scatter)
    __scatterload_copy                       0x0800016d   Thumb Code    26  __scatter_copy.o(!!handler_copy)
    __scatterload_zeroinit                   0x08000189   Thumb Code    28  __scatter_zi.o(!!handler_zi)
    __rt_lib_init                            0x080001a5   Thumb Code     0  libinit.o(.ARM.Collect$$libinit$$00000000)
    __rt_lib_init_fp_1                       0x080001a7   Thumb Code     0  libinit2.o(.ARM.Collect$$libinit$$00000001)
    __rt_lib_init_alloca_1                   0x080001ab   Thumb Code     0  libinit2.o(.ARM.Collect$$libinit$$00000030)
    __rt_lib_init_argv_1                     0x080001ab   Thumb Code     0  libinit2.o(.ARM.Collect$$libinit$$0000002E)
    __rt_lib_init_atexit_1                   0x080001ab   Thumb Code     0  libinit2.o(.ARM.Collect$$libinit$$0000001D)
    __rt_lib_init_clock_1                    0x080001ab   Thumb Code     0  libinit2.o(.ARM.Collect$$libinit$$00000023)
    __rt_lib_init_cpp_1                      0x080001ab   Thumb Code     0  libinit2.o(.ARM.Collect$$libinit$$00000034)
    __rt_lib_init_exceptions_1               0x080001ab   Thumb Code     0  libinit2.o(.ARM.Collect$$libinit$$00000032)
    __rt_lib_init_fp_trap_1                  0x080001ab   Thumb Code     0  libinit2.o(.ARM.Collect$$libinit$$00000021)
    __rt_lib_init_getenv_1                   0x080001ab   Thumb Code     0  libinit2.o(.ARM.Collect$$libinit$$00000025)
    __rt_lib_init_heap_1                     0x080001ab   Thumb Code     0  libinit2.o(.ARM.Collect$$libinit$$0000000C)
    __rt_lib_init_lc_collate_1               0x080001ab   Thumb Code     0  libinit2.o(.ARM.Collect$$libinit$$00000013)
    __rt_lib_init_lc_ctype_1                 0x080001ab   Thumb Code     0  libinit2.o(.ARM.Collect$$libinit$$00000015)
    __rt_lib_init_lc_monetary_1              0x080001ab   Thumb Code     0  libinit2.o(.ARM.Collect$$libinit$$00000017)
    __rt_lib_init_lc_numeric_1               0x080001ab   Thumb Code     0  libinit2.o(.ARM.Collect$$libinit$$00000019)
    __rt_lib_init_lc_time_1                  0x080001ab   Thumb Code     0  libinit2.o(.ARM.Collect$$libinit$$0000001B)
    __rt_lib_init_preinit_1                  0x080001ab   Thumb Code     0  libinit2.o(.ARM.Collect$$libinit$$00000006)
    __rt_lib_init_rand_1                     0x080001ab   Thumb Code     0  libinit2.o(.ARM.Collect$$libinit$$00000010)
    __rt_lib_init_relocate_pie_1             0x080001ab   Thumb Code     0  libinit2.o(.ARM.Collect$$libinit$$00000004)
    __rt_lib_init_return                     0x080001ab   Thumb Code     0  libinit2.o(.ARM.Collect$$libinit$$00000035)
    __rt_lib_init_signal_1                   0x080001ab   Thumb Code     0  libinit2.o(.ARM.Collect$$libinit$$0000001F)
    __rt_lib_init_stdio_1                    0x080001ab   Thumb Code     0  libinit2.o(.ARM.Collect$$libinit$$00000027)
    __rt_lib_init_user_alloc_1               0x080001ab   Thumb Code     0  libinit2.o(.ARM.Collect$$libinit$$0000000E)
    __rt_lib_shutdown                        0x080001ad   Thumb Code     0  libshutdown.o(.ARM.Collect$$libshutdown$$00000000)
    __rt_lib_shutdown_cpp_1                  0x080001af   Thumb Code     0  libshutdown2.o(.ARM.Collect$$libshutdown$$00000002)
    __rt_lib_shutdown_fp_trap_1              0x080001af   Thumb Code     0  libshutdown2.o(.ARM.Collect$$libshutdown$$00000007)
    __rt_lib_shutdown_heap_1                 0x080001af   Thumb Code     0  libshutdown2.o(.ARM.Collect$$libshutdown$$0000000F)
    __rt_lib_shutdown_return                 0x080001af   Thumb Code     0  libshutdown2.o(.ARM.Collect$$libshutdown$$00000010)
    __rt_lib_shutdown_signal_1               0x080001af   Thumb Code     0  libshutdown2.o(.ARM.Collect$$libshutdown$$0000000A)
    __rt_lib_shutdown_stdio_1                0x080001af   Thumb Code     0  libshutdown2.o(.ARM.Collect$$libshutdown$$00000004)
    __rt_lib_shutdown_user_alloc_1           0x080001af   Thumb Code     0  libshutdown2.o(.ARM.Collect$$libshutdown$$0000000C)
    __rt_entry                               0x080001b1   Thumb Code     0  __rtentry.o(.ARM.Collect$$rtentry$$00000000)
    __rt_entry_presh_1                       0x080001b1   Thumb Code     0  __rtentry2.o(.ARM.Collect$$rtentry$$00000002)
    __rt_entry_sh                            0x080001b1   Thumb Code     0  __rtentry4.o(.ARM.Collect$$rtentry$$00000004)
    __rt_entry_li                            0x080001b7   Thumb Code     0  __rtentry2.o(.ARM.Collect$$rtentry$$0000000A)
    __rt_entry_postsh_1                      0x080001b7   Thumb Code     0  __rtentry2.o(.ARM.Collect$$rtentry$$00000009)
    __rt_entry_main                          0x080001bb   Thumb Code     0  __rtentry2.o(.ARM.Collect$$rtentry$$0000000D)
    __rt_entry_postli_1                      0x080001bb   Thumb Code     0  __rtentry2.o(.ARM.Collect$$rtentry$$0000000C)
    __rt_exit                                0x080001c3   Thumb Code     0  rtexit.o(.ARM.Collect$$rtexit$$00000000)
    __rt_exit_ls                             0x080001c5   Thumb Code     0  rtexit2.o(.ARM.Collect$$rtexit$$00000003)
    __rt_exit_prels_1                        0x080001c5   Thumb Code     0  rtexit2.o(.ARM.Collect$$rtexit$$00000002)
    __rt_exit_exit                           0x080001c9   Thumb Code     0  rtexit2.o(.ARM.Collect$$rtexit$$00000004)
    Reset_Handler                            0x080001d1   Thumb Code     8  startup_gd32f30x_hd.o(.text)
    ADC0_1_IRQHandler                        0x080001eb   Thumb Code     0  startup_gd32f30x_hd.o(.text)
    ADC2_IRQHandler                          0x080001eb   Thumb Code     0  startup_gd32f30x_hd.o(.text)
    CAN0_EWMC_IRQHandler                     0x080001eb   Thumb Code     0  startup_gd32f30x_hd.o(.text)
    CAN0_RX1_IRQHandler                      0x080001eb   Thumb Code     0  startup_gd32f30x_hd.o(.text)
    DMA0_Channel0_IRQHandler                 0x080001eb   Thumb Code     0  startup_gd32f30x_hd.o(.text)
    DMA0_Channel3_IRQHandler                 0x080001eb   Thumb Code     0  startup_gd32f30x_hd.o(.text)
    DMA0_Channel4_IRQHandler                 0x080001eb   Thumb Code     0  startup_gd32f30x_hd.o(.text)
    DMA0_Channel5_IRQHandler                 0x080001eb   Thumb Code     0  startup_gd32f30x_hd.o(.text)
    DMA0_Channel6_IRQHandler                 0x080001eb   Thumb Code     0  startup_gd32f30x_hd.o(.text)
    DMA1_Channel0_IRQHandler                 0x080001eb   Thumb Code     0  startup_gd32f30x_hd.o(.text)
    DMA1_Channel1_IRQHandler                 0x080001eb   Thumb Code     0  startup_gd32f30x_hd.o(.text)
    DMA1_Channel2_IRQHandler                 0x080001eb   Thumb Code     0  startup_gd32f30x_hd.o(.text)
    DMA1_Channel3_4_IRQHandler               0x080001eb   Thumb Code     0  startup_gd32f30x_hd.o(.text)
    EXMC_IRQHandler                          0x080001eb   Thumb Code     0  startup_gd32f30x_hd.o(.text)
    EXTI0_IRQHandler                         0x080001eb   Thumb Code     0  startup_gd32f30x_hd.o(.text)
    EXTI10_15_IRQHandler                     0x080001eb   Thumb Code     0  startup_gd32f30x_hd.o(.text)
    EXTI1_IRQHandler                         0x080001eb   Thumb Code     0  startup_gd32f30x_hd.o(.text)
    EXTI2_IRQHandler                         0x080001eb   Thumb Code     0  startup_gd32f30x_hd.o(.text)
    EXTI3_IRQHandler                         0x080001eb   Thumb Code     0  startup_gd32f30x_hd.o(.text)
    EXTI4_IRQHandler                         0x080001eb   Thumb Code     0  startup_gd32f30x_hd.o(.text)
    EXTI5_9_IRQHandler                       0x080001eb   Thumb Code     0  startup_gd32f30x_hd.o(.text)
    FMC_IRQHandler                           0x080001eb   Thumb Code     0  startup_gd32f30x_hd.o(.text)
    I2C0_ER_IRQHandler                       0x080001eb   Thumb Code     0  startup_gd32f30x_hd.o(.text)
    I2C0_EV_IRQHandler                       0x080001eb   Thumb Code     0  startup_gd32f30x_hd.o(.text)
    I2C1_ER_IRQHandler                       0x080001eb   Thumb Code     0  startup_gd32f30x_hd.o(.text)
    I2C1_EV_IRQHandler                       0x080001eb   Thumb Code     0  startup_gd32f30x_hd.o(.text)
    LVD_IRQHandler                           0x080001eb   Thumb Code     0  startup_gd32f30x_hd.o(.text)
    RCU_CTC_IRQHandler                       0x080001eb   Thumb Code     0  startup_gd32f30x_hd.o(.text)
    RTC_Alarm_IRQHandler                     0x080001eb   Thumb Code     0  startup_gd32f30x_hd.o(.text)
    RTC_IRQHandler                           0x080001eb   Thumb Code     0  startup_gd32f30x_hd.o(.text)
    SDIO_IRQHandler                          0x080001eb   Thumb Code     0  startup_gd32f30x_hd.o(.text)
    SPI0_IRQHandler                          0x080001eb   Thumb Code     0  startup_gd32f30x_hd.o(.text)
    SPI1_IRQHandler                          0x080001eb   Thumb Code     0  startup_gd32f30x_hd.o(.text)
    SPI2_IRQHandler                          0x080001eb   Thumb Code     0  startup_gd32f30x_hd.o(.text)
    TAMPER_IRQHandler                        0x080001eb   Thumb Code     0  startup_gd32f30x_hd.o(.text)
    TIMER0_BRK_IRQHandler                    0x080001eb   Thumb Code     0  startup_gd32f30x_hd.o(.text)
    TIMER0_Channel_IRQHandler                0x080001eb   Thumb Code     0  startup_gd32f30x_hd.o(.text)
    TIMER0_TRG_CMT_IRQHandler                0x080001eb   Thumb Code     0  startup_gd32f30x_hd.o(.text)
    TIMER0_UP_IRQHandler                     0x080001eb   Thumb Code     0  startup_gd32f30x_hd.o(.text)
    TIMER1_IRQHandler                        0x080001eb   Thumb Code     0  startup_gd32f30x_hd.o(.text)
    TIMER3_IRQHandler                        0x080001eb   Thumb Code     0  startup_gd32f30x_hd.o(.text)
    TIMER4_IRQHandler                        0x080001eb   Thumb Code     0  startup_gd32f30x_hd.o(.text)
    TIMER5_IRQHandler                        0x080001eb   Thumb Code     0  startup_gd32f30x_hd.o(.text)
    TIMER6_IRQHandler                        0x080001eb   Thumb Code     0  startup_gd32f30x_hd.o(.text)
    TIMER7_BRK_IRQHandler                    0x080001eb   Thumb Code     0  startup_gd32f30x_hd.o(.text)
    TIMER7_Channel_IRQHandler                0x080001eb   Thumb Code     0  startup_gd32f30x_hd.o(.text)
    TIMER7_TRG_CMT_IRQHandler                0x080001eb   Thumb Code     0  startup_gd32f30x_hd.o(.text)
    TIMER7_UP_IRQHandler                     0x080001eb   Thumb Code     0  startup_gd32f30x_hd.o(.text)
    UART3_IRQHandler                         0x080001eb   Thumb Code     0  startup_gd32f30x_hd.o(.text)
    UART4_IRQHandler                         0x080001eb   Thumb Code     0  startup_gd32f30x_hd.o(.text)
    USART0_IRQHandler                        0x080001eb   Thumb Code     0  startup_gd32f30x_hd.o(.text)
    USART1_IRQHandler                        0x080001eb   Thumb Code     0  startup_gd32f30x_hd.o(.text)
    USBD_HP_CAN0_TX_IRQHandler               0x080001eb   Thumb Code     0  startup_gd32f30x_hd.o(.text)
    USBD_LP_CAN0_RX0_IRQHandler              0x080001eb   Thumb Code     0  startup_gd32f30x_hd.o(.text)
    USBD_WKUP_IRQHandler                     0x080001eb   Thumb Code     0  startup_gd32f30x_hd.o(.text)
    WWDGT_IRQHandler                         0x080001eb   Thumb Code     0  startup_gd32f30x_hd.o(.text)
    __user_initial_stackheap                 0x080001ed   Thumb Code    10  startup_gd32f30x_hd.o(.text)
    __use_two_region_memory                  0x08000211   Thumb Code     2  heapauxi.o(.text)
    __rt_heap_escrow$2region                 0x08000213   Thumb Code     2  heapauxi.o(.text)
    __rt_heap_expand$2region                 0x08000215   Thumb Code     2  heapauxi.o(.text)
    __user_libspace                          0x08000219   Thumb Code     8  libspace.o(.text)
    __user_perproc_libspace                  0x08000219   Thumb Code     0  libspace.o(.text)
    __user_perthread_libspace                0x08000219   Thumb Code     0  libspace.o(.text)
    __user_setup_stackheap                   0x08000221   Thumb Code    74  sys_stackheap_outer.o(.text)
    exit                                     0x0800026b   Thumb Code    18  exit.o(.text)
    _sys_exit                                0x0800027d   Thumb Code     8  sys_exit.o(.text)
    __I$use$semihosting                      0x08000289   Thumb Code     0  use_no_semi.o(.text)
    __use_no_semihosting_swi                 0x08000289   Thumb Code     2  use_no_semi.o(.text)
    __semihosting_library_function           0x0800028b   Thumb Code     0  indicate_semi.o(.text)
    BusFault_Handler                         0x0800028d   Thumb Code     2  gd32f30x_it.o(.text.BusFault_Handler)
    DMA0_Channel1_IRQHandler                 0x08000291   Thumb Code    48  main.o(.text.DMA0_Channel1_IRQHandler)
    DMA0_Channel2_IRQHandler                 0x080002c1   Thumb Code    50  main.o(.text.DMA0_Channel2_IRQHandler)
    DebugMon_Handler                         0x080002f5   Thumb Code     2  gd32f30x_it.o(.text.DebugMon_Handler)
    HardFault_Handler                        0x080002f9   Thumb Code     2  gd32f30x_it.o(.text.HardFault_Handler)
    MemManage_Handler                        0x080002fd   Thumb Code     2  gd32f30x_it.o(.text.MemManage_Handler)
    NMI_Handler                              0x08000301   Thumb Code     2  gd32f30x_it.o(.text.NMI_Handler)
    PendSV_Handler                           0x08000305   Thumb Code     2  gd32f30x_it.o(.text.PendSV_Handler)
    SVC_Handler                              0x08000309   Thumb Code     2  gd32f30x_it.o(.text.SVC_Handler)
    SysTick_Handler                          0x0800030d   Thumb Code     4  gd32f30x_it.o(.text.SysTick_Handler)
    SystemInit                               0x08000311   Thumb Code   574  system_gd32f30x.o(.text.SystemInit)
    TIMER2_IRQHandler                        0x08000551   Thumb Code   196  main.o(.text.TIMER2_IRQHandler)
    USART2_IRQHandler                        0x08000615   Thumb Code    12  main.o(.text.USART2_IRQHandler)
    UsageFault_Handler                       0x08000621   Thumb Code     2  gd32f30x_it.o(.text.UsageFault_Handler)
    Tim_Init()                               0x08000625   Thumb Code   480  main.o(.text._Z8Tim_Initv)
    UART_Init()                              0x08000805   Thumb Code   298  main.o(.text._Z9UART_Initv)
    cIIC::IIC_ReadOneByte()                  0x08000931   Thumb Code   406  iic_software_gd.o(.text._ZN4cIIC15IIC_ReadOneByteEv)
    cIIC::IIC_SendOneByte(unsigned char)     0x08000ac9   Thumb Code   450  iic_software_gd.o(.text._ZN4cIIC15IIC_SendOneByteEh)
    cIIC::IIC_Init(unsigned int, unsigned int, unsigned int, unsigned int) 0x08000c8d   Thumb Code    18  iic_software_gd.o(.text._ZN4cIIC8IIC_InitEjjjj)
    cIIC::IIC_Stop()                         0x08000ca1   Thumb Code    56  iic_software_gd.o(.text._ZN4cIIC8IIC_StopEv)
    cIIC::IIC_Start()                        0x08000cd9   Thumb Code    60  iic_software_gd.o(.text._ZN4cIIC9IIC_StartEv)
    cSPI::SPI_ExchangeOneByte(unsigned char) 0x08000d15   Thumb Code   516  spi_software_gd.o(.text._ZN4cSPI19SPI_ExchangeOneByteEh)
    cSPI::SPI_Init(unsigned int, unsigned int, unsigned int, unsigned int, unsigned int, unsigned int, unsigned int, unsigned int) 0x08000f19   Thumb Code    36  spi_software_gd.o(.text._ZN4cSPI8SPI_InitEjjjjjjjj)
    cUART::Recieve_DMA(unsigned char*, unsigned short) 0x08000f3d   Thumb Code   140  uart_gd.o(.text._ZN5cUART11Recieve_DMAEPht)
    cUART::Recieve_IRQ()                     0x08000fc9   Thumb Code   260  main.o(.text._ZN5cUART11Recieve_IRQEv)
    cUART::Transmit_DMA(unsigned char*, unsigned short) 0x080010cd   Thumb Code    66  uart_gd.o(.text._ZN5cUART12Transmit_DMAEPht)
    arm_add_q7                               0x08001111   Thumb Code   208  basicmathfunctions.o(.text.arm_add_q7)
    arm_correlate_f32                        0x080011e1   Thumb Code  2660  filteringfunctions.o(.text.arm_correlate_f32)
    arm_max_f32                              0x08001c45   Thumb Code   260  statisticsfunctions.o(.text.arm_max_f32)
    delay_decrement                          0x08001d49   Thumb Code    24  systick.o(.text.delay_decrement)
    dma_channel_disable                      0x08001d61   Thumb Code    38  gd32f30x_dma.o(.text.dma_channel_disable)
    dma_channel_enable                       0x08001d89   Thumb Code    38  gd32f30x_dma.o(.text.dma_channel_enable)
    dma_circulation_disable                  0x08001db1   Thumb Code    38  gd32f30x_dma.o(.text.dma_circulation_disable)
    dma_deinit                               0x08001dd9   Thumb Code    62  gd32f30x_dma.o(.text.dma_deinit)
    dma_init                                 0x08001e19   Thumb Code   118  gd32f30x_dma.o(.text.dma_init)
    dma_interrupt_disable                    0x08001e91   Thumb Code    36  gd32f30x_dma.o(.text.dma_interrupt_disable)
    dma_interrupt_enable                     0x08001eb5   Thumb Code    36  gd32f30x_dma.o(.text.dma_interrupt_enable)
    dma_interrupt_flag_clear                 0x08001ed9   Thumb Code    14  gd32f30x_dma.o(.text.dma_interrupt_flag_clear)
    dma_interrupt_flag_get                   0x08001ee9   Thumb Code    58  gd32f30x_dma.o(.text.dma_interrupt_flag_get)
    dma_memory_address_config                0x08001f25   Thumb Code    32  gd32f30x_dma.o(.text.dma_memory_address_config)
    dma_memory_to_memory_disable             0x08001f45   Thumb Code    38  gd32f30x_dma.o(.text.dma_memory_to_memory_disable)
    dma_memory_to_memory_enable              0x08001f6d   Thumb Code    38  gd32f30x_dma.o(.text.dma_memory_to_memory_enable)
    dma_periph_address_config                0x08001f95   Thumb Code    32  gd32f30x_dma.o(.text.dma_periph_address_config)
    dma_periph_increase_disable              0x08001fb5   Thumb Code    38  gd32f30x_dma.o(.text.dma_periph_increase_disable)
    dma_periph_increase_enable               0x08001fdd   Thumb Code    38  gd32f30x_dma.o(.text.dma_periph_increase_enable)
    dma_struct_para_init                     0x08002005   Thumb Code    26  gd32f30x_dma.o(.text.dma_struct_para_init)
    dma_transfer_number_config               0x08002021   Thumb Code    34  gd32f30x_dma.o(.text.dma_transfer_number_config)
    dma_transfer_number_get                  0x08002045   Thumb Code    32  gd32f30x_dma.o(.text.dma_transfer_number_get)
    gpio_init                                0x08002065   Thumb Code  1008  gd32f30x_gpio.o(.text.gpio_init)
    main                                     0x08002455   Thumb Code   504  main.o(.text.main)
    nvic_irq_enable                          0x0800264d   Thumb Code   178  gd32f30x_misc.o(.text.nvic_irq_enable)
    qDelay_init                              0x08002701   Thumb Code    46  delay.o(.text.qDelay_init)
    qDelay_us                                0x08002731   Thumb Code    82  delay.o(.text.qDelay_us)
    rcu_clock_freq_get                       0x08002785   Thumb Code   196  gd32f30x_rcu.o(.text.rcu_clock_freq_get)
    rcu_periph_clock_enable                  0x08002859   Thumb Code    30  gd32f30x_rcu.o(.text.rcu_periph_clock_enable)
    rcu_periph_reset_disable                 0x08002879   Thumb Code    32  gd32f30x_rcu.o(.text.rcu_periph_reset_disable)
    rcu_periph_reset_enable                  0x08002899   Thumb Code    30  gd32f30x_rcu.o(.text.rcu_periph_reset_enable)
    timer_auto_reload_shadow_enable          0x080028b9   Thumb Code    10  gd32f30x_timer.o(.text.timer_auto_reload_shadow_enable)
    timer_channel_output_config              0x080028c5   Thumb Code   524  gd32f30x_timer.o(.text.timer_channel_output_config)
    timer_channel_output_mode_config         0x08002ad1   Thumb Code    64  gd32f30x_timer.o(.text.timer_channel_output_mode_config)
    timer_channel_output_pulse_value_config  0x08002b11   Thumb Code    12  gd32f30x_timer.o(.text.timer_channel_output_pulse_value_config)
    timer_channel_output_shadow_config       0x08002b1d   Thumb Code    64  gd32f30x_timer.o(.text.timer_channel_output_shadow_config)
    timer_deinit                             0x08002b5d   Thumb Code   206  gd32f30x_timer.o(.text.timer_deinit)
    timer_enable                             0x08002c2d   Thumb Code    10  gd32f30x_timer.o(.text.timer_enable)
    timer_init                               0x08002c39   Thumb Code   182  gd32f30x_timer.o(.text.timer_init)
    timer_interrupt_enable                   0x08002cf1   Thumb Code     8  gd32f30x_timer.o(.text.timer_interrupt_enable)
    timer_interrupt_flag_clear               0x08002cf9   Thumb Code     6  gd32f30x_timer.o(.text.timer_interrupt_flag_clear)
    usart_baudrate_set                       0x08002d01   Thumb Code   108  gd32f30x_usart.o(.text.usart_baudrate_set)
    usart_data_receive                       0x08002d6d   Thumb Code     8  gd32f30x_usart.o(.text.usart_data_receive)
    usart_deinit                             0x08002d75   Thumb Code   130  gd32f30x_usart.o(.text.usart_deinit)
    usart_dma_receive_config                 0x08002df9   Thumb Code    12  gd32f30x_usart.o(.text.usart_dma_receive_config)
    usart_dma_transmit_config                0x08002e05   Thumb Code    12  gd32f30x_usart.o(.text.usart_dma_transmit_config)
    usart_enable                             0x08002e11   Thumb Code    10  gd32f30x_usart.o(.text.usart_enable)
    usart_flag_get                           0x08002e1d   Thumb Code    16  gd32f30x_usart.o(.text.usart_flag_get)
    usart_interrupt_disable                  0x08002e2d   Thumb Code    24  gd32f30x_usart.o(.text.usart_interrupt_disable)
    usart_interrupt_enable                   0x08002e45   Thumb Code    22  gd32f30x_usart.o(.text.usart_interrupt_enable)
    usart_interrupt_flag_clear               0x08002e5d   Thumb Code    24  gd32f30x_usart.o(.text.usart_interrupt_flag_clear)
    usart_interrupt_flag_get                 0x08002e75   Thumb Code    34  gd32f30x_usart.o(.text.usart_interrupt_flag_get)
    usart_receive_config                     0x08002e99   Thumb Code    12  gd32f30x_usart.o(.text.usart_receive_config)
    usart_transmit_config                    0x08002ea5   Thumb Code    12  gd32f30x_usart.o(.text.usart_transmit_config)
    _fp_init                                 0x08002eb1   Thumb Code    26  fpinit.o(x$fpl$fpinit)
    __fplib_config_fpu_vfp                   0x08002ec9   Thumb Code     0  fpinit.o(x$fpl$fpinit)
    __fplib_config_pureend_doubles           0x08002ec9   Thumb Code     0  fpinit.o(x$fpl$fpinit)
    Region$$Table$$Base                      0x08002ed4   Number         0  anon$$obj.o(Region$$Table)
    Region$$Table$$Limit                     0x08002ef4   Number         0  anon$$obj.o(Region$$Table)
    a1                                       0x20000000   Data           3  main.o(.data..L_MergedGlobals)
    a2                                       0x20000003   Data           3  main.o(.data..L_MergedGlobals)
    signa1                                   0x20000008   Data          24  main.o(.data..L_MergedGlobals)
    signa2                                   0x20000020   Data          80  main.o(.data..L_MergedGlobals)
    UART_2                                   0x20000070   Data         160  main.o(.data.UART_2)
    UART_TX_BUF                              0x20000110   Data          20  main.o(.data.UART_TX_BUF)
    __libspace_start                         0x20000128   Data          96  libspace.o(.bss)
    Read                                     0x20000188   Data           1  main.o(.bss..L_MergedGlobals.1)
    __temporary_stack_top$libspace           0x20000188   Data           0  libspace.o(.bss)
    UART_DMA_TX_St                           0x2000018a   Data           2  main.o(.bss..L_MergedGlobals.1)
    maxdata                                  0x20000190   Data           4  main.o(.bss..L_MergedGlobals.1)
    maxindex                                 0x20000194   Data           4  main.o(.bss..L_MergedGlobals.1)
    IIC_Test                                 0x20000198   Data          16  main.o(.bss..L_MergedGlobals.1)
    UART_RX_BUF                              0x200001a8   Data          20  main.o(.bss..L_MergedGlobals.1)
    SPI_Test                                 0x200001bc   Data          32  main.o(.bss..L_MergedGlobals.1)
    signa3                                   0x200001e4   Data         156  main.o(.bss.signa3)



==============================================================================

Memory Map of the image

  Image Entry point : 0x08000131

  Load Region LR_IROM1 (Base: 0x08000000, Size: 0x00003020, Max: 0x00040000, ABSOLUTE)

    Execution Region ER_IROM1 (Exec base: 0x08000000, Load base: 0x08000000, Size: 0x00002ef4, Max: 0x00040000, ABSOLUTE)

    Exec Addr    Load Addr    Size         Type   Attr      Idx    E Section Name        Object

    0x08000000   0x08000000   0x00000130   Data   RO           16    RESET               startup_gd32f30x_hd.o
    0x08000130   0x08000130   0x00000008   Code   RO         3282  * !!!main             c_w.l(__main.o)
    0x08000138   0x08000138   0x00000034   Code   RO         3617    !!!scatter          c_w.l(__scatter.o)
    0x0800016c   0x0800016c   0x0000001a   Code   RO         3619    !!handler_copy      c_w.l(__scatter_copy.o)
    0x08000186   0x08000186   0x00000002   PAD
    0x08000188   0x08000188   0x0000001c   Code   RO         3621    !!handler_zi        c_w.l(__scatter_zi.o)
    0x080001a4   0x080001a4   0x00000002   Code   RO         3482    .ARM.Collect$$libinit$$00000000  c_w.l(libinit.o)
    0x080001a6   0x080001a6   0x00000004   Code   RO         3491    .ARM.Collect$$libinit$$00000001  c_w.l(libinit2.o)
    0x080001aa   0x080001aa   0x00000000   Code   RO         3494    .ARM.Collect$$libinit$$00000004  c_w.l(libinit2.o)
    0x080001aa   0x080001aa   0x00000000   Code   RO         3496    .ARM.Collect$$libinit$$00000006  c_w.l(libinit2.o)
    0x080001aa   0x080001aa   0x00000000   Code   RO         3499    .ARM.Collect$$libinit$$0000000C  c_w.l(libinit2.o)
    0x080001aa   0x080001aa   0x00000000   Code   RO         3501    .ARM.Collect$$libinit$$0000000E  c_w.l(libinit2.o)
    0x080001aa   0x080001aa   0x00000000   Code   RO         3503    .ARM.Collect$$libinit$$00000010  c_w.l(libinit2.o)
    0x080001aa   0x080001aa   0x00000000   Code   RO         3506    .ARM.Collect$$libinit$$00000013  c_w.l(libinit2.o)
    0x080001aa   0x080001aa   0x00000000   Code   RO         3508    .ARM.Collect$$libinit$$00000015  c_w.l(libinit2.o)
    0x080001aa   0x080001aa   0x00000000   Code   RO         3510    .ARM.Collect$$libinit$$00000017  c_w.l(libinit2.o)
    0x080001aa   0x080001aa   0x00000000   Code   RO         3512    .ARM.Collect$$libinit$$00000019  c_w.l(libinit2.o)
    0x080001aa   0x080001aa   0x00000000   Code   RO         3514    .ARM.Collect$$libinit$$0000001B  c_w.l(libinit2.o)
    0x080001aa   0x080001aa   0x00000000   Code   RO         3516    .ARM.Collect$$libinit$$0000001D  c_w.l(libinit2.o)
    0x080001aa   0x080001aa   0x00000000   Code   RO         3518    .ARM.Collect$$libinit$$0000001F  c_w.l(libinit2.o)
    0x080001aa   0x080001aa   0x00000000   Code   RO         3520    .ARM.Collect$$libinit$$00000021  c_w.l(libinit2.o)
    0x080001aa   0x080001aa   0x00000000   Code   RO         3522    .ARM.Collect$$libinit$$00000023  c_w.l(libinit2.o)
    0x080001aa   0x080001aa   0x00000000   Code   RO         3524    .ARM.Collect$$libinit$$00000025  c_w.l(libinit2.o)
    0x080001aa   0x080001aa   0x00000000   Code   RO         3526    .ARM.Collect$$libinit$$00000027  c_w.l(libinit2.o)
    0x080001aa   0x080001aa   0x00000000   Code   RO         3530    .ARM.Collect$$libinit$$0000002E  c_w.l(libinit2.o)
    0x080001aa   0x080001aa   0x00000000   Code   RO         3532    .ARM.Collect$$libinit$$00000030  c_w.l(libinit2.o)
    0x080001aa   0x080001aa   0x00000000   Code   RO         3534    .ARM.Collect$$libinit$$00000032  c_w.l(libinit2.o)
    0x080001aa   0x080001aa   0x00000000   Code   RO         3536    .ARM.Collect$$libinit$$00000034  c_w.l(libinit2.o)
    0x080001aa   0x080001aa   0x00000002   Code   RO         3537    .ARM.Collect$$libinit$$00000035  c_w.l(libinit2.o)
    0x080001ac   0x080001ac   0x00000002   Code   RO         3572    .ARM.Collect$$libshutdown$$00000000  c_w.l(libshutdown.o)
    0x080001ae   0x080001ae   0x00000000   Code   RO         3600    .ARM.Collect$$libshutdown$$00000002  c_w.l(libshutdown2.o)
    0x080001ae   0x080001ae   0x00000000   Code   RO         3602    .ARM.Collect$$libshutdown$$00000004  c_w.l(libshutdown2.o)
    0x080001ae   0x080001ae   0x00000000   Code   RO         3605    .ARM.Collect$$libshutdown$$00000007  c_w.l(libshutdown2.o)
    0x080001ae   0x080001ae   0x00000000   Code   RO         3608    .ARM.Collect$$libshutdown$$0000000A  c_w.l(libshutdown2.o)
    0x080001ae   0x080001ae   0x00000000   Code   RO         3610    .ARM.Collect$$libshutdown$$0000000C  c_w.l(libshutdown2.o)
    0x080001ae   0x080001ae   0x00000000   Code   RO         3613    .ARM.Collect$$libshutdown$$0000000F  c_w.l(libshutdown2.o)
    0x080001ae   0x080001ae   0x00000002   Code   RO         3614    .ARM.Collect$$libshutdown$$00000010  c_w.l(libshutdown2.o)
    0x080001b0   0x080001b0   0x00000000   Code   RO         3377    .ARM.Collect$$rtentry$$00000000  c_w.l(__rtentry.o)
    0x080001b0   0x080001b0   0x00000000   Code   RO         3443    .ARM.Collect$$rtentry$$00000002  c_w.l(__rtentry2.o)
    0x080001b0   0x080001b0   0x00000006   Code   RO         3455    .ARM.Collect$$rtentry$$00000004  c_w.l(__rtentry4.o)
    0x080001b6   0x080001b6   0x00000000   Code   RO         3445    .ARM.Collect$$rtentry$$00000009  c_w.l(__rtentry2.o)
    0x080001b6   0x080001b6   0x00000004   Code   RO         3446    .ARM.Collect$$rtentry$$0000000A  c_w.l(__rtentry2.o)
    0x080001ba   0x080001ba   0x00000000   Code   RO         3448    .ARM.Collect$$rtentry$$0000000C  c_w.l(__rtentry2.o)
    0x080001ba   0x080001ba   0x00000008   Code   RO         3449    .ARM.Collect$$rtentry$$0000000D  c_w.l(__rtentry2.o)
    0x080001c2   0x080001c2   0x00000002   Code   RO         3483    .ARM.Collect$$rtexit$$00000000  c_w.l(rtexit.o)
    0x080001c4   0x080001c4   0x00000000   Code   RO         3543    .ARM.Collect$$rtexit$$00000002  c_w.l(rtexit2.o)
    0x080001c4   0x080001c4   0x00000004   Code   RO         3544    .ARM.Collect$$rtexit$$00000003  c_w.l(rtexit2.o)
    0x080001c8   0x080001c8   0x00000006   Code   RO         3545    .ARM.Collect$$rtexit$$00000004  c_w.l(rtexit2.o)
    0x080001ce   0x080001ce   0x00000002   PAD
    0x080001d0   0x080001d0   0x00000040   Code   RO           17    .text               startup_gd32f30x_hd.o
    0x08000210   0x08000210   0x00000006   Code   RO         3280    .text               c_w.l(heapauxi.o)
    0x08000216   0x08000216   0x00000002   PAD
    0x08000218   0x08000218   0x00000008   Code   RO         3466    .text               c_w.l(libspace.o)
    0x08000220   0x08000220   0x0000004a   Code   RO         3469    .text               c_w.l(sys_stackheap_outer.o)
    0x0800026a   0x0800026a   0x00000012   Code   RO         3471    .text               c_w.l(exit.o)
    0x0800027c   0x0800027c   0x0000000c   Code   RO         3538    .text               c_w.l(sys_exit.o)
    0x08000288   0x08000288   0x00000002   Code   RO         3561    .text               c_w.l(use_no_semi.o)
    0x0800028a   0x0800028a   0x00000000   Code   RO         3563    .text               c_w.l(indicate_semi.o)
    0x0800028a   0x0800028a   0x00000002   PAD
    0x0800028c   0x0800028c   0x00000002   Code   RO         3164    .text.BusFault_Handler  gd32f30x_it.o
    0x0800028e   0x0800028e   0x00000002   PAD
    0x08000290   0x08000290   0x00000030   Code   RO         3133    .text.DMA0_Channel1_IRQHandler  main.o
    0x080002c0   0x080002c0   0x00000032   Code   RO         3135    .text.DMA0_Channel2_IRQHandler  main.o
    0x080002f2   0x080002f2   0x00000002   PAD
    0x080002f4   0x080002f4   0x00000002   Code   RO         3170    .text.DebugMon_Handler  gd32f30x_it.o
    0x080002f6   0x080002f6   0x00000002   PAD
    0x080002f8   0x080002f8   0x00000002   Code   RO         3160    .text.HardFault_Handler  gd32f30x_it.o
    0x080002fa   0x080002fa   0x00000002   PAD
    0x080002fc   0x080002fc   0x00000002   Code   RO         3162    .text.MemManage_Handler  gd32f30x_it.o
    0x080002fe   0x080002fe   0x00000002   PAD
    0x08000300   0x08000300   0x00000002   Code   RO         3158    .text.NMI_Handler   gd32f30x_it.o
    0x08000302   0x08000302   0x00000002   PAD
    0x08000304   0x08000304   0x00000002   Code   RO         3172    .text.PendSV_Handler  gd32f30x_it.o
    0x08000306   0x08000306   0x00000002   PAD
    0x08000308   0x08000308   0x00000002   Code   RO         3168    .text.SVC_Handler   gd32f30x_it.o
    0x0800030a   0x0800030a   0x00000002   PAD
    0x0800030c   0x0800030c   0x00000004   Code   RO         3174    .text.SysTick_Handler  gd32f30x_it.o
    0x08000310   0x08000310   0x0000023e   Code   RO            2    .text.SystemInit    system_gd32f30x.o
    0x0800054e   0x0800054e   0x00000002   PAD
    0x08000550   0x08000550   0x000000c4   Code   RO         3131    .text.TIMER2_IRQHandler  main.o
    0x08000614   0x08000614   0x0000000c   Code   RO         3137    .text.USART2_IRQHandler  main.o
    0x08000620   0x08000620   0x00000002   Code   RO         3166    .text.UsageFault_Handler  gd32f30x_it.o
    0x08000622   0x08000622   0x00000002   PAD
    0x08000624   0x08000624   0x000001e0   Code   RO         3127    .text._Z8Tim_Initv  main.o
    0x08000804   0x08000804   0x0000012a   Code   RO         3129    .text._Z9UART_Initv  main.o
    0x0800092e   0x0800092e   0x00000002   PAD
    0x08000930   0x08000930   0x00000196   Code   RO         3227    .text._ZN4cIIC15IIC_ReadOneByteEv  iic_software_gd.o
    0x08000ac6   0x08000ac6   0x00000002   PAD
    0x08000ac8   0x08000ac8   0x000001c2   Code   RO         3225    .text._ZN4cIIC15IIC_SendOneByteEh  iic_software_gd.o
    0x08000c8a   0x08000c8a   0x00000002   PAD
    0x08000c8c   0x08000c8c   0x00000012   Code   RO         3213    .text._ZN4cIIC8IIC_InitEjjjj  iic_software_gd.o
    0x08000c9e   0x08000c9e   0x00000002   PAD
    0x08000ca0   0x08000ca0   0x00000038   Code   RO         3217    .text._ZN4cIIC8IIC_StopEv  iic_software_gd.o
    0x08000cd8   0x08000cd8   0x0000003c   Code   RO         3215    .text._ZN4cIIC9IIC_StartEv  iic_software_gd.o
    0x08000d14   0x08000d14   0x00000204   Code   RO         3239    .text._ZN4cSPI19SPI_ExchangeOneByteEh  spi_software_gd.o
    0x08000f18   0x08000f18   0x00000024   Code   RO         3237    .text._ZN4cSPI8SPI_InitEjjjjjjjj  spi_software_gd.o
    0x08000f3c   0x08000f3c   0x0000008c   Code   RO         3255    .text._ZN5cUART11Recieve_DMAEPht  uart_gd.o
    0x08000fc8   0x08000fc8   0x00000104   Code   RO         3155    .text._ZN5cUART11Recieve_IRQEv  main.o
    0x080010cc   0x080010cc   0x00000042   Code   RO         3253    .text._ZN5cUART12Transmit_DMAEPht  uart_gd.o
    0x0800110e   0x0800110e   0x00000002   PAD
    0x08001110   0x08001110   0x000000d0   Code   RO         1413    .text.arm_add_q7    basicmathfunctions.o
    0x080011e0   0x080011e0   0x00000a64   Code   RO         2103    .text.arm_correlate_f32  filteringfunctions.o
    0x08001c44   0x08001c44   0x00000104   Code   RO         2503    .text.arm_max_f32   statisticsfunctions.o
    0x08001d48   0x08001d48   0x00000018   Code   RO         3187    .text.delay_decrement  systick.o
    0x08001d60   0x08001d60   0x00000026   Code   RO          382    .text.dma_channel_disable  gd32f30x_dma.o
    0x08001d86   0x08001d86   0x00000002   PAD
    0x08001d88   0x08001d88   0x00000026   Code   RO          380    .text.dma_channel_enable  gd32f30x_dma.o
    0x08001dae   0x08001dae   0x00000002   PAD
    0x08001db0   0x08001db0   0x00000026   Code   RO          374    .text.dma_circulation_disable  gd32f30x_dma.o
    0x08001dd6   0x08001dd6   0x00000002   PAD
    0x08001dd8   0x08001dd8   0x0000003e   Code   RO          366    .text.dma_deinit    gd32f30x_dma.o
    0x08001e16   0x08001e16   0x00000002   PAD
    0x08001e18   0x08001e18   0x00000076   Code   RO          370    .text.dma_init      gd32f30x_dma.o
    0x08001e8e   0x08001e8e   0x00000002   PAD
    0x08001e90   0x08001e90   0x00000024   Code   RO          418    .text.dma_interrupt_disable  gd32f30x_dma.o
    0x08001eb4   0x08001eb4   0x00000024   Code   RO          416    .text.dma_interrupt_enable  gd32f30x_dma.o
    0x08001ed8   0x08001ed8   0x0000000e   Code   RO          414    .text.dma_interrupt_flag_clear  gd32f30x_dma.o
    0x08001ee6   0x08001ee6   0x00000002   PAD
    0x08001ee8   0x08001ee8   0x0000003a   Code   RO          412    .text.dma_interrupt_flag_get  gd32f30x_dma.o
    0x08001f22   0x08001f22   0x00000002   PAD
    0x08001f24   0x08001f24   0x00000020   Code   RO          386    .text.dma_memory_address_config  gd32f30x_dma.o
    0x08001f44   0x08001f44   0x00000026   Code   RO          378    .text.dma_memory_to_memory_disable  gd32f30x_dma.o
    0x08001f6a   0x08001f6a   0x00000002   PAD
    0x08001f6c   0x08001f6c   0x00000026   Code   RO          376    .text.dma_memory_to_memory_enable  gd32f30x_dma.o
    0x08001f92   0x08001f92   0x00000002   PAD
    0x08001f94   0x08001f94   0x00000020   Code   RO          384    .text.dma_periph_address_config  gd32f30x_dma.o
    0x08001fb4   0x08001fb4   0x00000026   Code   RO          404    .text.dma_periph_increase_disable  gd32f30x_dma.o
    0x08001fda   0x08001fda   0x00000002   PAD
    0x08001fdc   0x08001fdc   0x00000026   Code   RO          402    .text.dma_periph_increase_enable  gd32f30x_dma.o
    0x08002002   0x08002002   0x00000002   PAD
    0x08002004   0x08002004   0x0000001a   Code   RO          368    .text.dma_struct_para_init  gd32f30x_dma.o
    0x0800201e   0x0800201e   0x00000002   PAD
    0x08002020   0x08002020   0x00000022   Code   RO          388    .text.dma_transfer_number_config  gd32f30x_dma.o
    0x08002042   0x08002042   0x00000002   PAD
    0x08002044   0x08002044   0x00000020   Code   RO          390    .text.dma_transfer_number_get  gd32f30x_dma.o
    0x08002064   0x08002064   0x000003f0   Code   RO          623    .text.gpio_init     gd32f30x_gpio.o
    0x08002454   0x08002454   0x000001f8   Code   RO         3125    .text.main          main.o
    0x0800264c   0x0800264c   0x000000b2   Code   RO          737    .text.nvic_irq_enable  gd32f30x_misc.o
    0x080026fe   0x080026fe   0x00000002   PAD
    0x08002700   0x08002700   0x0000002e   Code   RO         3198    .text.qDelay_init   delay.o
    0x0800272e   0x0800272e   0x00000002   PAD
    0x08002730   0x08002730   0x00000052   Code   RO         3200    .text.qDelay_us     delay.o
    0x08002782   0x08002782   0x00000002   PAD
    0x08002784   0x08002784   0x000000d4   Code   RO          872    .text.rcu_clock_freq_get  gd32f30x_rcu.o
    0x08002858   0x08002858   0x0000001e   Code   RO          810    .text.rcu_periph_clock_enable  gd32f30x_rcu.o
    0x08002876   0x08002876   0x00000002   PAD
    0x08002878   0x08002878   0x00000020   Code   RO          820    .text.rcu_periph_reset_disable  gd32f30x_rcu.o
    0x08002898   0x08002898   0x0000001e   Code   RO          818    .text.rcu_periph_reset_enable  gd32f30x_rcu.o
    0x080028b6   0x080028b6   0x00000002   PAD
    0x080028b8   0x080028b8   0x0000000a   Code   RO         1125    .text.timer_auto_reload_shadow_enable  gd32f30x_timer.o
    0x080028c2   0x080028c2   0x00000002   PAD
    0x080028c4   0x080028c4   0x0000020c   Code   RO         1197    .text.timer_channel_output_config  gd32f30x_timer.o
    0x08002ad0   0x08002ad0   0x00000040   Code   RO         1199    .text.timer_channel_output_mode_config  gd32f30x_timer.o
    0x08002b10   0x08002b10   0x0000000c   Code   RO         1201    .text.timer_channel_output_pulse_value_config  gd32f30x_timer.o
    0x08002b1c   0x08002b1c   0x00000040   Code   RO         1203    .text.timer_channel_output_shadow_config  gd32f30x_timer.o
    0x08002b5c   0x08002b5c   0x000000ce   Code   RO         1115    .text.timer_deinit  gd32f30x_timer.o
    0x08002c2a   0x08002c2a   0x00000002   PAD
    0x08002c2c   0x08002c2c   0x0000000a   Code   RO         1121    .text.timer_enable  gd32f30x_timer.o
    0x08002c36   0x08002c36   0x00000002   PAD
    0x08002c38   0x08002c38   0x000000b6   Code   RO         1119    .text.timer_init    gd32f30x_timer.o
    0x08002cee   0x08002cee   0x00000002   PAD
    0x08002cf0   0x08002cf0   0x00000008   Code   RO         1155    .text.timer_interrupt_enable  gd32f30x_timer.o
    0x08002cf8   0x08002cf8   0x00000006   Code   RO         1161    .text.timer_interrupt_flag_clear  gd32f30x_timer.o
    0x08002cfe   0x08002cfe   0x00000002   PAD
    0x08002d00   0x08002d00   0x0000006c   Code   RO         1267    .text.usart_baudrate_set  gd32f30x_usart.o
    0x08002d6c   0x08002d6c   0x00000008   Code   RO         1295    .text.usart_data_receive  gd32f30x_usart.o
    0x08002d74   0x08002d74   0x00000082   Code   RO         1265    .text.usart_deinit  gd32f30x_usart.o
    0x08002df6   0x08002df6   0x00000002   PAD
    0x08002df8   0x08002df8   0x0000000c   Code   RO         1349    .text.usart_dma_receive_config  gd32f30x_usart.o
    0x08002e04   0x08002e04   0x0000000c   Code   RO         1351    .text.usart_dma_transmit_config  gd32f30x_usart.o
    0x08002e10   0x08002e10   0x0000000a   Code   RO         1275    .text.usart_enable  gd32f30x_usart.o
    0x08002e1a   0x08002e1a   0x00000002   PAD
    0x08002e1c   0x08002e1c   0x00000010   Code   RO         1353    .text.usart_flag_get  gd32f30x_usart.o
    0x08002e2c   0x08002e2c   0x00000018   Code   RO         1359    .text.usart_interrupt_disable  gd32f30x_usart.o
    0x08002e44   0x08002e44   0x00000016   Code   RO         1357    .text.usart_interrupt_enable  gd32f30x_usart.o
    0x08002e5a   0x08002e5a   0x00000002   PAD
    0x08002e5c   0x08002e5c   0x00000018   Code   RO         1363    .text.usart_interrupt_flag_clear  gd32f30x_usart.o
    0x08002e74   0x08002e74   0x00000022   Code   RO         1361    .text.usart_interrupt_flag_get  gd32f30x_usart.o
    0x08002e96   0x08002e96   0x00000002   PAD
    0x08002e98   0x08002e98   0x0000000c   Code   RO         1281    .text.usart_receive_config  gd32f30x_usart.o
    0x08002ea4   0x08002ea4   0x0000000c   Code   RO         1279    .text.usart_transmit_config  gd32f30x_usart.o
    0x08002eb0   0x08002eb0   0x0000001a   Code   RO         3555    x$fpl$fpinit        fz_wm.l(fpinit.o)
    0x08002eca   0x08002eca   0x00000008   Data   RO          884    .rodata.cst8        gd32f30x_rcu.o
    0x08002ed2   0x08002ed2   0x00000002   PAD
    0x08002ed4   0x08002ed4   0x00000020   Data   RO         3616    Region$$Table       anon$$obj.o


    Execution Region RW_IRAM1 (Exec base: 0x20000000, Load base: 0x08002ef8, Size: 0x00000a80, Max: 0x0000c000, ABSOLUTE)

    Exec Addr    Load Addr    Size         Type   Attr      Idx    E Section Name        Object

    0x20000000   0x08002ef8   0x00000070   Data   RW         3146    .data..L_MergedGlobals  main.o
    0x20000070   0x08002f68   0x000000a0   Data   RW         3141    .data.UART_2        main.o
    0x20000110   0x08003008   0x00000014   Data   RW         3143    .data.UART_TX_BUF   main.o
    0x20000124   0x0800301c   0x00000004   PAD
    0x20000128        -       0x00000060   Zero   RW         3467    .bss                c_w.l(libspace.o)
    0x20000188        -       0x00000054   Zero   RW         3147    .bss..L_MergedGlobals.1  main.o
    0x200001dc        -       0x00000004   Zero   RW         3189    .bss.delay          systick.o
    0x200001e0        -       0x00000004   Zero   RW         3204    .bss.fac_us         delay.o
    0x200001e4        -       0x0000009c   Zero   RW         3144    .bss.signa3         main.o
    0x20000280        -       0x00000400   Zero   RW           15    HEAP                startup_gd32f30x_hd.o
    0x20000680        -       0x00000400   Zero   RW           14    STACK               startup_gd32f30x_hd.o


==============================================================================

Image component sizes


      Code (inc. data)   RO Data    RW Data    ZI Data      Debug   Object Name

       208          0          0          0          0      51012   basicmathfunctions.o
       128          0          0          0          4       3159   delay.o
      2660          8          0          0          0     451782   filteringfunctions.o
       746          0          0          0          0       7845   gd32f30x_dma.o
      1008          0          0          0          0       7898   gd32f30x_gpio.o
        20          0          0          0          0       1085   gd32f30x_it.o
       178          0          0          0          0       3412   gd32f30x_misc.o
       304         20          8          0          0      15686   gd32f30x_rcu.o
      1086         18          0          0          0      20263   gd32f30x_timer.o
       424          0          0          0          0      11922   gd32f30x_usart.o
       990          0          0          0          0       9055   iic_software_gd.o
      1848          0          0        292        240      26485   main.o
       552          0          0          0          0       4945   spi_software_gd.o
        64         26        304          0       2048        896   startup_gd32f30x_hd.o
       260          0          0          0          0      73902   statisticsfunctions.o
       574          0          0          0          0       2718   system_gd32f30x.o
        24          0          0          0          4       3960   systick.o
       206          0          0          0          0       7272   uart_gd.o

    ----------------------------------------------------------------------
     11364         72        346        292       2300     703297   Object Totals
         0          0         32          0          0          0   (incl. Generated)
        84          0          2          0          4          0   (incl. Padding)

    ----------------------------------------------------------------------

      Code (inc. data)   RO Data    RW Data    ZI Data      Debug   Library Member Name

         8          0          0          0          0         68   __main.o
         0          0          0          0          0          0   __rtentry.o
        12          0          0          0          0          0   __rtentry2.o
         6          0          0          0          0          0   __rtentry4.o
        52          8          0          0          0          0   __scatter.o
        26          0          0          0          0          0   __scatter_copy.o
        28          0          0          0          0          0   __scatter_zi.o
        18          0          0          0          0         80   exit.o
         6          0          0          0          0        152   heapauxi.o
         0          0          0          0          0          0   indicate_semi.o
         2          0          0          0          0          0   libinit.o
         6          0          0          0          0          0   libinit2.o
         2          0          0          0          0          0   libshutdown.o
         2          0          0          0          0          0   libshutdown2.o
         8          4          0          0         96         68   libspace.o
         2          0          0          0          0          0   rtexit.o
        10          0          0          0          0          0   rtexit2.o
        12          4          0          0          0         68   sys_exit.o
        74          0          0          0          0         80   sys_stackheap_outer.o
         2          0          0          0          0         68   use_no_semi.o
        26          0          0          0          0        116   fpinit.o

    ----------------------------------------------------------------------
       310         16          0          0         96        700   Library Totals
         8          0          0          0          0          0   (incl. Padding)

    ----------------------------------------------------------------------

      Code (inc. data)   RO Data    RW Data    ZI Data      Debug   Library Name

       276         16          0          0         96        584   c_w.l
        26          0          0          0          0        116   fz_wm.l

    ----------------------------------------------------------------------
       310         16          0          0         96        700   Library Totals

    ----------------------------------------------------------------------

==============================================================================


      Code (inc. data)   RO Data    RW Data    ZI Data      Debug   

     11674         88        346        292       2396     703521   Grand Totals
     11674         88        346        292       2396     703521   ELF Image Totals
     11674         88        346        292          0          0   ROM Totals

==============================================================================

    Total RO  Size (Code + RO Data)                12020 (  11.74kB)
    Total RW  Size (RW Data + ZI Data)              2688 (   2.62kB)
    Total ROM Size (Code + RO Data + RW Data)      12312 (  12.02kB)

==============================================================================

