<html>
<body>
<pre>
<h1>µVision Build Log</h1>
<h2>Tool Versions:</h2>
IDE-Version: ¦ÌVision V5.38.0.0
Copyright (C) 2022 ARM Ltd and ARM Germany GmbH. All rights reserved.
License Information: qian wan, DUT, LIC=MPPLD-8QCBL-QDTKD-842FZ-0XQR4-UCUSS
 
Tool Versions:
Toolchain:       MDK-ARM Plus  Version: 5.38.0.0
Toolchain Path:  D:\Software\KEIL\ARM\ARMCLANG\Bin
C Compiler:      ArmClang.exe V6.19
Assembler:       Armasm.exe V6.19
Linker/Locator:  ArmLink.exe V6.19
Library Manager: ArmAr.exe V6.19
Hex Converter:   FromElf.exe V6.19
CPU DLL:         
Dialog DLL:      
Target DLL:      CMSIS_AGDI_V8M.DLL V1.7.20.0
Dialog DLL:      TCM.DLL V1.56.4.0
 
<h2>Project:</h2>
D:\WorkSpace\GD32\GD32E50x_Firmware_Library_V1.2.3\Examples\USBD\usb_printer\MDK-ARM\usbd_printer.uvprojx
Project File Date:  02/14/2023

<h2>Output:</h2>
*** Using Compiler 'V6.19', folder: 'D:\Software\KEIL\ARM\ARMCLANG\Bin'
Rebuild target 'GD32E503'
compiling gd32e50x_it.c...
compiling gd32e50x_usbd_hw.c...
compiling main.c...
compiling gd32e50x_exti.c...
assembling startup_gd32e50x_hd.s...
compiling gd32e503z_eval.c...
compiling gd32e50x_misc.c...
compiling system_gd32e50x.c...
compiling gd32e50x_pmu.c...
compiling usbd_core.c...
compiling gd32e50x_gpio.c...
compiling usbd_lld_int.c...
compiling usbd_enum.c...
compiling gd32e50x_rcu.c...
compiling usbd_lld_core.c...
compiling gd32e50x_usart.c...
compiling usbd_pwr.c...
compiling usbd_transc.c...
compiling printer_core.c...
linking...
Program Size: Code=10396 RO-data=464 RW-data=748 ZI-data=1228  
FromELF: creating hex file...
".\GD32E503-Output\Printer.axf" - 0 Error(s), 0 Warning(s).

<h2>Software Packages used:</h2>

Package Vendor: ARM
                http://www.keil.com/pack/ARM.CMSIS.5.9.0.pack
                ARM.CMSIS.5.9.0
                CMSIS (Common Microcontroller Software Interface Standard)
   * Component: CORE Version: 5.6.0

Package Vendor: GigaDevice
                https://gd32mcu.com/data/documents/pack/GigaDevice.GD32E50x_DFP.1.3.2.pack
                GigaDevice.GD32E50x_DFP.1.3.2
                GigaDevice GD32E50x Series Device Support and Examples

<h2>Collection of Component include folders:</h2>
  ./RTE/_GD32E503
  D:/Software/KEIL/ARM/CMSIS/5.9.0/CMSIS/Core/Include
  D:/Software/KEIL/GigaDevice/GD32E50x_DFP/1.3.2/Device/Include

<h2>Collection of Component Files used:</h2>

   * Component: ARM::CMSIS:CORE:5.6.0
Build Time Elapsed:  00:00:01
</pre>
</body>
</html>
