<html>
<body>
<pre>
<h1>礦ision Build Log</h1>
<h2>Tool Versions:</h2>
IDE-Version: μVision V5.38.0.0
Copyright (C) 2022 ARM Ltd and ARM Germany GmbH. All rights reserved.
License Information: qian wan, DUT, LIC=MPPLD-8QCBL-QDTKD-842FZ-0XQR4-UCUSS
 
Tool Versions:
Toolchain:       MDK-ARM Plus  Version: 5.38.0.0
Toolchain Path:  D:\Software\KEIL\ARM\ARMCLANG\Bin
C Compiler:      ArmClang.exe V6.19
Assembler:       Armasm.exe V6.19
Linker/Locator:  ArmLink.exe V6.19
Library Manager: ArmAr.exe V6.19
Hex Converter:   FromElf.exe V6.19
CPU DLL:         
Dialog DLL:      
Target DLL:      UL2V8M.DLL V1.7.10.0
Dialog DLL:      TCM.DLL V1.56.4.0
 
<h2>Project:</h2>
D:\WorkSpace\GD32\GD32E230_W25Q32_FLM-master\GD32E230_W25QXX.uvprojx
Project File Date:  02/09/2023

<h2>Output:</h2>
*** Using Compiler 'V6.19', folder: 'D:\Software\KEIL\ARM\ARMCLANG\Bin'
Build target 'Cortex-M23'
compiling system_gd32e23x.c...
compiling FlashDev.c...
compiling gd32e23x_spi.c...
compiling gd32e23x_rcu.c...
compiling gd32e23x_gpio.c...
compiling bsp_spi.c...
compiling gd32e23x_usart.c...
compiling FlashPrg.c...
compiling spi_flash.c...
compiling bsp_uart.c...
linking...
Program Size: Code=3112 RO-data=4264 RW-data=4 ZI-data=0  
After Build - User command #1: cmd.exe /C copy "Objects\GD32E230_W25QXX.axf" ".\GD32E230_W25QXX.FLM"
已复制         1 个文件。
After Build - User command #2: .\Copy_FLM.bat
D:\WorkSpace\GD32\GD32E230_W25Q32_FLM-master>set BAT_DIR=D:\WorkSpace\GD32\GD32E230_W25Q32_FLM-master\ 
D:\WorkSpace\GD32\GD32E230_W25Q32_FLM-master>k鐨勫畨瑁呰矾寰?set JLINK_DIR="C:\Program Files (x86)\SEGGER\JLink" 
'k鐨勫畨瑁呰矾寰?set' 不是内部或外部命令，也不是可运行的程序
或批处理文件。
D:\WorkSpace\GD32\GD32E230_W25Q32_FLM-master>set SOFT_ROOT_DIR=D:\WorkSpace\GD32\GD32E230_W25Q32_FLM-master\ 
D:\WorkSpace\GD32\GD32E230_W25Q32_FLM-master>echo "Start Copy FLM..." 
"Start Copy FLM..."
D:\WorkSpace\GD32\GD32E230_W25Q32_FLM-master>copy /y "D:\WorkSpace\GD32\GD32E230_W25Q32_FLM-master\\GD32E230_W25QXX.FLM" "\ARM\Flash\" 
系统找不到指定的路径。
已复制         0 个文件。
D:\WorkSpace\GD32\GD32E230_W25Q32_FLM-master>copy /y "D:\WorkSpace\GD32\GD32E230_W25Q32_FLM-master\\GD32E230_W25QXX.FLM" \Devices\ 
系统找不到指定的路径。
已复制         0 个文件。
D:\WorkSpace\GD32\GD32E230_W25Q32_FLM-master>echo "Copy done!" 
"Copy done!"
D:\WorkSpace\GD32\GD32E230_W25Q32_FLM-master>pause
请按任意键继续. . . 
".\Objects\GD32E230_W25QXX.axf" - 0 Error(s), 0 Warning(s).

<h2>Software Packages used:</h2>

<h2>Collection of Component include folders:</h2>

<h2>Collection of Component Files used:</h2>
Build Time Elapsed:  00:08:42
</pre>
</body>
</html>
